******************************************************************************
             TMS320C2000 Linker PC v20.2.1                     
******************************************************************************
>> Linked Wed Dec  2 22:55:13 2020

OUTPUT FILE NAME:   <CLdianliu.out>
ENTRY POINT SYMBOL: "_c_int00"  address: 0008355b


MEMORY CONFIGURATION

         name            origin    length      used     unused   attr    fill
----------------------  --------  ---------  --------  --------  ----  --------
PAGE 0:
  RAMM0                 00000122   000002de  00000000  000002de  RWIX
  RAMLS0                00008000   00000d00  00000919  000003e7  RWIX
  RAMLS1                00008d00   00000300  00000000  00000300  RWIX
  RAMLS2                00009000   00000800  000006a0  00000160  RWIX
  RAMLS3                00009800   00000800  00000000  00000800  RWIX
  RAMLS4                0000a000   00000800  00000000  00000800  RWIX
  RAMD0                 0000b000   00000800  00000000  00000800  RWIX
  RAMGS14               0001a000   00001000  00000000  00001000  RWIX
  RAMGS15               0001b000   00001000  00000000  00001000  RWIX
  BEGIN                 00080000   00000002  00000002  00000000  RWIX
  FLASHA                00080002   00001ffe  00000000  00001ffe  RWIX
  FLASHB                00082000   00002000  000018b2  0000074e  RWIX
  FLASHC                00084000   00002000  00000000  00002000  RWIX
  FLASHD                00086000   00002000  00000919  000016e7  RWIX
  FLASHE                00088000   00008000  00000000  00008000  RWIX
  FLASHF                00090000   00008000  000001c9  00007e37  RWIX
  FLASHG                00098000   00008000  00000000  00008000  RWIX
  FLASHH                000a0000   00008000  00000000  00008000  RWIX
  FLASHI                000a8000   00008000  00000000  00008000  RWIX
  FLASHJ                000b0000   00008000  00000000  00008000  RWIX
  FLASHK                000b8000   00002000  00000000  00002000  RWIX
  FLASHL                000ba000   00002000  00000000  00002000  RWIX
  FLASHM                000bc000   00002000  00000000  00002000  RWIX
  FLASHN                000be000   00002000  00000000  00002000  RWIX
  RESET                 003fffc0   00000002  00000000  00000002  RWIX

PAGE 1:
  BOOT_RSVD             00000002   00000120  00000041  000000df  RWIX
  RAMM1                 00000400   00000400  00000200  00000200  RWIX
  ADCA_RESULT           00000b00   00000020  00000018  00000008  RWIX
  ADCB_RESULT           00000b20   00000020  00000018  00000008  RWIX
  ADCC_RESULT           00000b40   00000020  00000018  00000008  RWIX
  ADCD_RESULT           00000b60   00000020  00000018  00000008  RWIX
  CPU_TIMER0            00000c00   00000008  00000008  00000000  RWIX
  CPU_TIMER1            00000c08   00000008  00000008  00000000  RWIX
  CPU_TIMER2            00000c10   00000008  00000008  00000000  RWIX
  PIE_CTRL              00000ce0   00000020  0000001a  00000006  RWIX
  PIE_VECT              00000d00   00000200  000001c0  00000040  RWIX
  DMA                   00001000   00000200  000000e0  00000120  RWIX
  CLA1                  00001400   00000040  0000003e  00000002  RWIX
  EPWM1                 00004000   00000100  00000100  00000000  RWIX
  EPWM2                 00004100   00000100  00000100  00000000  RWIX
  EPWM3                 00004200   00000100  00000100  00000000  RWIX
  EPWM4                 00004300   00000100  00000100  00000000  RWIX
  EPWM5                 00004400   00000100  00000100  00000000  RWIX
  EPWM6                 00004500   00000100  00000100  00000000  RWIX
  EPWM7                 00004600   00000100  00000100  00000000  RWIX
  EPWM8                 00004700   00000100  00000100  00000000  RWIX
  EPWM9                 00004800   00000100  00000100  00000000  RWIX
  EPWM10                00004900   00000100  00000100  00000000  RWIX
  EPWM11                00004a00   00000100  00000100  00000000  RWIX
  EPWM12                00004b00   00000100  00000100  00000000  RWIX
  ECAP1                 00005000   00000020  00000020  00000000  RWIX
  ECAP2                 00005020   00000020  00000020  00000000  RWIX
  ECAP3                 00005040   00000020  00000020  00000000  RWIX
  ECAP4                 00005060   00000020  00000020  00000000  RWIX
  ECAP5                 00005080   00000020  00000020  00000000  RWIX
  ECAP6                 000050a0   00000020  00000020  00000000  RWIX
  EQEP1                 00005100   00000040  00000022  0000001e  RWIX
  EQEP2                 00005140   00000040  00000022  0000001e  RWIX
  EQEP3                 00005180   00000040  00000022  0000001e  RWIX
  DACA                  00005c00   00000010  00000008  00000008  RWIX
  DACB                  00005c10   00000010  00000008  00000008  RWIX
  DACC                  00005c20   00000010  00000008  00000008  RWIX
  CMPSS1                00005c80   00000020  00000020  00000000  RWIX
  CMPSS2                00005ca0   00000020  00000020  00000000  RWIX
  CMPSS3                00005cc0   00000020  00000020  00000000  RWIX
  CMPSS4                00005ce0   00000020  00000020  00000000  RWIX
  CMPSS5                00005d00   00000020  00000020  00000000  RWIX
  CMPSS6                00005d20   00000020  00000020  00000000  RWIX
  CMPSS7                00005d40   00000020  00000020  00000000  RWIX
  CMPSS8                00005d60   00000020  00000020  00000000  RWIX
  SDFM1                 00005e00   00000080  00000080  00000000  RWIX
  SDFM2                 00005e80   00000080  00000080  00000000  RWIX
  MCBSPA                00006000   00000040  00000024  0000001c  RWIX
  MCBSPB                00006040   00000040  00000024  0000001c  RWIX
  SPIA                  00006100   00000010  00000010  00000000  RWIX
  SPIB                  00006110   00000010  00000010  00000000  RWIX
  SPIC                  00006120   00000010  00000010  00000000  RWIX
  SPID                  00006130   00000010  00000000  00000010  RWIX
  UPP                   00006200   00000100  00000048  000000b8  RWIX
  WD                    00007000   00000040  0000002b  00000015  RWIX
  NMIINTRUPT            00007060   00000010  00000007  00000009  RWIX
  XINT                  00007070   00000010  0000000b  00000005  RWIX
  SCIA                  00007200   00000010  00000010  00000000  RWIX
  SCIB                  00007210   00000010  00000010  00000000  RWIX
  SCIC                  00007220   00000010  00000010  00000000  RWIX
  SCID                  00007230   00000010  00000010  00000000  RWIX
  I2CA                  00007300   00000040  00000022  0000001e  RWIX
  I2CB                  00007340   00000040  00000022  0000001e  RWIX
  ADCA                  00007400   00000080  00000080  00000000  RWIX
  ADCB                  00007480   00000080  00000080  00000000  RWIX
  ADCC                  00007500   00000080  00000080  00000000  RWIX
  ADCD                  00007580   00000080  00000080  00000000  RWIX
  INPUT_XBAR            00007900   00000020  00000020  00000000  RWIX
  XBAR                  00007920   00000020  00000020  00000000  RWIX
  SYNC_SOC              00007940   00000010  00000006  0000000a  RWIX
  DMACLASRCSEL          00007980   00000040  0000001a  00000026  RWIX
  EPWM_XBAR             00007a00   00000040  00000040  00000000  RWIX
  CLB_XBAR              00007a40   00000040  00000000  00000040  RWIX
  OUTPUT_XBAR           00007a80   00000040  00000040  00000000  RWIX
  GPIOCTRL              00007c00   00000180  00000180  00000000  RWIX
  GPIODAT               00007f00   00000030  00000030  00000000  RWIX
  RAMLS5                0000a800   00000800  00000141  000006bf  RWIX
  RAMD1                 0000b800   00000800  00000000  00000800  RWIX
  RAMGS0                0000c000   00001000  00000000  00001000  RWIX
  RAMGS1                0000d000   00001000  00000000  00001000  RWIX
  RAMGS2                0000e000   00001000  00000000  00001000  RWIX
  RAMGS3                0000f000   00001000  00000000  00001000  RWIX
  RAMGS4                00010000   00001000  00000000  00001000  RWIX
  RAMGS5                00011000   00001000  00000000  00001000  RWIX
  RAMGS6                00012000   00001000  00000000  00001000  RWIX
  RAMGS7                00013000   00001000  00000000  00001000  RWIX
  RAMGS8                00014000   00001000  00000000  00001000  RWIX
  RAMGS9                00015000   00001000  00000000  00001000  RWIX
  RAMGS10               00016000   00001000  00000000  00001000  RWIX
  RAMGS11               00017000   00001000  00000000  00001000  RWIX
  RAMGS12               00018000   00001000  00000000  00001000  RWIX
  RAMGS13               00019000   00001000  00000000  00001000  RWIX
  CPU2TOCPU1RAM         0003f800   00000400  00000000  00000400  RWIX
  CPU1TOCPU2RAM         0003fc00   00000400  00000000  00000400  RWIX
  EMIF1                 00047000   00000800  00000070  00000790  RWIX
  EMIF2                 00047800   00000800  00000070  00000790  RWIX
  CANA                  00048000   00000800  00000164  0000069c  RWIX
  CANB                  0004a000   00000800  00000164  0000069c  RWIX
  IPC                   00050000   00000024  00000024  00000000  RWIX
  FLASHPUMPSEMAPHORE    00050024   00000002  00000002  00000000  RWIX
  DEV_CFG               0005d000   00000180  0000012e  00000052  RWIX
  ANALOG_SUBSYS         0005d180   00000080  00000048  00000038  RWIX
  CLK_CFG               0005d200   00000100  00000032  000000ce  RWIX
  CPU_SYS               0005d300   00000100  00000082  0000007e  RWIX
  ROMPREFETCH           0005e608   00000002  00000002  00000000  RWIX
  DCSM_Z1               0005f000   00000030  00000024  0000000c  RWIX
  DCSM_Z2               0005f040   00000030  00000024  0000000c  RWIX
  DCSM_COMMON           0005f070   00000010  00000008  00000008  RWIX
  MEMCFG                0005f400   00000080  00000080  00000000  RWIX
  EMIF1CONFIG           0005f480   00000020  00000020  00000000  RWIX
  EMIF2CONFIG           0005f4a0   00000020  00000020  00000000  RWIX
  ACCESSPROTECTION      0005f4c0   00000040  00000040  00000000  RWIX
  MEMORYERROR           0005f500   00000040  00000040  00000000  RWIX
  ROMWAITSTATE          0005f540   00000002  00000002  00000000  RWIX
  FLASH0_CTRL           0005f800   00000300  00000182  0000017e  RWIX
  FLASH0_ECC            0005fb00   00000040  00000028  00000018  RWIX


SECTION ALLOCATION MAP

 output                                  attributes/
section   page    origin      length       input sections
--------  ----  ----------  ----------   ----------------
codestart 
*          0    00080000    00000002     
                  00080000    00000002     F2837xD_CodeStartBranch.obj (codestart)

.cinit     0    00082000    00000191     
                  00082000    00000159     CLdianliu.obj (.cinit)
                  00082159    0000000e     rts2800_fpu32.lib : exit.c.obj (.cinit)
                  00082167    00000007     CLdianliu.obj (.cinit:_AngleStore)
                  0008216e    00000007     CLdianliu.obj (.cinit:_OmegaStore)
                  00082175    00000007     CLdianliu.obj (.cinit:_ucTXMsgData)
                  0008217c    00000005     rts2800_fpu32.lib : _lock.c.obj (.cinit:__lock)
                  00082181    00000005                       : _lock.c.obj (.cinit:__unlock)
                  00082186    00000005     CLdianliu.obj (.cinit:_ucRXMsgData)
                  0008218b    00000004     F2837xD_sci_io.obj (.cinit)
                  0008218f    00000002     --HOLE-- [fill = 0]

.stack     1    00000400    00000200     UNINITIALIZED
                  00000400    00000200     --HOLE--

.reset     0    003fffc0    00000002     DSECT
                  003fffc0    00000002     rts2800_fpu32.lib : boot28.asm.obj (.reset)

.pinit     0    00082000    00000000     UNINITIALIZED

.TI.ramfunc 
*          0    00086000    00000919     RUN ADDR = 00008000
                  00086000    000002e0     CLdianliu.obj (.TI.ramfunc)
                  000862e0    00000210     CLdianliu.obj (.TI.ramfunc:retain)
                  000864f0    0000019e     svgen_dq.obj (.TI.ramfunc)
                  0008668e    000000ba     pid_reg3.obj (.TI.ramfunc)
                  00086748    0000009e     ipark.obj (.TI.ramfunc)
                  000867e6    0000008a     rampgen.obj (.TI.ramfunc)
                  00086870    00000037     F2837xD_SysCtrl.obj (.TI.ramfunc)
                  000868a7    0000002e     clarke.obj (.TI.ramfunc)
                  000868d5    0000002d     park.obj (.TI.ramfunc)
                  00086902    00000013     Angle.obj (.TI.ramfunc)
                  00086915    00000004     F2837xD_usDelay.obj (.TI.ramfunc)

GETBUFFER 
*          0    0003f800    00000000     DSECT

GETWRITEIDX 
*          0    0003f800    00000000     DSECT

PUTREADIDX 
*          0    0003f800    00000000     DSECT

FPUmathTables 
*          0    00009000    000006a0     
                  00009000    000006a0     FPUmathTables.obj (FPUmathTables)

.text      0    00082198    00001721     
                  00082198    00000585     F2837xD_DefaultISR.obj (.text:retain)
                  0008271d    00000499     CLdianliu.obj (.text)
                  00082bb6    00000347     F2837xD_SysCtrl.obj (.text)
                  00082efd    0000031c     F2837xD_Emif.obj (.text)
                  00083219    00000244     F2837xD_Gpio.obj (.text)
                  0008345d    000000fe     F2837xD_EPwm.obj (.text)
                  0008355b    00000056     rts2800_fpu32.lib : boot28.asm.obj (.text)
                  000835b1    0000004f     atan2_f32.obj (.text)
                  00083600    0000004c     F2837xD_can.obj (.text)
                  0008364c    0000004a     atan_f32.obj (.text)
                  00083696    00000043     sincos_f32.obj (.text)
                  000836d9    00000034     cos_f32.obj (.text)
                  0008370d    00000034     sin_f32.obj (.text)
                  00083741    00000032     memcpy.obj (.text)
                  00083773    00000029     rts2800_fpu32.lib : exit.c.obj (.text)
                  0008379c    00000028     F2837xD_PieCtrl.obj (.text)
                  000837c4    00000026     F2837xD_PieVect.obj (.text)
                  000837ea    00000024     rts2800_fpu32.lib : cpy_tbl.c.obj (.text)
                  0008380e    00000021     sqrt_f32.obj (.text)
                  0008382f    0000001c     isqrt_f32.obj (.text)
                  0008384b    00000019     div_f32.obj (.text)
                  00083864    00000018     rts2800_fpu32.lib : ll_aox28.asm.obj (.text)
                  0008387c    00000016     Angle.obj (.text)
                  00083892    00000012     rts2800_fpu32.lib : args_main.c.obj (.text)
                  000838a4    00000009     ipark.obj (.text)
                  000838ad    00000009     rts2800_fpu32.lib : _lock.c.obj (.text)
                  000838b6    00000002                       : pre_init.c.obj (.text)
                  000838b8    00000001                       : startup.c.obj (.text)

.econst    0    00090000    000001c9     
                  00090000    000001c0     F2837xD_PieVect.obj (.econst:_PieVectTableInit)
                  000901c0    00000009     CLdianliu.obj (.econst:_canBitValues)

DcsmZ1OtpFile 
*          1    00000002    00000020     UNINITIALIZED
                  00000002    00000020     F2837xD_GlobalVariableDefs.obj (DcsmZ1OtpFile)

AdcaResultFile 
*          1    00000b00    00000018     UNINITIALIZED
                  00000b00    00000018     F2837xD_GlobalVariableDefs.obj (AdcaResultFile)

AdcbResultFile 
*          1    00000b20    00000018     UNINITIALIZED
                  00000b20    00000018     F2837xD_GlobalVariableDefs.obj (AdcbResultFile)

AdccResultFile 
*          1    00000b40    00000018     UNINITIALIZED
                  00000b40    00000018     F2837xD_GlobalVariableDefs.obj (AdccResultFile)

AdcdResultFile 
*          1    00000b60    00000018     UNINITIALIZED
                  00000b60    00000018     F2837xD_GlobalVariableDefs.obj (AdcdResultFile)

CpuTimer0RegsFile 
*          1    00000c00    00000008     UNINITIALIZED
                  00000c00    00000008     F2837xD_GlobalVariableDefs.obj (CpuTimer0RegsFile)

CpuTimer1RegsFile 
*          1    00000c08    00000008     UNINITIALIZED
                  00000c08    00000008     F2837xD_GlobalVariableDefs.obj (CpuTimer1RegsFile)

CpuTimer2RegsFile 
*          1    00000c10    00000008     UNINITIALIZED
                  00000c10    00000008     F2837xD_GlobalVariableDefs.obj (CpuTimer2RegsFile)

PieCtrlRegsFile 
*          1    00000ce0    0000001a     UNINITIALIZED
                  00000ce0    0000001a     F2837xD_GlobalVariableDefs.obj (PieCtrlRegsFile)

PieVectTableFile 
*          1    00000d00    000001c0     UNINITIALIZED
                  00000d00    000001c0     F2837xD_GlobalVariableDefs.obj (PieVectTableFile)

EmuBModeVar 
*          1    00000d00    00000001     UNINITIALIZED
                  00000d00    00000001     F2837xD_GlobalVariableDefs.obj (EmuBModeVar)

EmuBootPinsVar 
*          1    00000d01    00000000     UNINITIALIZED

DmaRegsFile 
*          1    00001000    000000e0     UNINITIALIZED
                  00001000    000000e0     F2837xD_GlobalVariableDefs.obj (DmaRegsFile)

Cla1RegsFile 
*          1    00001400    0000003e     UNINITIALIZED
                  00001400    0000003e     F2837xD_GlobalVariableDefs.obj (Cla1RegsFile)

EPwm1RegsFile 
*          1    00004000    00000100     UNINITIALIZED
                  00004000    00000100     F2837xD_GlobalVariableDefs.obj (EPwm1RegsFile)

EPwm2RegsFile 
*          1    00004100    00000100     UNINITIALIZED
                  00004100    00000100     F2837xD_GlobalVariableDefs.obj (EPwm2RegsFile)

EPwm3RegsFile 
*          1    00004200    00000100     UNINITIALIZED
                  00004200    00000100     F2837xD_GlobalVariableDefs.obj (EPwm3RegsFile)

EPwm4RegsFile 
*          1    00004300    00000100     UNINITIALIZED
                  00004300    00000100     F2837xD_GlobalVariableDefs.obj (EPwm4RegsFile)

EPwm5RegsFile 
*          1    00004400    00000100     UNINITIALIZED
                  00004400    00000100     F2837xD_GlobalVariableDefs.obj (EPwm5RegsFile)

EPwm6RegsFile 
*          1    00004500    00000100     UNINITIALIZED
                  00004500    00000100     F2837xD_GlobalVariableDefs.obj (EPwm6RegsFile)

EPwm7RegsFile 
*          1    00004600    00000100     UNINITIALIZED
                  00004600    00000100     F2837xD_GlobalVariableDefs.obj (EPwm7RegsFile)

EPwm8RegsFile 
*          1    00004700    00000100     UNINITIALIZED
                  00004700    00000100     F2837xD_GlobalVariableDefs.obj (EPwm8RegsFile)

EPwm9RegsFile 
*          1    00004800    00000100     UNINITIALIZED
                  00004800    00000100     F2837xD_GlobalVariableDefs.obj (EPwm9RegsFile)

EPwm10RegsFile 
*          1    00004900    00000100     UNINITIALIZED
                  00004900    00000100     F2837xD_GlobalVariableDefs.obj (EPwm10RegsFile)

EPwm11RegsFile 
*          1    00004a00    00000100     UNINITIALIZED
                  00004a00    00000100     F2837xD_GlobalVariableDefs.obj (EPwm11RegsFile)

EPwm12RegsFile 
*          1    00004b00    00000100     UNINITIALIZED
                  00004b00    00000100     F2837xD_GlobalVariableDefs.obj (EPwm12RegsFile)

ECap1RegsFile 
*          1    00005000    00000020     UNINITIALIZED
                  00005000    00000020     F2837xD_GlobalVariableDefs.obj (ECap1RegsFile)

ECap2RegsFile 
*          1    00005020    00000020     UNINITIALIZED
                  00005020    00000020     F2837xD_GlobalVariableDefs.obj (ECap2RegsFile)

ECap3RegsFile 
*          1    00005040    00000020     UNINITIALIZED
                  00005040    00000020     F2837xD_GlobalVariableDefs.obj (ECap3RegsFile)

ECap4RegsFile 
*          1    00005060    00000020     UNINITIALIZED
                  00005060    00000020     F2837xD_GlobalVariableDefs.obj (ECap4RegsFile)

ECap5RegsFile 
*          1    00005080    00000020     UNINITIALIZED
                  00005080    00000020     F2837xD_GlobalVariableDefs.obj (ECap5RegsFile)

ECap6RegsFile 
*          1    000050a0    00000020     UNINITIALIZED
                  000050a0    00000020     F2837xD_GlobalVariableDefs.obj (ECap6RegsFile)

EQep1RegsFile 
*          1    00005100    00000022     UNINITIALIZED
                  00005100    00000022     F2837xD_GlobalVariableDefs.obj (EQep1RegsFile)

EQep2RegsFile 
*          1    00005140    00000022     UNINITIALIZED
                  00005140    00000022     F2837xD_GlobalVariableDefs.obj (EQep2RegsFile)

EQep3RegsFile 
*          1    00005180    00000022     UNINITIALIZED
                  00005180    00000022     F2837xD_GlobalVariableDefs.obj (EQep3RegsFile)

DacaRegsFile 
*          1    00005c00    00000008     UNINITIALIZED
                  00005c00    00000008     F2837xD_GlobalVariableDefs.obj (DacaRegsFile)

DacbRegsFile 
*          1    00005c10    00000008     UNINITIALIZED
                  00005c10    00000008     F2837xD_GlobalVariableDefs.obj (DacbRegsFile)

DaccRegsFile 
*          1    00005c20    00000008     UNINITIALIZED
                  00005c20    00000008     F2837xD_GlobalVariableDefs.obj (DaccRegsFile)

I2caRegsFile 
*          1    00007300    00000022     UNINITIALIZED
                  00007300    00000022     F2837xD_GlobalVariableDefs.obj (I2caRegsFile)

I2cbRegsFile 
*          1    00007340    00000022     UNINITIALIZED
                  00007340    00000022     F2837xD_GlobalVariableDefs.obj (I2cbRegsFile)

AdcaRegsFile 
*          1    00007400    00000080     UNINITIALIZED
                  00007400    00000080     F2837xD_GlobalVariableDefs.obj (AdcaRegsFile)

AdcbRegsFile 
*          1    00007480    00000080     UNINITIALIZED
                  00007480    00000080     F2837xD_GlobalVariableDefs.obj (AdcbRegsFile)

AdccRegsFile 
*          1    00007500    00000080     UNINITIALIZED
                  00007500    00000080     F2837xD_GlobalVariableDefs.obj (AdccRegsFile)

AdcdRegsFile 
*          1    00007580    00000080     UNINITIALIZED
                  00007580    00000080     F2837xD_GlobalVariableDefs.obj (AdcdRegsFile)

CanaRegsFile 
*          1    00048000    00000164     UNINITIALIZED
                  00048000    00000164     F2837xD_GlobalVariableDefs.obj (CanaRegsFile)

CanbRegsFile 
*          1    0004a000    00000164     UNINITIALIZED
                  0004a000    00000164     F2837xD_GlobalVariableDefs.obj (CanbRegsFile)

AnalogSubsysRegsFile 
*          1    0005d180    00000048     UNINITIALIZED
                  0005d180    00000048     F2837xD_GlobalVariableDefs.obj (AnalogSubsysRegsFile)

Cla1SoftIntRegsFile 
*          1    00000ce0    00000004     DSECT
                  00000ce0    00000004     F2837xD_GlobalVariableDefs.obj (Cla1SoftIntRegsFile)

Cmpss1RegsFile 
*          1    00005c80    00000020     UNINITIALIZED
                  00005c80    00000020     F2837xD_GlobalVariableDefs.obj (Cmpss1RegsFile)

Cmpss2RegsFile 
*          1    00005ca0    00000020     UNINITIALIZED
                  00005ca0    00000020     F2837xD_GlobalVariableDefs.obj (Cmpss2RegsFile)

Cmpss3RegsFile 
*          1    00005cc0    00000020     UNINITIALIZED
                  00005cc0    00000020     F2837xD_GlobalVariableDefs.obj (Cmpss3RegsFile)

Cmpss4RegsFile 
*          1    00005ce0    00000020     UNINITIALIZED
                  00005ce0    00000020     F2837xD_GlobalVariableDefs.obj (Cmpss4RegsFile)

Cmpss5RegsFile 
*          1    00005d00    00000020     UNINITIALIZED
                  00005d00    00000020     F2837xD_GlobalVariableDefs.obj (Cmpss5RegsFile)

Cmpss6RegsFile 
*          1    00005d20    00000020     UNINITIALIZED
                  00005d20    00000020     F2837xD_GlobalVariableDefs.obj (Cmpss6RegsFile)

Cmpss7RegsFile 
*          1    00005d40    00000020     UNINITIALIZED
                  00005d40    00000020     F2837xD_GlobalVariableDefs.obj (Cmpss7RegsFile)

Cmpss8RegsFile 
*          1    00005d60    00000020     UNINITIALIZED
                  00005d60    00000020     F2837xD_GlobalVariableDefs.obj (Cmpss8RegsFile)

Sdfm1RegsFile 
*          1    00005e00    00000080     UNINITIALIZED
                  00005e00    00000080     F2837xD_GlobalVariableDefs.obj (Sdfm1RegsFile)

Sdfm2RegsFile 
*          1    00005e80    00000080     UNINITIALIZED
                  00005e80    00000080     F2837xD_GlobalVariableDefs.obj (Sdfm2RegsFile)

McbspaRegsFile 
*          1    00006000    00000024     UNINITIALIZED
                  00006000    00000024     F2837xD_GlobalVariableDefs.obj (McbspaRegsFile)

McbspbRegsFile 
*          1    00006040    00000024     UNINITIALIZED
                  00006040    00000024     F2837xD_GlobalVariableDefs.obj (McbspbRegsFile)

SpiaRegsFile 
*          1    00006100    00000010     UNINITIALIZED
                  00006100    00000010     F2837xD_GlobalVariableDefs.obj (SpiaRegsFile)

SpibRegsFile 
*          1    00006110    00000010     UNINITIALIZED
                  00006110    00000010     F2837xD_GlobalVariableDefs.obj (SpibRegsFile)

SpicRegsFile 
*          1    00006120    00000010     UNINITIALIZED
                  00006120    00000010     F2837xD_GlobalVariableDefs.obj (SpicRegsFile)

UppRegsFile 
*          1    00006200    00000048     UNINITIALIZED
                  00006200    00000048     F2837xD_GlobalVariableDefs.obj (UppRegsFile)

WdRegsFile 
*          1    00007000    0000002b     UNINITIALIZED
                  00007000    0000002b     F2837xD_GlobalVariableDefs.obj (WdRegsFile)

NmiIntruptRegsFile 
*          1    00007060    00000007     UNINITIALIZED
                  00007060    00000007     F2837xD_GlobalVariableDefs.obj (NmiIntruptRegsFile)

XintRegsFile 
*          1    00007070    0000000b     UNINITIALIZED
                  00007070    0000000b     F2837xD_GlobalVariableDefs.obj (XintRegsFile)

SciaRegsFile 
*          1    00007200    00000010     UNINITIALIZED
                  00007200    00000010     F2837xD_GlobalVariableDefs.obj (SciaRegsFile)

ScibRegsFile 
*          1    00007210    00000010     UNINITIALIZED
                  00007210    00000010     F2837xD_GlobalVariableDefs.obj (ScibRegsFile)

ScicRegsFile 
*          1    00007220    00000010     UNINITIALIZED
                  00007220    00000010     F2837xD_GlobalVariableDefs.obj (ScicRegsFile)

ScidRegsFile 
*          1    00007230    00000010     UNINITIALIZED
                  00007230    00000010     F2837xD_GlobalVariableDefs.obj (ScidRegsFile)

InputXbarRegsFile 
*          1    00007900    00000020     UNINITIALIZED
                  00007900    00000020     F2837xD_GlobalVariableDefs.obj (InputXbarRegsFile)

XbarRegsFile 
*          1    00007920    00000020     UNINITIALIZED
                  00007920    00000020     F2837xD_GlobalVariableDefs.obj (XbarRegsFile)

SyncSocRegsFile 
*          1    00007940    00000006     UNINITIALIZED
                  00007940    00000006     F2837xD_GlobalVariableDefs.obj (SyncSocRegsFile)

DmaClaSrcSelRegsFile 
*          1    00007980    0000001a     UNINITIALIZED
                  00007980    0000001a     F2837xD_GlobalVariableDefs.obj (DmaClaSrcSelRegsFile)

EPwmXbarRegsFile 
*          1    00007a00    00000040     UNINITIALIZED
                  00007a00    00000040     F2837xD_GlobalVariableDefs.obj (EPwmXbarRegsFile)

OutputXbarRegsFile 
*          1    00007a80    00000040     UNINITIALIZED
                  00007a80    00000040     F2837xD_GlobalVariableDefs.obj (OutputXbarRegsFile)

GpioCtrlRegsFile 
*          1    00007c00    00000180     UNINITIALIZED
                  00007c00    00000180     F2837xD_GlobalVariableDefs.obj (GpioCtrlRegsFile)

GpioDataRegsFile 
*          1    00007f00    00000030     UNINITIALIZED
                  00007f00    00000030     F2837xD_GlobalVariableDefs.obj (GpioDataRegsFile)

Emif1RegsFile 
*          1    00047000    00000070     UNINITIALIZED
                  00047000    00000070     F2837xD_GlobalVariableDefs.obj (Emif1RegsFile)

Emif2RegsFile 
*          1    00047800    00000070     UNINITIALIZED
                  00047800    00000070     F2837xD_GlobalVariableDefs.obj (Emif2RegsFile)

IpcRegsFile 
*          1    00050000    00000024     UNINITIALIZED
                  00050000    00000024     F2837xD_GlobalVariableDefs.obj (IpcRegsFile)

FlashPumpSemaphoreRegsFile 
*          1    00050024    00000002     UNINITIALIZED
                  00050024    00000002     F2837xD_GlobalVariableDefs.obj (FlashPumpSemaphoreRegsFile)

RomPrefetchRegsFile 
*          1    0005e608    00000002     UNINITIALIZED
                  0005e608    00000002     F2837xD_GlobalVariableDefs.obj (RomPrefetchRegsFile)

DcsmZ1RegsFile 
*          1    0005f000    00000024     UNINITIALIZED
                  0005f000    00000024     F2837xD_GlobalVariableDefs.obj (DcsmZ1RegsFile)

DcsmZ2RegsFile 
*          1    0005f040    00000024     UNINITIALIZED
                  0005f040    00000024     F2837xD_GlobalVariableDefs.obj (DcsmZ2RegsFile)

DcsmCommonRegsFile 
*          1    0005f070    00000008     UNINITIALIZED
                  0005f070    00000008     F2837xD_GlobalVariableDefs.obj (DcsmCommonRegsFile)

MemCfgRegsFile 
*          1    0005f400    00000080     UNINITIALIZED
                  0005f400    00000080     F2837xD_GlobalVariableDefs.obj (MemCfgRegsFile)

Emif1ConfigRegsFile 
*          1    0005f480    00000020     UNINITIALIZED
                  0005f480    00000020     F2837xD_GlobalVariableDefs.obj (Emif1ConfigRegsFile)

Emif2ConfigRegsFile 
*          1    0005f4a0    00000020     UNINITIALIZED
                  0005f4a0    00000020     F2837xD_GlobalVariableDefs.obj (Emif2ConfigRegsFile)

AccessProtectionRegsFile 
*          1    0005f4c0    00000040     UNINITIALIZED
                  0005f4c0    00000040     F2837xD_GlobalVariableDefs.obj (AccessProtectionRegsFile)

MemoryErrorRegsFile 
*          1    0005f500    00000040     UNINITIALIZED
                  0005f500    00000040     F2837xD_GlobalVariableDefs.obj (MemoryErrorRegsFile)

RomWaitStateRegsFile 
*          1    0005f540    00000002     UNINITIALIZED
                  0005f540    00000002     F2837xD_GlobalVariableDefs.obj (RomWaitStateRegsFile)

Flash0CtrlRegsFile 
*          1    0005f800    00000182     UNINITIALIZED
                  0005f800    00000182     F2837xD_GlobalVariableDefs.obj (Flash0CtrlRegsFile)

Flash0EccRegsFile 
*          1    0005fb00    00000028     UNINITIALIZED
                  0005fb00    00000028     F2837xD_GlobalVariableDefs.obj (Flash0EccRegsFile)

DevCfgRegsFile 
*          1    0005d000    0000012e     UNINITIALIZED
                  0005d000    0000012e     F2837xD_GlobalVariableDefs.obj (DevCfgRegsFile)

ClkCfgRegsFile 
*          1    0005d200    00000032     UNINITIALIZED
                  0005d200    00000032     F2837xD_GlobalVariableDefs.obj (ClkCfgRegsFile)

CpuSysRegsFile 
*          1    0005d300    00000082     UNINITIALIZED
                  0005d300    00000082     F2837xD_GlobalVariableDefs.obj (CpuSysRegsFile)

EmuKeyVar 
*          1    00000022    00000001     UNINITIALIZED
                  00000022    00000001     F2837xD_GlobalVariableDefs.obj (EmuKeyVar)

DcsmZ2OtpFile 
*          1    00000040    00000020     UNINITIALIZED
                  00000040    00000020     F2837xD_GlobalVariableDefs.obj (DcsmZ2OtpFile)

.ebss      1    0000a800    00000141     UNINITIALIZED
                  0000a800    00000122     CLdianliu.obj (.ebss)
                  0000a922    00000008     CLdianliu.obj (.ebss:_ucRXMsgData)
                  0000a92a    00000006     rts2800_fpu32.lib : exit.c.obj (.ebss)
                  0000a930    00000004     CLdianliu.obj (.ebss:_AngleStore)
                  0000a934    00000004     CLdianliu.obj (.ebss:_OmegaStore)
                  0000a938    00000004     CLdianliu.obj (.ebss:_ucTXMsgData)
                  0000a93c    00000002     rts2800_fpu32.lib : _lock.c.obj (.ebss:__lock)
                  0000a93e    00000002                       : _lock.c.obj (.ebss:__unlock)
                  0000a940    00000001     F2837xD_sci_io.obj (.ebss)

MODULE SUMMARY

       Module                           code    initialized data   uninitialized data
       ------                           ----    ----------------   ------------------
    .\
       CLdianliu.obj                    3705    380                310               
    +--+--------------------------------+-------+------------------+--------------------+
       Total:                           3705    380                310               
                                                                                     
    .\source\
       F2837xD_GlobalVariableDefs.obj   0       0                  8759              
       FPUmathTables.obj                0       1696               0                 
       F2837xD_DefaultISR.obj           1413    0                  0                 
       F2837xD_SysCtrl.obj              949     0                  0                 
       svgen_dq.obj                     828     0                  0                 
       F2837xD_Emif.obj                 796     0                  0                 
       F2837xD_Gpio.obj                 580     0                  0                 
       F2837xD_PieVect.obj              38      448                0                 
       pid_reg3.obj                     372     0                  0                 
       ipark.obj                        325     0                  0                 
       rampgen.obj                      276     0                  0                 
       F2837xD_EPwm.obj                 254     0                  0                 
       clarke.obj                       92      0                  0                 
       park.obj                         90      0                  0                 
       atan2_f32.obj                    79      0                  0                 
       F2837xD_can.obj                  76      0                  0                 
       atan_f32.obj                     74      0                  0                 
       sincos_f32.obj                   67      0                  0                 
       Angle.obj                        60      0                  0                 
       cos_f32.obj                      52      0                  0                 
       sin_f32.obj                      52      0                  0                 
       memcpy.obj                       50      0                  0                 
       F2837xD_PieCtrl.obj              40      0                  0                 
       sqrt_f32.obj                     33      0                  0                 
       isqrt_f32.obj                    28      0                  0                 
       div_f32.obj                      25      0                  0                 
       F2837xD_usDelay.obj              8       0                  0                 
       F2837xD_sci_io.obj               0       4                  1                 
       F2837xD_CodeStartBranch.obj      2       0                  0                 
    +--+--------------------------------+-------+------------------+--------------------+
       Total:                           6659    2148               8760              
                                                                                     
    C:\ti\ccs1011\ccs\tools\compiler\ti-cgt-c2000_20.2.1.LTS\lib\rts2800_fpu32.lib
       boot28.asm.obj                   86      0                  0                 
       exit.c.obj                       41      14                 6                 
       cpy_tbl.c.obj                    36      0                  0                 
       ll_aox28.asm.obj                 24      0                  0                 
       _lock.c.obj                      9       10                 4                 
       args_main.c.obj                  18      0                  0                 
       pre_init.c.obj                   2       0                  0                 
       startup.c.obj                    1       0                  0                 
    +--+--------------------------------+-------+------------------+--------------------+
       Total:                           217     24                 10                
                                                                                     
       Stack:                           0       0                  512               
    +--+--------------------------------+-------+------------------+--------------------+
       Grand Total:                     10581   2552               9592              


GLOBAL DATA SYMBOLS: SORTED BY DATA PAGE

address     data page           name
--------    ----------------    ----
00000002       0 (00000000)     _DcsmZ1Otp
00000022       0 (00000000)     _EmuKey

00000040       1 (00000040)     _DcsmZ2Otp

00000400      10 (00000400)     __stack

00000b00      2c (00000b00)     _AdcaResultRegs
00000b20      2c (00000b00)     _AdcbResultRegs

00000b40      2d (00000b40)     _AdccResultRegs
00000b60      2d (00000b40)     _AdcdResultRegs

00000c00      30 (00000c00)     _CpuTimer0Regs
00000c08      30 (00000c00)     _CpuTimer1Regs
00000c10      30 (00000c00)     _CpuTimer2Regs

00000ce0      33 (00000cc0)     _Cla1SoftIntRegs
00000ce0      33 (00000cc0)     _PieCtrlRegs

00000d00      34 (00000d00)     _EmuBMode
00000d00      34 (00000d00)     _PieVectTable

00001000      40 (00001000)     _DmaRegs

00001400      50 (00001400)     _Cla1Regs

00004000     100 (00004000)     _EPwm1Regs

00004100     104 (00004100)     _EPwm2Regs

00004200     108 (00004200)     _EPwm3Regs

00004300     10c (00004300)     _EPwm4Regs

00004400     110 (00004400)     _EPwm5Regs

00004500     114 (00004500)     _EPwm6Regs

00004600     118 (00004600)     _EPwm7Regs

00004700     11c (00004700)     _EPwm8Regs

00004800     120 (00004800)     _EPwm9Regs

00004900     124 (00004900)     _EPwm10Regs

00004a00     128 (00004a00)     _EPwm11Regs

00004b00     12c (00004b00)     _EPwm12Regs

00005000     140 (00005000)     _ECap1Regs
00005020     140 (00005000)     _ECap2Regs

00005040     141 (00005040)     _ECap3Regs
00005060     141 (00005040)     _ECap4Regs

00005080     142 (00005080)     _ECap5Regs
000050a0     142 (00005080)     _ECap6Regs

00005100     144 (00005100)     _EQep1Regs

00005140     145 (00005140)     _EQep2Regs

00005180     146 (00005180)     _EQep3Regs

00005c00     170 (00005c00)     _DacaRegs
00005c10     170 (00005c00)     _DacbRegs
00005c20     170 (00005c00)     _DaccRegs

00005c80     172 (00005c80)     _Cmpss1Regs
00005ca0     172 (00005c80)     _Cmpss2Regs

00005cc0     173 (00005cc0)     _Cmpss3Regs
00005ce0     173 (00005cc0)     _Cmpss4Regs

00005d00     174 (00005d00)     _Cmpss5Regs
00005d20     174 (00005d00)     _Cmpss6Regs

00005d40     175 (00005d40)     _Cmpss7Regs
00005d60     175 (00005d40)     _Cmpss8Regs

00005e00     178 (00005e00)     _Sdfm1Regs

00005e80     17a (00005e80)     _Sdfm2Regs

00006000     180 (00006000)     _McbspaRegs

00006040     181 (00006040)     _McbspbRegs

00006100     184 (00006100)     _SpiaRegs
00006110     184 (00006100)     _SpibRegs
00006120     184 (00006100)     _SpicRegs

00006200     188 (00006200)     _UppRegs

00007000     1c0 (00007000)     _WdRegs

00007060     1c1 (00007040)     _NmiIntruptRegs
00007070     1c1 (00007040)     _XintRegs

00007200     1c8 (00007200)     _SciaRegs
00007210     1c8 (00007200)     _ScibRegs
00007220     1c8 (00007200)     _ScicRegs
00007230     1c8 (00007200)     _ScidRegs

00007300     1cc (00007300)     _I2caRegs

00007340     1cd (00007340)     _I2cbRegs

00007400     1d0 (00007400)     _AdcaRegs

00007480     1d2 (00007480)     _AdcbRegs

00007500     1d4 (00007500)     _AdccRegs

00007580     1d6 (00007580)     _AdcdRegs

00007900     1e4 (00007900)     _InputXbarRegs
00007920     1e4 (00007900)     _XbarRegs

00007940     1e5 (00007940)     _SyncSocRegs

00007980     1e6 (00007980)     _DmaClaSrcSelRegs

00007a00     1e8 (00007a00)     _EPwmXbarRegs

00007a80     1ea (00007a80)     _OutputXbarRegs

00007c00     1f0 (00007c00)     _GpioCtrlRegs

00007f00     1fc (00007f00)     _GpioDataRegs

00009000     240 (00009000)     _FPUsinTable

00009100     244 (00009100)     _FPUcosTable

00009400     250 (00009400)     _FPUsinTableEnd

00009502     254 (00009500)     _FPUatan2HalfPITable
00009502     254 (00009500)     _FPUcosTableEnd
00009506     254 (00009500)     _FPUatan2Table

0000968c     25a (00009680)     _FPUatan2TableEnd

0000a800     2a0 (0000a800)     _DAHALF
0000a801     2a0 (0000a800)     _i
0000a802     2a0 (0000a800)     _j
0000a803     2a0 (0000a800)     _k
0000a804     2a0 (0000a800)     _iss
0000a805     2a0 (0000a800)     _sendChar
0000a806     2a0 (0000a800)     _SpeedLoopPrescaler
0000a807     2a0 (0000a800)     _SpeedLoopCount
0000a808     2a0 (0000a800)     _AD7606
0000a80a     2a0 (0000a800)     _DAA
0000a80c     2a0 (0000a800)     _DAB
0000a80e     2a0 (0000a800)     _DAC
0000a810     2a0 (0000a800)     _DAD
0000a812     2a0 (0000a800)     _IdRef
0000a814     2a0 (0000a800)     _IqRef
0000a816     2a0 (0000a800)     _T
0000a818     2a0 (0000a800)     _iqtest
0000a81a     2a0 (0000a800)     _msg6
0000a81c     2a0 (0000a800)     _bianma
0000a81e     2a0 (0000a800)     _bianma1
0000a820     2a0 (0000a800)     _AngleInit
0000a822     2a0 (0000a800)     _Anglezero
0000a824     2a0 (0000a800)     _temp
0000a826     2a0 (0000a800)     _temp1
0000a828     2a0 (0000a800)     _AngleReal
0000a82a     2a0 (0000a800)     _Speedrpm
0000a82c     2a0 (0000a800)     _SpeedRef
0000a82e     2a0 (0000a800)     _SpeedRef1
0000a830     2a0 (0000a800)     _OmegaM
0000a832     2a0 (0000a800)     _idcan
0000a834     2a0 (0000a800)     _iqcan
0000a836     2a0 (0000a800)     _idcan1
0000a838     2a0 (0000a800)     _iqcan1
0000a83a     2a0 (0000a800)     _messageSize
0000a83c     2a0 (0000a800)     _msgCount
0000a83e     2a0 (0000a800)     _errFlag

0000a840     2a1 (0000a840)     _EXADRESULTS
0000a848     2a1 (0000a840)     _angle1
0000a850     2a1 (0000a840)     _SAMPLERUSELTS
0000a85a     2a1 (0000a840)     _clarke1
0000a866     2a1 (0000a840)     _svgen_dq1
0000a872     2a1 (0000a840)     _park1

0000a880     2a2 (0000a880)     _rg1
0000a88e     2a2 (0000a880)     _ipark1
0000a89e     2a2 (0000a880)     _pid1_id

0000a8c0     2a3 (0000a8c0)     _pid1_iq

0000a900     2a4 (0000a900)     _pid1_spd
0000a922     2a4 (0000a900)     _ucRXMsgData
0000a92a     2a4 (0000a900)     ___TI_enable_exit_profile_output
0000a92c     2a4 (0000a900)     ___TI_cleanup_ptr
0000a92e     2a4 (0000a900)     ___TI_dtors_ptr
0000a930     2a4 (0000a900)     _AngleStore
0000a934     2a4 (0000a900)     _OmegaStore
0000a938     2a4 (0000a900)     _ucTXMsgData
0000a93c     2a4 (0000a900)     __lock
0000a93e     2a4 (0000a900)     __unlock

0000a940     2a5 (0000a940)     _deviceOpen

00047000    11c0 (00047000)     _Emif1Regs

00047800    11e0 (00047800)     _Emif2Regs

00048000    1200 (00048000)     _CanaRegs

0004a000    1280 (0004a000)     _CanbRegs

00050000    1400 (00050000)     _IpcRegs
00050024    1400 (00050000)     _FlashPumpSemaphoreRegs

0005d000    1740 (0005d000)     _DevCfgRegs

0005d180    1746 (0005d180)     _AnalogSubsysRegs

0005d200    1748 (0005d200)     _ClkCfgRegs

0005d300    174c (0005d300)     _CpuSysRegs

0005e608    1798 (0005e600)     _RomPrefetchRegs

0005f000    17c0 (0005f000)     _DcsmZ1Regs

0005f040    17c1 (0005f040)     _DcsmZ2Regs
0005f070    17c1 (0005f040)     _DcsmCommonRegs

0005f400    17d0 (0005f400)     _MemCfgRegs

0005f480    17d2 (0005f480)     _Emif1ConfigRegs
0005f4a0    17d2 (0005f480)     _Emif2ConfigRegs

0005f4c0    17d3 (0005f4c0)     _AccessProtectionRegs

0005f500    17d4 (0005f500)     _MemoryErrorRegs

0005f540    17d5 (0005f540)     _RomWaitStateRegs

0005f800    17e0 (0005f800)     _Flash0CtrlRegs

0005fb00    17ec (0005fb00)     _Flash0EccRegs

00090000    2400 (00090000)     _PieVectTableInit


GLOBAL SYMBOLS: SORTED ALPHABETICALLY BY Name 

page  address   name                                  
----  -------   ----                                  
abs   ffffffff  .text                                 
0     00083773  C$$EXIT                               
0     0008384b  FS$$DIV                               
0     00083864  LL$$AND                               
0     0008386c  LL$$OR                                
0     00083874  LL$$XOR                               
1     0000a808  _AD7606                               
0     00082256  _ADCA1_ISR                            
0     000824d6  _ADCA2_ISR                            
0     000824e0  _ADCA3_ISR                            
0     000824ea  _ADCA4_ISR                            
0     000824cc  _ADCA_EVT_ISR                         
0     00082260  _ADCB1_ISR                            
0     000824fe  _ADCB2_ISR                            
0     00082508  _ADCB3_ISR                            
0     00082512  _ADCB4_ISR                            
0     000824f4  _ADCB_EVT_ISR                         
0     0008226a  _ADCC1_ISR                            
0     00082666  _ADCC2_ISR                            
0     00082670  _ADCC3_ISR                            
0     0008267a  _ADCC4_ISR                            
0     0008265c  _ADCC_EVT_ISR                         
0     00082288  _ADCD1_ISR                            
0     0008268e  _ADCD2_ISR                            
0     00082698  _ADCD3_ISR                            
0     000826a2  _ADCD4_ISR                            
0     00082684  _ADCD_EVT_ISR                         
0     00082f36  _ASync_cs2_config                     
0     00082fd6  _ASync_cs3_config                     
0     00083028  _ASync_cs4_config                     
0     00082f13  _ASync_wait_config                    
0     000826de  _AUX_PLL_SLIP_ISR                     
1     0005f4c0  _AccessProtectionRegs                 
1     00007400  _AdcaRegs                             
1     00000b00  _AdcaResultRegs                       
1     00007480  _AdcbRegs                             
1     00000b20  _AdcbResultRegs                       
1     00007500  _AdccRegs                             
1     00000b40  _AdccResultRegs                       
1     00007580  _AdcdRegs                             
1     00000b60  _AdcdResultRegs                       
1     0005d180  _AnalogSubsysRegs                     
1     0000a820  _AngleInit                            
1     0000a828  _AngleReal                            
1     0000a930  _AngleStore                           
1     0000a822  _Anglezero                            
0     00082ea9  _AuxAuxClkSel                         
0     00082e93  _AuxIntOsc2Sel                        
0     00082e9d  _AuxXtalOscSel                        
0     000824a4  _CANA0_ISR                            
0     000824ae  _CANA1_ISR                            
0     000824b8  _CANB0_ISR                            
0     000824c2  _CANB1_ISR                            
0     0008251c  _CLA1_1_ISR                           
0     00082526  _CLA1_2_ISR                           
0     00082530  _CLA1_3_ISR                           
0     0008253a  _CLA1_4_ISR                           
0     00082544  _CLA1_5_ISR                           
0     0008254e  _CLA1_6_ISR                           
0     00082558  _CLA1_7_ISR                           
0     00082562  _CLA1_8_ISR                           
0     000826e8  _CLA_OVERFLOW_ISR                     
0     000826f2  _CLA_UNDERFLOW_ISR                    
1     00048000  _CanaRegs                             
1     0004a000  _CanbRegs                             
1     00001400  _Cla1Regs                             
0     00000ce0  _Cla1SoftIntRegs                      
1     0005d200  _ClkCfgRegs                           
1     00005c80  _Cmpss1Regs                           
1     00005ca0  _Cmpss2Regs                           
1     00005cc0  _Cmpss3Regs                           
1     00005ce0  _Cmpss4Regs                           
1     00005d00  _Cmpss5Regs                           
1     00005d20  _Cmpss6Regs                           
1     00005d40  _Cmpss7Regs                           
1     00005d60  _Cmpss8Regs                           
1     0005d300  _CpuSysRegs                           
1     00000c00  _CpuTimer0Regs                        
1     00000c08  _CpuTimer1Regs                        
1     00000c10  _CpuTimer2Regs                        
0     00082e52  _CsmUnlock                            
1     0000a80a  _DAA                                  
1     0000a80c  _DAB                                  
1     0000a80e  _DAC                                  
1     0000a810  _DAD                                  
1     0000a800  _DAHALF                               
0     000821ac  _DATALOG_ISR                          
0     000823f0  _DMA_CH1_ISR                          
0     000823fa  _DMA_CH2_ISR                          
0     00082404  _DMA_CH3_ISR                          
0     0008240e  _DMA_CH4_ISR                          
0     00082418  _DMA_CH5_ISR                          
0     00082422  _DMA_CH6_ISR                          
1     00005c00  _DacaRegs                             
1     00005c10  _DacbRegs                             
1     00005c20  _DaccRegs                             
1     0005f070  _DcsmCommonRegs                       
1     00000002  _DcsmZ1Otp                            
1     0005f000  _DcsmZ1Regs                           
1     00000040  _DcsmZ2Otp                            
1     0005f040  _DcsmZ2Regs                           
1     0005d000  _DevCfgRegs                           
0     00082cb6  _DisableDog                           
0     00082c77  _DisablePeripheralClocks              
1     00007980  _DmaClaSrcSelRegs                     
1     00001000  _DmaRegs                              
0     00082346  _ECAP1_ISR                            
0     00082350  _ECAP2_ISR                            
0     0008235a  _ECAP3_ISR                            
0     00082364  _ECAP4_ISR                            
0     0008236e  _ECAP5_ISR                            
0     00082378  _ECAP6_ISR                            
1     00005000  _ECap1Regs                            
1     00005020  _ECap2Regs                            
1     00005040  _ECap3Regs                            
1     00005060  _ECap4Regs                            
1     00005080  _ECap5Regs                            
1     000050a0  _ECap6Regs                            
0     000826ac  _EMIF_ERROR_ISR                       
0     00082706  _EMPTY_ISR                            
0     000821c0  _EMU_ISR                              
0     00082602  _EPWM10_ISR                           
0     000825da  _EPWM10_TZ_ISR                        
0     0008260c  _EPWM11_ISR                           
0     000825e4  _EPWM11_TZ_ISR                        
0     00082616  _EPWM12_ISR                           
0     000825ee  _EPWM12_TZ_ISR                        
0     000822f6  _EPWM1_ISR                            
0     000822a6  _EPWM1_TZ_ISR                         
0     00082300  _EPWM2_ISR                            
0     000822b0  _EPWM2_TZ_ISR                         
0     0008230a  _EPWM3_ISR                            
0     000822ba  _EPWM3_TZ_ISR                         
0     00082314  _EPWM4_ISR                            
0     000822c4  _EPWM4_TZ_ISR                         
0     0008231e  _EPWM5_ISR                            
0     000822ce  _EPWM5_TZ_ISR                         
0     00082328  _EPWM6_ISR                            
0     000822d8  _EPWM6_TZ_ISR                         
0     00082332  _EPWM7_ISR                            
0     000822e2  _EPWM7_TZ_ISR                         
0     0008233c  _EPWM8_ISR                            
0     000822ec  _EPWM8_TZ_ISR                         
0     000825f8  _EPWM9_ISR                            
0     000825d0  _EPWM9_TZ_ISR                         
1     00004900  _EPwm10Regs                           
1     00004a00  _EPwm11Regs                           
1     00004b00  _EPwm12Regs                           
1     00004000  _EPwm1Regs                            
1     00004100  _EPwm2Regs                            
1     00004200  _EPwm3Regs                            
1     00004300  _EPwm4Regs                            
1     00004400  _EPwm5Regs                            
1     00004500  _EPwm6Regs                            
1     00004600  _EPwm7Regs                            
1     00004700  _EPwm8Regs                            
1     00004800  _EPwm9Regs                            
1     00007a00  _EPwmXbarRegs                         
0     00082382  _EQEP1_ISR                            
0     0008238c  _EQEP2_ISR                            
0     00082396  _EQEP3_ISR                            
1     00005100  _EQep1Regs                            
1     00005140  _EQep2Regs                            
1     00005180  _EQep3Regs                            
0     00008000  _EXADREAD                             
1     0000a840  _EXADRESULTS                          
1     0005f480  _Emif1ConfigRegs                      
0     00082efd  _Emif1Initialize                      
1     00047000  _Emif1Regs                            
1     0005f4a0  _Emif2ConfigRegs                      
0     00082f08  _Emif2Initialize                      
1     00047800  _Emif2Regs                            
1     00000d00  _EmuBMode                             
1     00000022  _EmuKey                               
0     000837bb  _EnableInterrupts                     
0     00008915  _F28x_usDelay                         
0     000826c0  _FLASH_CORRECTABLE_ERROR_ISR          
0     00082594  _FPU_OVERFLOW_ISR                     
0     0008259e  _FPU_UNDERFLOW_ISR                    
0     00009502  _FPUatan2HalfPITable                  
0     00009506  _FPUatan2Table                        
0     0000968c  _FPUatan2TableEnd                     
0     00009100  _FPUcosTable                          
0     00009502  _FPUcosTableEnd                       
0     00009000  _FPUsinTable                          
0     00009400  _FPUsinTableEnd                       
1     0005f800  _Flash0CtrlRegs                       
1     0005fb00  _Flash0EccRegs                        
0     00008899  _FlashOff                             
1     00050024  _FlashPumpSemaphoreRegs               
0     00083412  _GPIO_EnableUnbondedIOPullups         
0     000833ed  _GPIO_EnableUnbondedIOPullupsFor100Pin
0     000833d4  _GPIO_EnableUnbondedIOPullupsFor176Pin
0     00083428  _GPIO_ReadPin                         
0     00083379  _GPIO_SetupLock                       
0     00083259  _GPIO_SetupPinMux                     
0     000832e5  _GPIO_SetupPinOptions                 
0     000833a2  _GPIO_SetupXINT1Gpio                  
0     000833ac  _GPIO_SetupXINT2Gpio                  
0     000833b6  _GPIO_SetupXINT3Gpio                  
0     000833c0  _GPIO_SetupXINT4Gpio                  
0     000833ca  _GPIO_SetupXINT5Gpio                  
0     0008343f  _GPIO_WritePin                        
1     00007c00  _GpioCtrlRegs                         
1     00007f00  _GpioDataRegs                         
0     00082ec7  _HALT                                 
0     00082ee0  _HIB                                  
0     00082436  _I2CA_FIFO_ISR                        
0     0008242c  _I2CA_ISR                             
0     0008244a  _I2CB_FIFO_ISR                        
0     00082440  _I2CB_ISR                             
1     00007300  _I2caRegs                             
1     00007340  _I2cbRegs                             
0     00082eb3  _IDLE                                 
0     000821d4  _ILLEGAL_ISR                          
0     000825a8  _IPC0_ISR                             
0     000825b2  _IPC1_ISR                             
0     000825bc  _IPC2_ISR                             
0     000825c6  _IPC3_ISR                             
1     0000a812  _IdRef                                
0     00082d8a  _InitAuxPll                           
0     00083600  _InitCAN                              
0     00083521  _InitEPwm10Gpio                       
0     00083534  _InitEPwm11Gpio                       
0     00083548  _InitEPwm12Gpio                       
0     00083476  _InitEPwm1Gpio                        
0     00083488  _InitEPwm2Gpio                        
0     0008349b  _InitEPwm3Gpio                        
0     000834af  _InitEPwm4Gpio                        
0     000834c3  _InitEPwm5Gpio                        
0     000834d5  _InitEPwm6Gpio                        
0     000834e7  _InitEPwm7Gpio                        
0     000834fb  _InitEPwm8Gpio                        
0     0008350f  _InitEPwm9Gpio                        
0     00082921  _InitEPwmExample                      
0     0008345d  _InitEPwmGpio                         
0     00008870  _InitFlash                            
0     00083219  _InitGpio                             
0     00082bf3  _InitPeripheralClocks                 
0     0008379c  _InitPieCtrl                          
0     000837c4  _InitPieVectTable                     
0     00082bb6  _InitSysCtrl                          
0     00082cc4  _InitSysPll                           
0     00082b91  _Initad5725                           
0     00082a6f  _Initad7606                           
0     00082ae8  _InitadIO                             
0     00082a37  _Initemif1                            
0     00082a59  _Initshuju                            
1     00007900  _InputXbarRegs                        
1     00050000  _IpcRegs                              
1     0000a814  _IqRef                                
0     000823c8  _MCBSPA_RX_ISR                        
0     000823d2  _MCBSPA_TX_ISR                        
0     000823dc  _MCBSPB_RX_ISR                        
0     000823e6  _MCBSPB_TX_ISR                        
1     00006000  _McbspaRegs                           
1     00006040  _McbspbRegs                           
1     0005f400  _MemCfgRegs                           
1     0005f500  _MemoryErrorRegs                      
0     000821ca  _NMI_ISR                              
0     00082713  _NOTUSED_ISR                          
1     00007060  _NmiIntruptRegs                       
1     0000a830  _OmegaM                               
1     0000a934  _OmegaStore                           
1     00007a80  _OutputXbarRegs                       
0     000826fc  _PIE_RESERVED_ISR                     
1     00000ce0  _PieCtrlRegs                          
1     00000d00  _PieVectTable                         
0     00090000  _PieVectTableInit                     
0     000826ca  _RAM_ACCESS_VIOLATION_ISR             
0     000826b6  _RAM_CORRECTABLE_ERROR_ISR            
0     000821b6  _RTOS_ISR                             
0     00086919  _RamfuncsLoadEnd                      
abs   00000919  _RamfuncsLoadSize                     
0     00086000  _RamfuncsLoadStart                    
0     00008919  _RamfuncsRunEnd                       
abs   00000919  _RamfuncsRunSize                      
0     00008000  _RamfuncsRunStart                     
0     00082c9e  _ReleaseFlashPump                     
1     0005e608  _RomPrefetchRegs                      
1     0005f540  _RomWaitStateRegs                     
0     00008016  _SAMPLEPROCESS                        
1     0000a850  _SAMPLERUSELTS                        
0     0008247c  _SCIA_RX_ISR                          
0     00082486  _SCIA_TX_ISR                          
0     00082490  _SCIB_RX_ISR                          
0     0008249a  _SCIB_TX_ISR                          
0     00082454  _SCIC_RX_ISR                          
0     0008245e  _SCIC_TX_ISR                          
0     00082468  _SCID_RX_ISR                          
0     00082472  _SCID_TX_ISR                          
0     00082620  _SD1_ISR                              
0     0008262a  _SD2_ISR                              
0     000823a0  _SPIA_RX_ISR                          
0     000823aa  _SPIA_TX_ISR                          
0     000823b4  _SPIB_RX_ISR                          
0     000823be  _SPIB_TX_ISR                          
0     00082634  _SPIC_RX_ISR                          
0     0008263e  _SPIC_TX_ISR                          
0     00082ebc  _STANDBY                              
0     000826d4  _SYS_PLL_SLIP_ISR                     
1     00007200  _SciaRegs                             
1     00007210  _ScibRegs                             
1     00007220  _ScicRegs                             
1     00007230  _ScidRegs                             
1     00005e00  _Sdfm1Regs                            
1     00005e80  _Sdfm2Regs                            
0     00082c8f  _SeizeFlashPump                       
0     00082ca8  _ServiceDog                           
1     0000a807  _SpeedLoopCount                       
1     0000a806  _SpeedLoopPrescaler                   
1     0000a82c  _SpeedRef                             
1     0000a82e  _SpeedRef1                            
1     0000a82a  _Speedrpm                             
1     00006100  _SpiaRegs                             
1     00006110  _SpibRegs                             
1     00006120  _SpicRegs                             
1     00007940  _SyncSocRegs                          
0     00082e73  _SysIntOsc1Sel                        
0     00082e7d  _SysIntOsc2Sel                        
0     00082e87  _SysXtalOscSel                        
1     0000a816  _T                                    
0     00082292  _TIMER0_ISR                           
0     00082198  _TIMER1_ISR                           
0     000821a2  _TIMER2_ISR                           
0     00082648  _UPPA_ISR                             
0     00082652  _USBA_ISR                             
0     00082238  _USER10_ISR                           
0     00082242  _USER11_ISR                           
0     0008224c  _USER12_ISR                           
0     000821de  _USER1_ISR                            
0     000821e8  _USER2_ISR                            
0     000821f2  _USER3_ISR                            
0     000821fc  _USER4_ISR                            
0     00082206  _USER5_ISR                            
0     00082210  _USER6_ISR                            
0     0008221a  _USER7_ISR                            
0     00082224  _USER8_ISR                            
0     0008222e  _USER9_ISR                            
1     00006200  _UppRegs                              
0     0008258a  _VCU_ISR                              
0     0008229c  _WAKE_ISR                             
1     00007000  _WdRegs                               
0     00082274  _XINT1_ISR                            
0     0008227e  _XINT2_ISR                            
0     0008256c  _XINT3_ISR                            
0     00082576  _XINT4_ISR                            
0     00082580  _XINT5_ISR                            
1     00007920  _XbarRegs                             
1     00007070  _XintRegs                             
1     00000600  __STACK_END                           
abs   00000200  __STACK_SIZE                          
1     0000a92c  ___TI_cleanup_ptr                     
1     0000a92e  ___TI_dtors_ptr                       
1     0000a92a  ___TI_enable_exit_profile_output      
abs   ffffffff  ___TI_pprof_out_hndl                  
abs   ffffffff  ___TI_prof_data_size                  
abs   ffffffff  ___TI_prof_data_start                 
abs   ffffffff  ___binit__                            
abs   ffffffff  ___c_args__                           
0     00082000  ___cinit__                            
abs   ffffffff  ___etext__                            
abs   ffffffff  ___pinit__                            
abs   ffffffff  ___text__                             
0     00083892  __args_main                           
1     0000a93c  __lock                                
0     000838b5  __nop                                 
0     000838b1  __register_lock                       
0     000838ad  __register_unlock                     
1     00000400  __stack                               
0     000838b8  __system_post_cinit                   
0     000838b6  __system_pre_init                     
1     0000a93e  __unlock                              
0     00083773  _abort                                
1     0000a848  _angle1                               
0     0008287f  _angleREAD                            
0     00008902  _angle_calc                           
0     0008364c  _atan                                 
0     000835b1  _atan2                                
1     0000a81c  _bianma                               
1     0000a81e  _bianma1                              
0     0008355b  _c_int00                              
1     0000a85a  _clarke1                              
0     000088a7  _clarke_calc                          
0     000837ea  _copy_in                              
0     000836d9  _cos                                  
1     0000a940  _deviceOpen                           
0     000082e0  _epwm1_isr                            
1     0000a83e  _errFlag                              
0     00083775  _exit                                 
0     000081f9  _getCANMessage                        
1     0000a801  _i                                    
1     0000a832  _idcan                                
1     0000a836  _idcan1                               
1     0000a88e  _ipark1                               
0     00008748  _ipark_calc                           
1     0000a834  _iqcan                                
1     0000a838  _iqcan1                               
1     0000a818  _iqtest                               
0     0008382f  _isqrt                                
1     0000a804  _iss                                  
1     0000a802  _j                                    
1     0000a803  _k                                    
0     0008271d  _main                                 
0     00083741  _memcpy                               
1     0000a83a  _messageSize                          
1     0000a81a  _msg6                                 
1     0000a83c  _msgCount                             
1     0000a872  _park1                                
0     000088d5  _park_calc                            
1     0000a89e  _pid1_id                              
1     0000a8c0  _pid1_iq                              
1     0000a900  _pid1_spd                             
0     0000868e  _pid_reg3_calc                        
0     000087e6  _rampgen_calc                         
1     0000a880  _rg1                                  
0     00082b97  _scic_echoback_init                   
0     00082bae  _scic_fifo_init                       
0     000082cd  _scic_msg                             
0     000082c1  _scic_xmit                            
0     00008135  _sendCANMessage                       
1     0000a805  _sendChar                             
0     0000805d  _setCANBitRate                        
0     000080c7  _setupMessageObject                   
0     0008307a  _setup_emif1_pinmux_async_16bit       
0     000830d0  _setup_emif1_pinmux_async_32bit       
0     00083144  _setup_emif1_pinmux_sdram_16bit       
0     000831ca  _setup_emif1_pinmux_sdram_32bit       
0     00083119  _setup_emif2_pinmux_async_16bit       
0     0008319c  _setup_emif2_pinmux_sdram_16bit       
0     0008370d  _sin                                  
0     00083696  _sincos                               
0     0008380e  _sqrt                                 
1     0000a866  _svgen_dq1                            
0     000084f0  _svgendq_calc                         
1     0000a824  _temp                                 
1     0000a826  _temp1                                
1     0000a922  _ucRXMsgData                          
1     0000a938  _ucTXMsgData                          
abs   ffffffff  binit                                 
0     00082000  cinit                                 
0     00080000  code_start                            
abs   ffffffff  etext                                 
abs   ffffffff  pinit                                 


GLOBAL SYMBOLS: SORTED BY Symbol Address 

page  address   name                                  
----  -------   ----                                  
0     00000ce0  _Cla1SoftIntRegs                      
0     00008000  _EXADREAD                             
0     00008000  _RamfuncsRunStart                     
0     00008016  _SAMPLEPROCESS                        
0     0000805d  _setCANBitRate                        
0     000080c7  _setupMessageObject                   
0     00008135  _sendCANMessage                       
0     000081f9  _getCANMessage                        
0     000082c1  _scic_xmit                            
0     000082cd  _scic_msg                             
0     000082e0  _epwm1_isr                            
0     000084f0  _svgendq_calc                         
0     0000868e  _pid_reg3_calc                        
0     00008748  _ipark_calc                           
0     000087e6  _rampgen_calc                         
0     00008870  _InitFlash                            
0     00008899  _FlashOff                             
0     000088a7  _clarke_calc                          
0     000088d5  _park_calc                            
0     00008902  _angle_calc                           
0     00008915  _F28x_usDelay                         
0     00008919  _RamfuncsRunEnd                       
0     00009000  _FPUsinTable                          
0     00009100  _FPUcosTable                          
0     00009400  _FPUsinTableEnd                       
0     00009502  _FPUatan2HalfPITable                  
0     00009502  _FPUcosTableEnd                       
0     00009506  _FPUatan2Table                        
0     0000968c  _FPUatan2TableEnd                     
0     00080000  code_start                            
0     00082000  ___cinit__                            
0     00082000  cinit                                 
0     00082198  _TIMER1_ISR                           
0     000821a2  _TIMER2_ISR                           
0     000821ac  _DATALOG_ISR                          
0     000821b6  _RTOS_ISR                             
0     000821c0  _EMU_ISR                              
0     000821ca  _NMI_ISR                              
0     000821d4  _ILLEGAL_ISR                          
0     000821de  _USER1_ISR                            
0     000821e8  _USER2_ISR                            
0     000821f2  _USER3_ISR                            
0     000821fc  _USER4_ISR                            
0     00082206  _USER5_ISR                            
0     00082210  _USER6_ISR                            
0     0008221a  _USER7_ISR                            
0     00082224  _USER8_ISR                            
0     0008222e  _USER9_ISR                            
0     00082238  _USER10_ISR                           
0     00082242  _USER11_ISR                           
0     0008224c  _USER12_ISR                           
0     00082256  _ADCA1_ISR                            
0     00082260  _ADCB1_ISR                            
0     0008226a  _ADCC1_ISR                            
0     00082274  _XINT1_ISR                            
0     0008227e  _XINT2_ISR                            
0     00082288  _ADCD1_ISR                            
0     00082292  _TIMER0_ISR                           
0     0008229c  _WAKE_ISR                             
0     000822a6  _EPWM1_TZ_ISR                         
0     000822b0  _EPWM2_TZ_ISR                         
0     000822ba  _EPWM3_TZ_ISR                         
0     000822c4  _EPWM4_TZ_ISR                         
0     000822ce  _EPWM5_TZ_ISR                         
0     000822d8  _EPWM6_TZ_ISR                         
0     000822e2  _EPWM7_TZ_ISR                         
0     000822ec  _EPWM8_TZ_ISR                         
0     000822f6  _EPWM1_ISR                            
0     00082300  _EPWM2_ISR                            
0     0008230a  _EPWM3_ISR                            
0     00082314  _EPWM4_ISR                            
0     0008231e  _EPWM5_ISR                            
0     00082328  _EPWM6_ISR                            
0     00082332  _EPWM7_ISR                            
0     0008233c  _EPWM8_ISR                            
0     00082346  _ECAP1_ISR                            
0     00082350  _ECAP2_ISR                            
0     0008235a  _ECAP3_ISR                            
0     00082364  _ECAP4_ISR                            
0     0008236e  _ECAP5_ISR                            
0     00082378  _ECAP6_ISR                            
0     00082382  _EQEP1_ISR                            
0     0008238c  _EQEP2_ISR                            
0     00082396  _EQEP3_ISR                            
0     000823a0  _SPIA_RX_ISR                          
0     000823aa  _SPIA_TX_ISR                          
0     000823b4  _SPIB_RX_ISR                          
0     000823be  _SPIB_TX_ISR                          
0     000823c8  _MCBSPA_RX_ISR                        
0     000823d2  _MCBSPA_TX_ISR                        
0     000823dc  _MCBSPB_RX_ISR                        
0     000823e6  _MCBSPB_TX_ISR                        
0     000823f0  _DMA_CH1_ISR                          
0     000823fa  _DMA_CH2_ISR                          
0     00082404  _DMA_CH3_ISR                          
0     0008240e  _DMA_CH4_ISR                          
0     00082418  _DMA_CH5_ISR                          
0     00082422  _DMA_CH6_ISR                          
0     0008242c  _I2CA_ISR                             
0     00082436  _I2CA_FIFO_ISR                        
0     00082440  _I2CB_ISR                             
0     0008244a  _I2CB_FIFO_ISR                        
0     00082454  _SCIC_RX_ISR                          
0     0008245e  _SCIC_TX_ISR                          
0     00082468  _SCID_RX_ISR                          
0     00082472  _SCID_TX_ISR                          
0     0008247c  _SCIA_RX_ISR                          
0     00082486  _SCIA_TX_ISR                          
0     00082490  _SCIB_RX_ISR                          
0     0008249a  _SCIB_TX_ISR                          
0     000824a4  _CANA0_ISR                            
0     000824ae  _CANA1_ISR                            
0     000824b8  _CANB0_ISR                            
0     000824c2  _CANB1_ISR                            
0     000824cc  _ADCA_EVT_ISR                         
0     000824d6  _ADCA2_ISR                            
0     000824e0  _ADCA3_ISR                            
0     000824ea  _ADCA4_ISR                            
0     000824f4  _ADCB_EVT_ISR                         
0     000824fe  _ADCB2_ISR                            
0     00082508  _ADCB3_ISR                            
0     00082512  _ADCB4_ISR                            
0     0008251c  _CLA1_1_ISR                           
0     00082526  _CLA1_2_ISR                           
0     00082530  _CLA1_3_ISR                           
0     0008253a  _CLA1_4_ISR                           
0     00082544  _CLA1_5_ISR                           
0     0008254e  _CLA1_6_ISR                           
0     00082558  _CLA1_7_ISR                           
0     00082562  _CLA1_8_ISR                           
0     0008256c  _XINT3_ISR                            
0     00082576  _XINT4_ISR                            
0     00082580  _XINT5_ISR                            
0     0008258a  _VCU_ISR                              
0     00082594  _FPU_OVERFLOW_ISR                     
0     0008259e  _FPU_UNDERFLOW_ISR                    
0     000825a8  _IPC0_ISR                             
0     000825b2  _IPC1_ISR                             
0     000825bc  _IPC2_ISR                             
0     000825c6  _IPC3_ISR                             
0     000825d0  _EPWM9_TZ_ISR                         
0     000825da  _EPWM10_TZ_ISR                        
0     000825e4  _EPWM11_TZ_ISR                        
0     000825ee  _EPWM12_TZ_ISR                        
0     000825f8  _EPWM9_ISR                            
0     00082602  _EPWM10_ISR                           
0     0008260c  _EPWM11_ISR                           
0     00082616  _EPWM12_ISR                           
0     00082620  _SD1_ISR                              
0     0008262a  _SD2_ISR                              
0     00082634  _SPIC_RX_ISR                          
0     0008263e  _SPIC_TX_ISR                          
0     00082648  _UPPA_ISR                             
0     00082652  _USBA_ISR                             
0     0008265c  _ADCC_EVT_ISR                         
0     00082666  _ADCC2_ISR                            
0     00082670  _ADCC3_ISR                            
0     0008267a  _ADCC4_ISR                            
0     00082684  _ADCD_EVT_ISR                         
0     0008268e  _ADCD2_ISR                            
0     00082698  _ADCD3_ISR                            
0     000826a2  _ADCD4_ISR                            
0     000826ac  _EMIF_ERROR_ISR                       
0     000826b6  _RAM_CORRECTABLE_ERROR_ISR            
0     000826c0  _FLASH_CORRECTABLE_ERROR_ISR          
0     000826ca  _RAM_ACCESS_VIOLATION_ISR             
0     000826d4  _SYS_PLL_SLIP_ISR                     
0     000826de  _AUX_PLL_SLIP_ISR                     
0     000826e8  _CLA_OVERFLOW_ISR                     
0     000826f2  _CLA_UNDERFLOW_ISR                    
0     000826fc  _PIE_RESERVED_ISR                     
0     00082706  _EMPTY_ISR                            
0     00082713  _NOTUSED_ISR                          
0     0008271d  _main                                 
0     0008287f  _angleREAD                            
0     00082921  _InitEPwmExample                      
0     00082a37  _Initemif1                            
0     00082a59  _Initshuju                            
0     00082a6f  _Initad7606                           
0     00082ae8  _InitadIO                             
0     00082b91  _Initad5725                           
0     00082b97  _scic_echoback_init                   
0     00082bae  _scic_fifo_init                       
0     00082bb6  _InitSysCtrl                          
0     00082bf3  _InitPeripheralClocks                 
0     00082c77  _DisablePeripheralClocks              
0     00082c8f  _SeizeFlashPump                       
0     00082c9e  _ReleaseFlashPump                     
0     00082ca8  _ServiceDog                           
0     00082cb6  _DisableDog                           
0     00082cc4  _InitSysPll                           
0     00082d8a  _InitAuxPll                           
0     00082e52  _CsmUnlock                            
0     00082e73  _SysIntOsc1Sel                        
0     00082e7d  _SysIntOsc2Sel                        
0     00082e87  _SysXtalOscSel                        
0     00082e93  _AuxIntOsc2Sel                        
0     00082e9d  _AuxXtalOscSel                        
0     00082ea9  _AuxAuxClkSel                         
0     00082eb3  _IDLE                                 
0     00082ebc  _STANDBY                              
0     00082ec7  _HALT                                 
0     00082ee0  _HIB                                  
0     00082efd  _Emif1Initialize                      
0     00082f08  _Emif2Initialize                      
0     00082f13  _ASync_wait_config                    
0     00082f36  _ASync_cs2_config                     
0     00082fd6  _ASync_cs3_config                     
0     00083028  _ASync_cs4_config                     
0     0008307a  _setup_emif1_pinmux_async_16bit       
0     000830d0  _setup_emif1_pinmux_async_32bit       
0     00083119  _setup_emif2_pinmux_async_16bit       
0     00083144  _setup_emif1_pinmux_sdram_16bit       
0     0008319c  _setup_emif2_pinmux_sdram_16bit       
0     000831ca  _setup_emif1_pinmux_sdram_32bit       
0     00083219  _InitGpio                             
0     00083259  _GPIO_SetupPinMux                     
0     000832e5  _GPIO_SetupPinOptions                 
0     00083379  _GPIO_SetupLock                       
0     000833a2  _GPIO_SetupXINT1Gpio                  
0     000833ac  _GPIO_SetupXINT2Gpio                  
0     000833b6  _GPIO_SetupXINT3Gpio                  
0     000833c0  _GPIO_SetupXINT4Gpio                  
0     000833ca  _GPIO_SetupXINT5Gpio                  
0     000833d4  _GPIO_EnableUnbondedIOPullupsFor176Pin
0     000833ed  _GPIO_EnableUnbondedIOPullupsFor100Pin
0     00083412  _GPIO_EnableUnbondedIOPullups         
0     00083428  _GPIO_ReadPin                         
0     0008343f  _GPIO_WritePin                        
0     0008345d  _InitEPwmGpio                         
0     00083476  _InitEPwm1Gpio                        
0     00083488  _InitEPwm2Gpio                        
0     0008349b  _InitEPwm3Gpio                        
0     000834af  _InitEPwm4Gpio                        
0     000834c3  _InitEPwm5Gpio                        
0     000834d5  _InitEPwm6Gpio                        
0     000834e7  _InitEPwm7Gpio                        
0     000834fb  _InitEPwm8Gpio                        
0     0008350f  _InitEPwm9Gpio                        
0     00083521  _InitEPwm10Gpio                       
0     00083534  _InitEPwm11Gpio                       
0     00083548  _InitEPwm12Gpio                       
0     0008355b  _c_int00                              
0     000835b1  _atan2                                
0     00083600  _InitCAN                              
0     0008364c  _atan                                 
0     00083696  _sincos                               
0     000836d9  _cos                                  
0     0008370d  _sin                                  
0     00083741  _memcpy                               
0     00083773  C$$EXIT                               
0     00083773  _abort                                
0     00083775  _exit                                 
0     0008379c  _InitPieCtrl                          
0     000837bb  _EnableInterrupts                     
0     000837c4  _InitPieVectTable                     
0     000837ea  _copy_in                              
0     0008380e  _sqrt                                 
0     0008382f  _isqrt                                
0     0008384b  FS$$DIV                               
0     00083864  LL$$AND                               
0     0008386c  LL$$OR                                
0     00083874  LL$$XOR                               
0     00083892  __args_main                           
0     000838ad  __register_unlock                     
0     000838b1  __register_lock                       
0     000838b5  __nop                                 
0     000838b6  __system_pre_init                     
0     000838b8  __system_post_cinit                   
0     00086000  _RamfuncsLoadStart                    
0     00086919  _RamfuncsLoadEnd                      
0     00090000  _PieVectTableInit                     
1     00000002  _DcsmZ1Otp                            
1     00000022  _EmuKey                               
1     00000040  _DcsmZ2Otp                            
1     00000400  __stack                               
1     00000600  __STACK_END                           
1     00000b00  _AdcaResultRegs                       
1     00000b20  _AdcbResultRegs                       
1     00000b40  _AdccResultRegs                       
1     00000b60  _AdcdResultRegs                       
1     00000c00  _CpuTimer0Regs                        
1     00000c08  _CpuTimer1Regs                        
1     00000c10  _CpuTimer2Regs                        
1     00000ce0  _PieCtrlRegs                          
1     00000d00  _EmuBMode                             
1     00000d00  _PieVectTable                         
1     00001000  _DmaRegs                              
1     00001400  _Cla1Regs                             
1     00004000  _EPwm1Regs                            
1     00004100  _EPwm2Regs                            
1     00004200  _EPwm3Regs                            
1     00004300  _EPwm4Regs                            
1     00004400  _EPwm5Regs                            
1     00004500  _EPwm6Regs                            
1     00004600  _EPwm7Regs                            
1     00004700  _EPwm8Regs                            
1     00004800  _EPwm9Regs                            
1     00004900  _EPwm10Regs                           
1     00004a00  _EPwm11Regs                           
1     00004b00  _EPwm12Regs                           
1     00005000  _ECap1Regs                            
1     00005020  _ECap2Regs                            
1     00005040  _ECap3Regs                            
1     00005060  _ECap4Regs                            
1     00005080  _ECap5Regs                            
1     000050a0  _ECap6Regs                            
1     00005100  _EQep1Regs                            
1     00005140  _EQep2Regs                            
1     00005180  _EQep3Regs                            
1     00005c00  _DacaRegs                             
1     00005c10  _DacbRegs                             
1     00005c20  _DaccRegs                             
1     00005c80  _Cmpss1Regs                           
1     00005ca0  _Cmpss2Regs                           
1     00005cc0  _Cmpss3Regs                           
1     00005ce0  _Cmpss4Regs                           
1     00005d00  _Cmpss5Regs                           
1     00005d20  _Cmpss6Regs                           
1     00005d40  _Cmpss7Regs                           
1     00005d60  _Cmpss8Regs                           
1     00005e00  _Sdfm1Regs                            
1     00005e80  _Sdfm2Regs                            
1     00006000  _McbspaRegs                           
1     00006040  _McbspbRegs                           
1     00006100  _SpiaRegs                             
1     00006110  _SpibRegs                             
1     00006120  _SpicRegs                             
1     00006200  _UppRegs                              
1     00007000  _WdRegs                               
1     00007060  _NmiIntruptRegs                       
1     00007070  _XintRegs                             
1     00007200  _SciaRegs                             
1     00007210  _ScibRegs                             
1     00007220  _ScicRegs                             
1     00007230  _ScidRegs                             
1     00007300  _I2caRegs                             
1     00007340  _I2cbRegs                             
1     00007400  _AdcaRegs                             
1     00007480  _AdcbRegs                             
1     00007500  _AdccRegs                             
1     00007580  _AdcdRegs                             
1     00007900  _InputXbarRegs                        
1     00007920  _XbarRegs                             
1     00007940  _SyncSocRegs                          
1     00007980  _DmaClaSrcSelRegs                     
1     00007a00  _EPwmXbarRegs                         
1     00007a80  _OutputXbarRegs                       
1     00007c00  _GpioCtrlRegs                         
1     00007f00  _GpioDataRegs                         
1     0000a800  _DAHALF                               
1     0000a801  _i                                    
1     0000a802  _j                                    
1     0000a803  _k                                    
1     0000a804  _iss                                  
1     0000a805  _sendChar                             
1     0000a806  _SpeedLoopPrescaler                   
1     0000a807  _SpeedLoopCount                       
1     0000a808  _AD7606                               
1     0000a80a  _DAA                                  
1     0000a80c  _DAB                                  
1     0000a80e  _DAC                                  
1     0000a810  _DAD                                  
1     0000a812  _IdRef                                
1     0000a814  _IqRef                                
1     0000a816  _T                                    
1     0000a818  _iqtest                               
1     0000a81a  _msg6                                 
1     0000a81c  _bianma                               
1     0000a81e  _bianma1                              
1     0000a820  _AngleInit                            
1     0000a822  _Anglezero                            
1     0000a824  _temp                                 
1     0000a826  _temp1                                
1     0000a828  _AngleReal                            
1     0000a82a  _Speedrpm                             
1     0000a82c  _SpeedRef                             
1     0000a82e  _SpeedRef1                            
1     0000a830  _OmegaM                               
1     0000a832  _idcan                                
1     0000a834  _iqcan                                
1     0000a836  _idcan1                               
1     0000a838  _iqcan1                               
1     0000a83a  _messageSize                          
1     0000a83c  _msgCount                             
1     0000a83e  _errFlag                              
1     0000a840  _EXADRESULTS                          
1     0000a848  _angle1                               
1     0000a850  _SAMPLERUSELTS                        
1     0000a85a  _clarke1                              
1     0000a866  _svgen_dq1                            
1     0000a872  _park1                                
1     0000a880  _rg1                                  
1     0000a88e  _ipark1                               
1     0000a89e  _pid1_id                              
1     0000a8c0  _pid1_iq                              
1     0000a900  _pid1_spd                             
1     0000a922  _ucRXMsgData                          
1     0000a92a  ___TI_enable_exit_profile_output      
1     0000a92c  ___TI_cleanup_ptr                     
1     0000a92e  ___TI_dtors_ptr                       
1     0000a930  _AngleStore                           
1     0000a934  _OmegaStore                           
1     0000a938  _ucTXMsgData                          
1     0000a93c  __lock                                
1     0000a93e  __unlock                              
1     0000a940  _deviceOpen                           
1     00047000  _Emif1Regs                            
1     00047800  _Emif2Regs                            
1     00048000  _CanaRegs                             
1     0004a000  _CanbRegs                             
1     00050000  _IpcRegs                              
1     00050024  _FlashPumpSemaphoreRegs               
1     0005d000  _DevCfgRegs                           
1     0005d180  _AnalogSubsysRegs                     
1     0005d200  _ClkCfgRegs                           
1     0005d300  _CpuSysRegs                           
1     0005e608  _RomPrefetchRegs                      
1     0005f000  _DcsmZ1Regs                           
1     0005f040  _DcsmZ2Regs                           
1     0005f070  _DcsmCommonRegs                       
1     0005f400  _MemCfgRegs                           
1     0005f480  _Emif1ConfigRegs                      
1     0005f4a0  _Emif2ConfigRegs                      
1     0005f4c0  _AccessProtectionRegs                 
1     0005f500  _MemoryErrorRegs                      
1     0005f540  _RomWaitStateRegs                     
1     0005f800  _Flash0CtrlRegs                       
1     0005fb00  _Flash0EccRegs                        
abs   00000200  __STACK_SIZE                          
abs   00000919  _RamfuncsLoadSize                     
abs   00000919  _RamfuncsRunSize                      
abs   ffffffff  .text                                 
abs   ffffffff  ___TI_pprof_out_hndl                  
abs   ffffffff  ___TI_prof_data_size                  
abs   ffffffff  ___TI_prof_data_start                 
abs   ffffffff  ___binit__                            
abs   ffffffff  ___c_args__                           
abs   ffffffff  ___etext__                            
abs   ffffffff  ___pinit__                            
abs   ffffffff  ___text__                             
abs   ffffffff  binit                                 
abs   ffffffff  etext                                 
abs   ffffffff  pinit                                 

[444 symbols]
