<?xml version="1.0" encoding="ISO-8859-1" ?>
<link_info>
   <banner>TMS320C2000 Linker PC v20.2.4.LTS</banner>
   <copyright>Copyright (c) 1996-2018 Texas Instruments Incorporated</copyright>
   <link_time>0x635f8030</link_time>
   <link_errors>0x0</link_errors>
   <output_file>Motor003.out</output_file>
   <entry_point>
      <name>_c_int00</name>
      <address>0x83487</address>
   </entry_point>
   <input_file_list>
      <input_file id="fl-2">
         <path>.\</path>
         <kind>object</kind>
         <file>Motor003.obj</file>
         <name>Motor003.obj</name>
      </input_file>
      <input_file id="fl-3">
         <path>.\source\</path>
         <kind>object</kind>
         <file>Angle.obj</file>
         <name>Angle.obj</name>
      </input_file>
      <input_file id="fl-4">
         <path>.\source\</path>
         <kind>object</kind>
         <file>F2837xD_CodeStartBranch.obj</file>
         <name>F2837xD_CodeStartBranch.obj</name>
      </input_file>
      <input_file id="fl-5">
         <path>.\source\</path>
         <kind>object</kind>
         <file>F2837xD_DefaultISR.obj</file>
         <name>F2837xD_DefaultISR.obj</name>
      </input_file>
      <input_file id="fl-6">
         <path>.\source\</path>
         <kind>object</kind>
         <file>F2837xD_EPwm.obj</file>
         <name>F2837xD_EPwm.obj</name>
      </input_file>
      <input_file id="fl-7">
         <path>.\source\</path>
         <kind>object</kind>
         <file>F2837xD_Emif.obj</file>
         <name>F2837xD_Emif.obj</name>
      </input_file>
      <input_file id="fl-8">
         <path>.\source\</path>
         <kind>object</kind>
         <file>F2837xD_GlobalVariableDefs.obj</file>
         <name>F2837xD_GlobalVariableDefs.obj</name>
      </input_file>
      <input_file id="fl-9">
         <path>.\source\</path>
         <kind>object</kind>
         <file>F2837xD_Gpio.obj</file>
         <name>F2837xD_Gpio.obj</name>
      </input_file>
      <input_file id="fl-a">
         <path>.\source\</path>
         <kind>object</kind>
         <file>F2837xD_Ipc.obj</file>
         <name>F2837xD_Ipc.obj</name>
      </input_file>
      <input_file id="fl-b">
         <path>.\source\</path>
         <kind>object</kind>
         <file>F2837xD_PieCtrl.obj</file>
         <name>F2837xD_PieCtrl.obj</name>
      </input_file>
      <input_file id="fl-c">
         <path>.\source\</path>
         <kind>object</kind>
         <file>F2837xD_PieVect.obj</file>
         <name>F2837xD_PieVect.obj</name>
      </input_file>
      <input_file id="fl-d">
         <path>.\source\</path>
         <kind>object</kind>
         <file>F2837xD_Sci.obj</file>
         <name>F2837xD_Sci.obj</name>
      </input_file>
      <input_file id="fl-e">
         <path>.\source\</path>
         <kind>object</kind>
         <file>F2837xD_SysCtrl.obj</file>
         <name>F2837xD_SysCtrl.obj</name>
      </input_file>
      <input_file id="fl-f">
         <path>.\source\</path>
         <kind>object</kind>
         <file>F2837xD_can.obj</file>
         <name>F2837xD_can.obj</name>
      </input_file>
      <input_file id="fl-10">
         <path>.\source\</path>
         <kind>object</kind>
         <file>F2837xD_sci_io.obj</file>
         <name>F2837xD_sci_io.obj</name>
      </input_file>
      <input_file id="fl-11">
         <path>.\source\</path>
         <kind>object</kind>
         <file>F2837xD_usDelay.obj</file>
         <name>F2837xD_usDelay.obj</name>
      </input_file>
      <input_file id="fl-12">
         <path>.\source\</path>
         <kind>object</kind>
         <file>FPUmathTables.obj</file>
         <name>FPUmathTables.obj</name>
      </input_file>
      <input_file id="fl-13">
         <path>.\source\</path>
         <kind>object</kind>
         <file>atan2_f32.obj</file>
         <name>atan2_f32.obj</name>
      </input_file>
      <input_file id="fl-14">
         <path>.\source\</path>
         <kind>object</kind>
         <file>atan_f32.obj</file>
         <name>atan_f32.obj</name>
      </input_file>
      <input_file id="fl-15">
         <path>.\source\</path>
         <kind>object</kind>
         <file>clarke.obj</file>
         <name>clarke.obj</name>
      </input_file>
      <input_file id="fl-16">
         <path>.\source\</path>
         <kind>object</kind>
         <file>cos_f32.obj</file>
         <name>cos_f32.obj</name>
      </input_file>
      <input_file id="fl-17">
         <path>.\source\</path>
         <kind>object</kind>
         <file>div_f32.obj</file>
         <name>div_f32.obj</name>
      </input_file>
      <input_file id="fl-18">
         <path>.\source\</path>
         <kind>object</kind>
         <file>ipark.obj</file>
         <name>ipark.obj</name>
      </input_file>
      <input_file id="fl-19">
         <path>.\source\</path>
         <kind>object</kind>
         <file>isqrt_f32.obj</file>
         <name>isqrt_f32.obj</name>
      </input_file>
      <input_file id="fl-1a">
         <path>.\source\</path>
         <kind>object</kind>
         <file>memcpy.obj</file>
         <name>memcpy.obj</name>
      </input_file>
      <input_file id="fl-1b">
         <path>.\source\</path>
         <kind>object</kind>
         <file>park.obj</file>
         <name>park.obj</name>
      </input_file>
      <input_file id="fl-1c">
         <path>.\source\</path>
         <kind>object</kind>
         <file>pid_reg3.obj</file>
         <name>pid_reg3.obj</name>
      </input_file>
      <input_file id="fl-1d">
         <path>.\source\</path>
         <kind>object</kind>
         <file>rampgen.obj</file>
         <name>rampgen.obj</name>
      </input_file>
      <input_file id="fl-1e">
         <path>.\source\</path>
         <kind>object</kind>
         <file>rmp_cntl.obj</file>
         <name>rmp_cntl.obj</name>
      </input_file>
      <input_file id="fl-1f">
         <path>.\source\</path>
         <kind>object</kind>
         <file>sin_f32.obj</file>
         <name>sin_f32.obj</name>
      </input_file>
      <input_file id="fl-20">
         <path>.\source\</path>
         <kind>object</kind>
         <file>sincos_f32.obj</file>
         <name>sincos_f32.obj</name>
      </input_file>
      <input_file id="fl-21">
         <path>.\source\</path>
         <kind>object</kind>
         <file>sqrt_f32.obj</file>
         <name>sqrt_f32.obj</name>
      </input_file>
      <input_file id="fl-22">
         <path>.\source\</path>
         <kind>object</kind>
         <file>svgen_dq.obj</file>
         <name>svgen_dq.obj</name>
      </input_file>
      <input_file id="fl-27">
         <kind>object</kind>
         <file>&lt;internal&gt;</file>
         <name>&lt;internal&gt;</name>
      </input_file>
      <input_file id="fl-33">
         <path>E:\CCS9.3\ccs\tools\compiler\ti-cgt-c2000_20.2.4.LTS\lib\</path>
         <kind>archive</kind>
         <file>rts2800_fpu32.lib</file>
         <name>boot28.asm.obj</name>
      </input_file>
      <input_file id="fl-34">
         <path>E:\CCS9.3\ccs\tools\compiler\ti-cgt-c2000_20.2.4.LTS\lib\</path>
         <kind>archive</kind>
         <file>rts2800_fpu32.lib</file>
         <name>ll_aox28.asm.obj</name>
      </input_file>
      <input_file id="fl-35">
         <path>E:\CCS9.3\ccs\tools\compiler\ti-cgt-c2000_20.2.4.LTS\lib\</path>
         <kind>archive</kind>
         <file>rts2800_fpu32.lib</file>
         <name>cpy_tbl.c.obj</name>
      </input_file>
      <input_file id="fl-36">
         <path>E:\CCS9.3\ccs\tools\compiler\ti-cgt-c2000_20.2.4.LTS\lib\</path>
         <kind>archive</kind>
         <file>rts2800_fpu32.lib</file>
         <name>pre_init.c.obj</name>
      </input_file>
      <input_file id="fl-37">
         <path>E:\CCS9.3\ccs\tools\compiler\ti-cgt-c2000_20.2.4.LTS\lib\</path>
         <kind>archive</kind>
         <file>rts2800_fpu32.lib</file>
         <name>startup.c.obj</name>
      </input_file>
      <input_file id="fl-38">
         <path>E:\CCS9.3\ccs\tools\compiler\ti-cgt-c2000_20.2.4.LTS\lib\</path>
         <kind>archive</kind>
         <file>rts2800_fpu32.lib</file>
         <name>exit.c.obj</name>
      </input_file>
      <input_file id="fl-39">
         <path>E:\CCS9.3\ccs\tools\compiler\ti-cgt-c2000_20.2.4.LTS\lib\</path>
         <kind>archive</kind>
         <file>rts2800_fpu32.lib</file>
         <name>_lock.c.obj</name>
      </input_file>
      <input_file id="fl-3a">
         <path>E:\CCS9.3\ccs\tools\compiler\ti-cgt-c2000_20.2.4.LTS\lib\</path>
         <kind>archive</kind>
         <file>rts2800_fpu32.lib</file>
         <name>args_main.c.obj</name>
      </input_file>
      <input_file id="fl-3b">
         <path>E:\CCS9.3\ccs\tools\compiler\ti-cgt-c2000_20.2.4.LTS\lib\</path>
         <kind>archive</kind>
         <file>rts2800_fpu32.lib</file>
         <name>memset.c.obj</name>
      </input_file>
   </input_file_list>
   <object_component_list>
      <object_component id="oc-89">
         <name>.cinit</name>
         <load_address>0x82000</load_address>
         <run_address>0x82000</run_address>
         <size>0x174</size>
         <input_file_ref idref="fl-2"/>
      </object_component>
      <object_component id="oc-1a7">
         <name>.cinit</name>
         <load_address>0x82174</load_address>
         <run_address>0x82174</run_address>
         <size>0xe</size>
         <input_file_ref idref="fl-38"/>
      </object_component>
      <object_component id="oc-1d7">
         <name>.cinit:_ucRXMsgData</name>
         <load_address>0x82182</load_address>
         <run_address>0x82182</run_address>
         <size>0xb</size>
         <input_file_ref idref="fl-2"/>
      </object_component>
      <object_component id="oc-1d5">
         <name>.cinit:_ucTXMsgData</name>
         <load_address>0x8218d</load_address>
         <run_address>0x8218d</run_address>
         <size>0xb</size>
         <input_file_ref idref="fl-2"/>
      </object_component>
      <object_component id="oc-1cb">
         <name>.cinit:_AngleStore</name>
         <load_address>0x82198</load_address>
         <run_address>0x82198</run_address>
         <size>0x7</size>
         <input_file_ref idref="fl-2"/>
      </object_component>
      <object_component id="oc-1cd">
         <name>.cinit:_OmegaStore</name>
         <load_address>0x8219f</load_address>
         <run_address>0x8219f</run_address>
         <size>0x7</size>
         <input_file_ref idref="fl-2"/>
      </object_component>
      <object_component id="oc-1d0">
         <name>.cinit:__lock</name>
         <load_address>0x821a6</load_address>
         <run_address>0x821a6</run_address>
         <size>0x5</size>
         <input_file_ref idref="fl-39"/>
      </object_component>
      <object_component id="oc-1e0">
         <name>.cinit:__unlock</name>
         <load_address>0x821ab</load_address>
         <run_address>0x821ab</run_address>
         <size>0x5</size>
         <input_file_ref idref="fl-39"/>
      </object_component>
      <object_component id="oc-130">
         <name>.cinit</name>
         <load_address>0x821b0</load_address>
         <run_address>0x821b0</run_address>
         <size>0x4</size>
         <input_file_ref idref="fl-10"/>
      </object_component>
      <object_component id="oc-9b">
         <name>.text:retain</name>
         <load_address>0x821b8</load_address>
         <run_address>0x821b8</run_address>
         <size>0x585</size>
         <input_file_ref idref="fl-5"/>
      </object_component>
      <object_component id="oc-1c9">
         <name>.text</name>
         <load_address>0x8273d</load_address>
         <run_address>0x8273d</run_address>
         <size>0x3a5</size>
         <input_file_ref idref="fl-2"/>
      </object_component>
      <object_component id="oc-1d8">
         <name>.text</name>
         <load_address>0x82ae2</load_address>
         <run_address>0x82ae2</run_address>
         <size>0x347</size>
         <input_file_ref idref="fl-e"/>
      </object_component>
      <object_component id="oc-1de">
         <name>.text</name>
         <load_address>0x82e29</load_address>
         <run_address>0x82e29</run_address>
         <size>0x31c</size>
         <input_file_ref idref="fl-7"/>
      </object_component>
      <object_component id="oc-1d9">
         <name>.text</name>
         <load_address>0x83145</load_address>
         <run_address>0x83145</run_address>
         <size>0x244</size>
         <input_file_ref idref="fl-9"/>
      </object_component>
      <object_component id="oc-1da">
         <name>.text</name>
         <load_address>0x83389</load_address>
         <run_address>0x83389</run_address>
         <size>0xfe</size>
         <input_file_ref idref="fl-6"/>
      </object_component>
      <object_component id="oc-87">
         <name>.text</name>
         <load_address>0x83487</load_address>
         <run_address>0x83487</run_address>
         <size>0x56</size>
         <input_file_ref idref="fl-33"/>
      </object_component>
      <object_component id="oc-13c">
         <name>.text</name>
         <load_address>0x834dd</load_address>
         <run_address>0x834dd</run_address>
         <size>0x4f</size>
         <input_file_ref idref="fl-13"/>
      </object_component>
      <object_component id="oc-1db">
         <name>.text</name>
         <load_address>0x8352c</load_address>
         <run_address>0x8352c</run_address>
         <size>0x4c</size>
         <input_file_ref idref="fl-f"/>
      </object_component>
      <object_component id="oc-141">
         <name>.text</name>
         <load_address>0x83578</load_address>
         <run_address>0x83578</run_address>
         <size>0x4a</size>
         <input_file_ref idref="fl-14"/>
      </object_component>
      <object_component id="oc-17d">
         <name>.text</name>
         <load_address>0x835c2</load_address>
         <run_address>0x835c2</run_address>
         <size>0x43</size>
         <input_file_ref idref="fl-20"/>
      </object_component>
      <object_component id="oc-14b">
         <name>.text</name>
         <load_address>0x83605</load_address>
         <run_address>0x83605</run_address>
         <size>0x34</size>
         <input_file_ref idref="fl-16"/>
      </object_component>
      <object_component id="oc-178">
         <name>.text</name>
         <load_address>0x83639</load_address>
         <run_address>0x83639</run_address>
         <size>0x34</size>
         <input_file_ref idref="fl-1f"/>
      </object_component>
      <object_component id="oc-1ce">
         <name>.text</name>
         <load_address>0x8366d</load_address>
         <run_address>0x8366d</run_address>
         <size>0x32</size>
         <input_file_ref idref="fl-1a"/>
      </object_component>
      <object_component id="oc-1c0">
         <name>.text</name>
         <load_address>0x8369f</load_address>
         <run_address>0x8369f</run_address>
         <size>0x29</size>
         <input_file_ref idref="fl-38"/>
      </object_component>
      <object_component id="oc-1dc">
         <name>.text</name>
         <load_address>0x836c8</load_address>
         <run_address>0x836c8</run_address>
         <size>0x28</size>
         <input_file_ref idref="fl-b"/>
      </object_component>
      <object_component id="oc-1dd">
         <name>.text</name>
         <load_address>0x836f0</load_address>
         <run_address>0x836f0</run_address>
         <size>0x26</size>
         <input_file_ref idref="fl-c"/>
      </object_component>
      <object_component id="oc-1bd">
         <name>.text</name>
         <load_address>0x83716</load_address>
         <run_address>0x83716</run_address>
         <size>0x24</size>
         <input_file_ref idref="fl-35"/>
      </object_component>
      <object_component id="oc-182">
         <name>.text</name>
         <load_address>0x8373a</load_address>
         <run_address>0x8373a</run_address>
         <size>0x21</size>
         <input_file_ref idref="fl-21"/>
      </object_component>
      <object_component id="oc-15a">
         <name>.text</name>
         <load_address>0x8375b</load_address>
         <run_address>0x8375b</run_address>
         <size>0x1c</size>
         <input_file_ref idref="fl-19"/>
      </object_component>
      <object_component id="oc-150">
         <name>.text</name>
         <load_address>0x83777</load_address>
         <run_address>0x83777</run_address>
         <size>0x19</size>
         <input_file_ref idref="fl-17"/>
      </object_component>
      <object_component id="oc-192">
         <name>.text</name>
         <load_address>0x83790</load_address>
         <run_address>0x83790</run_address>
         <size>0x18</size>
         <input_file_ref idref="fl-34"/>
      </object_component>
      <object_component id="oc-1d1">
         <name>.text</name>
         <load_address>0x837a8</load_address>
         <run_address>0x837a8</run_address>
         <size>0x16</size>
         <input_file_ref idref="fl-3"/>
      </object_component>
      <object_component id="oc-1bf">
         <name>.text</name>
         <load_address>0x837be</load_address>
         <run_address>0x837be</run_address>
         <size>0x12</size>
         <input_file_ref idref="fl-3a"/>
      </object_component>
      <object_component id="oc-1d2">
         <name>.text</name>
         <load_address>0x837d0</load_address>
         <run_address>0x837d0</run_address>
         <size>0x9</size>
         <input_file_ref idref="fl-18"/>
      </object_component>
      <object_component id="oc-1df">
         <name>.text</name>
         <load_address>0x837d9</load_address>
         <run_address>0x837d9</run_address>
         <size>0x9</size>
         <input_file_ref idref="fl-39"/>
      </object_component>
      <object_component id="oc-1bc">
         <name>.text</name>
         <load_address>0x837e2</load_address>
         <run_address>0x837e2</run_address>
         <size>0x2</size>
         <input_file_ref idref="fl-36"/>
      </object_component>
      <object_component id="oc-1be">
         <name>.text</name>
         <load_address>0x837e4</load_address>
         <run_address>0x837e4</run_address>
         <size>0x1</size>
         <input_file_ref idref="fl-37"/>
      </object_component>
      <object_component id="oc-95">
         <name>codestart</name>
         <load_address>0x80000</load_address>
         <run_address>0x80000</run_address>
         <size>0x2</size>
         <input_file_ref idref="fl-4"/>
      </object_component>
      <object_component id="oc-18c">
         <name>.stack</name>
         <uninitialized>true</uninitialized>
         <run_address>0x400</run_address>
         <size>0x0</size>
         <input_file_ref idref="fl-33"/>
      </object_component>
      <object_component id="oc-278">
         <name>.stack</name>
         <uninitialized>true</uninitialized>
         <run_address>0x400</run_address>
         <size>0x0</size>
      </object_component>
      <object_component id="oc-18d">
         <name>.reset</name>
         <load_address>0x3fffc0</load_address>
         <run_address>0x3fffc0</run_address>
         <size>0x2</size>
         <input_file_ref idref="fl-33"/>
      </object_component>
      <object_component id="oc-8a">
         <name>.ebss</name>
         <uninitialized>true</uninitialized>
         <run_address>0xa800</run_address>
         <size>0x162</size>
         <input_file_ref idref="fl-2"/>
      </object_component>
      <object_component id="oc-1d6">
         <name>.ebss:_ucRXMsgData</name>
         <uninitialized>true</uninitialized>
         <run_address>0xa962</run_address>
         <size>0x8</size>
         <input_file_ref idref="fl-2"/>
      </object_component>
      <object_component id="oc-1d4">
         <name>.ebss:_ucTXMsgData</name>
         <uninitialized>true</uninitialized>
         <run_address>0xa96a</run_address>
         <size>0x8</size>
         <input_file_ref idref="fl-2"/>
      </object_component>
      <object_component id="oc-1a8">
         <name>.ebss</name>
         <uninitialized>true</uninitialized>
         <run_address>0xa972</run_address>
         <size>0x6</size>
         <input_file_ref idref="fl-38"/>
      </object_component>
      <object_component id="oc-1ca">
         <name>.ebss:_AngleStore</name>
         <uninitialized>true</uninitialized>
         <run_address>0xa978</run_address>
         <size>0x4</size>
         <input_file_ref idref="fl-2"/>
      </object_component>
      <object_component id="oc-1cc">
         <name>.ebss:_OmegaStore</name>
         <uninitialized>true</uninitialized>
         <run_address>0xa97c</run_address>
         <size>0x4</size>
         <input_file_ref idref="fl-2"/>
      </object_component>
      <object_component id="oc-1cf">
         <name>.ebss:__lock</name>
         <uninitialized>true</uninitialized>
         <run_address>0xa980</run_address>
         <size>0x2</size>
         <input_file_ref idref="fl-39"/>
      </object_component>
      <object_component id="oc-1e3">
         <name>.ebss:__unlock</name>
         <uninitialized>true</uninitialized>
         <run_address>0xa982</run_address>
         <size>0x2</size>
         <input_file_ref idref="fl-39"/>
      </object_component>
      <object_component id="oc-131">
         <name>.ebss</name>
         <uninitialized>true</uninitialized>
         <run_address>0xa984</run_address>
         <size>0x1</size>
         <input_file_ref idref="fl-10"/>
      </object_component>
      <object_component id="oc-1e2">
         <name>.econst:_PieVectTableInit</name>
         <load_address>0x90000</load_address>
         <run_address>0x90000</run_address>
         <size>0x1c0</size>
         <input_file_ref idref="fl-c"/>
      </object_component>
      <object_component id="oc-1d3">
         <name>.econst:_canBitValues</name>
         <load_address>0x901c0</load_address>
         <run_address>0x901c0</run_address>
         <size>0x9</size>
         <input_file_ref idref="fl-2"/>
      </object_component>
      <object_component id="oc-1c8">
         <name>.TI.ramfunc</name>
         <load_address>0x86000</load_address>
         <run_address>0x8000</run_address>
         <size>0x323</size>
         <input_file_ref idref="fl-2"/>
      </object_component>
      <object_component id="oc-1c3">
         <name>.TI.ramfunc</name>
         <load_address>0x86323</load_address>
         <run_address>0x8323</run_address>
         <size>0x19e</size>
         <input_file_ref idref="fl-22"/>
      </object_component>
      <object_component id="oc-8b">
         <name>.TI.ramfunc:retain</name>
         <load_address>0x864c1</load_address>
         <run_address>0x84c1</run_address>
         <size>0x199</size>
         <input_file_ref idref="fl-2"/>
      </object_component>
      <object_component id="oc-1c7">
         <name>.TI.ramfunc</name>
         <load_address>0x8665a</load_address>
         <run_address>0x865a</run_address>
         <size>0xba</size>
         <input_file_ref idref="fl-1c"/>
      </object_component>
      <object_component id="oc-1c6">
         <name>.TI.ramfunc</name>
         <load_address>0x86714</load_address>
         <run_address>0x8714</run_address>
         <size>0x9e</size>
         <input_file_ref idref="fl-18"/>
      </object_component>
      <object_component id="oc-1c5">
         <name>.TI.ramfunc</name>
         <load_address>0x867b2</load_address>
         <run_address>0x87b2</run_address>
         <size>0x8a</size>
         <input_file_ref idref="fl-1d"/>
      </object_component>
      <object_component id="oc-1e1">
         <name>.TI.ramfunc</name>
         <load_address>0x8683c</load_address>
         <run_address>0x883c</run_address>
         <size>0x37</size>
         <input_file_ref idref="fl-e"/>
      </object_component>
      <object_component id="oc-1c2">
         <name>.TI.ramfunc</name>
         <load_address>0x86873</load_address>
         <run_address>0x8873</run_address>
         <size>0x2e</size>
         <input_file_ref idref="fl-15"/>
      </object_component>
      <object_component id="oc-1c4">
         <name>.TI.ramfunc</name>
         <load_address>0x868a1</load_address>
         <run_address>0x88a1</run_address>
         <size>0x2d</size>
         <input_file_ref idref="fl-1b"/>
      </object_component>
      <object_component id="oc-1c1">
         <name>.TI.ramfunc</name>
         <load_address>0x868ce</load_address>
         <run_address>0x88ce</run_address>
         <size>0x13</size>
         <input_file_ref idref="fl-3"/>
      </object_component>
      <object_component id="oc-136">
         <name>.TI.ramfunc</name>
         <load_address>0x868e1</load_address>
         <run_address>0x88e1</run_address>
         <size>0x4</size>
         <input_file_ref idref="fl-11"/>
      </object_component>
      <object_component id="oc-10d">
         <name>PieVectTableFile</name>
         <uninitialized>true</uninitialized>
         <run_address>0xd00</run_address>
         <size>0x1c0</size>
         <input_file_ref idref="fl-8"/>
      </object_component>
      <object_component id="oc-ac">
         <name>EmuBModeVar</name>
         <uninitialized>true</uninitialized>
         <run_address>0xd00</run_address>
         <size>0x1</size>
         <input_file_ref idref="fl-8"/>
      </object_component>
      <object_component id="oc-c2">
         <name>AdcaResultFile</name>
         <uninitialized>true</uninitialized>
         <run_address>0xb00</run_address>
         <size>0x18</size>
         <input_file_ref idref="fl-8"/>
      </object_component>
      <object_component id="oc-c3">
         <name>AdcbResultFile</name>
         <uninitialized>true</uninitialized>
         <run_address>0xb20</run_address>
         <size>0x18</size>
         <input_file_ref idref="fl-8"/>
      </object_component>
      <object_component id="oc-c4">
         <name>AdccResultFile</name>
         <uninitialized>true</uninitialized>
         <run_address>0xb40</run_address>
         <size>0x18</size>
         <input_file_ref idref="fl-8"/>
      </object_component>
      <object_component id="oc-c5">
         <name>AdcdResultFile</name>
         <uninitialized>true</uninitialized>
         <run_address>0xb60</run_address>
         <size>0x18</size>
         <input_file_ref idref="fl-8"/>
      </object_component>
      <object_component id="oc-f3">
         <name>AdcaRegsFile</name>
         <uninitialized>true</uninitialized>
         <run_address>0x7400</run_address>
         <size>0x80</size>
         <input_file_ref idref="fl-8"/>
      </object_component>
      <object_component id="oc-f4">
         <name>AdcbRegsFile</name>
         <uninitialized>true</uninitialized>
         <run_address>0x7480</run_address>
         <size>0x80</size>
         <input_file_ref idref="fl-8"/>
      </object_component>
      <object_component id="oc-f5">
         <name>AdccRegsFile</name>
         <uninitialized>true</uninitialized>
         <run_address>0x7500</run_address>
         <size>0x80</size>
         <input_file_ref idref="fl-8"/>
      </object_component>
      <object_component id="oc-f6">
         <name>AdcdRegsFile</name>
         <uninitialized>true</uninitialized>
         <run_address>0x7580</run_address>
         <size>0x80</size>
         <input_file_ref idref="fl-8"/>
      </object_component>
      <object_component id="oc-ef">
         <name>AnalogSubsysRegsFile</name>
         <uninitialized>true</uninitialized>
         <run_address>0x5d180</run_address>
         <size>0x48</size>
         <input_file_ref idref="fl-8"/>
      </object_component>
      <object_component id="oc-109">
         <name>CanaRegsFile</name>
         <uninitialized>true</uninitialized>
         <run_address>0x48000</run_address>
         <size>0x164</size>
         <input_file_ref idref="fl-8"/>
      </object_component>
      <object_component id="oc-10a">
         <name>CanbRegsFile</name>
         <uninitialized>true</uninitialized>
         <run_address>0x4a000</run_address>
         <size>0x164</size>
         <input_file_ref idref="fl-8"/>
      </object_component>
      <object_component id="oc-ea">
         <name>Cla1RegsFile</name>
         <uninitialized>true</uninitialized>
         <run_address>0x1400</run_address>
         <size>0x3e</size>
         <input_file_ref idref="fl-8"/>
      </object_component>
      <object_component id="oc-b0">
         <name>Cla1SoftIntRegsFile</name>
         <uninitialized>true</uninitialized>
         <run_address>0xce0</run_address>
         <size>0x4</size>
         <input_file_ref idref="fl-8"/>
      </object_component>
      <object_component id="oc-c8">
         <name>Cmpss1RegsFile</name>
         <uninitialized>true</uninitialized>
         <run_address>0x5c80</run_address>
         <size>0x20</size>
         <input_file_ref idref="fl-8"/>
      </object_component>
      <object_component id="oc-c9">
         <name>Cmpss2RegsFile</name>
         <uninitialized>true</uninitialized>
         <run_address>0x5ca0</run_address>
         <size>0x20</size>
         <input_file_ref idref="fl-8"/>
      </object_component>
      <object_component id="oc-ca">
         <name>Cmpss3RegsFile</name>
         <uninitialized>true</uninitialized>
         <run_address>0x5cc0</run_address>
         <size>0x20</size>
         <input_file_ref idref="fl-8"/>
      </object_component>
      <object_component id="oc-cb">
         <name>Cmpss4RegsFile</name>
         <uninitialized>true</uninitialized>
         <run_address>0x5ce0</run_address>
         <size>0x20</size>
         <input_file_ref idref="fl-8"/>
      </object_component>
      <object_component id="oc-cc">
         <name>Cmpss5RegsFile</name>
         <uninitialized>true</uninitialized>
         <run_address>0x5d00</run_address>
         <size>0x20</size>
         <input_file_ref idref="fl-8"/>
      </object_component>
      <object_component id="oc-cd">
         <name>Cmpss6RegsFile</name>
         <uninitialized>true</uninitialized>
         <run_address>0x5d20</run_address>
         <size>0x20</size>
         <input_file_ref idref="fl-8"/>
      </object_component>
      <object_component id="oc-ce">
         <name>Cmpss7RegsFile</name>
         <uninitialized>true</uninitialized>
         <run_address>0x5d40</run_address>
         <size>0x20</size>
         <input_file_ref idref="fl-8"/>
      </object_component>
      <object_component id="oc-cf">
         <name>Cmpss8RegsFile</name>
         <uninitialized>true</uninitialized>
         <run_address>0x5d60</run_address>
         <size>0x20</size>
         <input_file_ref idref="fl-8"/>
      </object_component>
      <object_component id="oc-b6">
         <name>CpuTimer0RegsFile</name>
         <uninitialized>true</uninitialized>
         <run_address>0xc00</run_address>
         <size>0x8</size>
         <input_file_ref idref="fl-8"/>
      </object_component>
      <object_component id="oc-b7">
         <name>CpuTimer1RegsFile</name>
         <uninitialized>true</uninitialized>
         <run_address>0xc08</run_address>
         <size>0x8</size>
         <input_file_ref idref="fl-8"/>
      </object_component>
      <object_component id="oc-b8">
         <name>CpuTimer2RegsFile</name>
         <uninitialized>true</uninitialized>
         <run_address>0xc10</run_address>
         <size>0x8</size>
         <input_file_ref idref="fl-8"/>
      </object_component>
      <object_component id="oc-b3">
         <name>DacaRegsFile</name>
         <uninitialized>true</uninitialized>
         <run_address>0x5c00</run_address>
         <size>0x8</size>
         <input_file_ref idref="fl-8"/>
      </object_component>
      <object_component id="oc-b4">
         <name>DacbRegsFile</name>
         <uninitialized>true</uninitialized>
         <run_address>0x5c10</run_address>
         <size>0x8</size>
         <input_file_ref idref="fl-8"/>
      </object_component>
      <object_component id="oc-b5">
         <name>DaccRegsFile</name>
         <uninitialized>true</uninitialized>
         <run_address>0x5c20</run_address>
         <size>0x8</size>
         <input_file_ref idref="fl-8"/>
      </object_component>
      <object_component id="oc-e1">
         <name>DcsmZ1RegsFile</name>
         <uninitialized>true</uninitialized>
         <run_address>0x5f000</run_address>
         <size>0x24</size>
         <input_file_ref idref="fl-8"/>
      </object_component>
      <object_component id="oc-e2">
         <name>DcsmZ2RegsFile</name>
         <uninitialized>true</uninitialized>
         <run_address>0x5f040</run_address>
         <size>0x24</size>
         <input_file_ref idref="fl-8"/>
      </object_component>
      <object_component id="oc-b9">
         <name>DcsmCommonRegsFile</name>
         <uninitialized>true</uninitialized>
         <run_address>0x5f070</run_address>
         <size>0x8</size>
         <input_file_ref idref="fl-8"/>
      </object_component>
      <object_component id="oc-fb">
         <name>DmaRegsFile</name>
         <uninitialized>true</uninitialized>
         <run_address>0x1000</run_address>
         <size>0xe0</size>
         <input_file_ref idref="fl-8"/>
      </object_component>
      <object_component id="oc-c6">
         <name>DmaClaSrcSelRegsFile</name>
         <uninitialized>true</uninitialized>
         <run_address>0x7980</run_address>
         <size>0x1a</size>
         <input_file_ref idref="fl-8"/>
      </object_component>
      <object_component id="oc-d2">
         <name>ECap1RegsFile</name>
         <uninitialized>true</uninitialized>
         <run_address>0x5000</run_address>
         <size>0x20</size>
         <input_file_ref idref="fl-8"/>
      </object_component>
      <object_component id="oc-d3">
         <name>ECap2RegsFile</name>
         <uninitialized>true</uninitialized>
         <run_address>0x5020</run_address>
         <size>0x20</size>
         <input_file_ref idref="fl-8"/>
      </object_component>
      <object_component id="oc-d4">
         <name>ECap3RegsFile</name>
         <uninitialized>true</uninitialized>
         <run_address>0x5040</run_address>
         <size>0x20</size>
         <input_file_ref idref="fl-8"/>
      </object_component>
      <object_component id="oc-d5">
         <name>ECap4RegsFile</name>
         <uninitialized>true</uninitialized>
         <run_address>0x5060</run_address>
         <size>0x20</size>
         <input_file_ref idref="fl-8"/>
      </object_component>
      <object_component id="oc-d6">
         <name>ECap5RegsFile</name>
         <uninitialized>true</uninitialized>
         <run_address>0x5080</run_address>
         <size>0x20</size>
         <input_file_ref idref="fl-8"/>
      </object_component>
      <object_component id="oc-d7">
         <name>ECap6RegsFile</name>
         <uninitialized>true</uninitialized>
         <run_address>0x50a0</run_address>
         <size>0x20</size>
         <input_file_ref idref="fl-8"/>
      </object_component>
      <object_component id="oc-f1">
         <name>Emif1RegsFile</name>
         <uninitialized>true</uninitialized>
         <run_address>0x47000</run_address>
         <size>0x70</size>
         <input_file_ref idref="fl-8"/>
      </object_component>
      <object_component id="oc-f2">
         <name>Emif2RegsFile</name>
         <uninitialized>true</uninitialized>
         <run_address>0x47800</run_address>
         <size>0x70</size>
         <input_file_ref idref="fl-8"/>
      </object_component>
      <object_component id="oc-fc">
         <name>EPwm1RegsFile</name>
         <uninitialized>true</uninitialized>
         <run_address>0x4000</run_address>
         <size>0x100</size>
         <input_file_ref idref="fl-8"/>
      </object_component>
      <object_component id="oc-fd">
         <name>EPwm2RegsFile</name>
         <uninitialized>true</uninitialized>
         <run_address>0x4100</run_address>
         <size>0x100</size>
         <input_file_ref idref="fl-8"/>
      </object_component>
      <object_component id="oc-fe">
         <name>EPwm3RegsFile</name>
         <uninitialized>true</uninitialized>
         <run_address>0x4200</run_address>
         <size>0x100</size>
         <input_file_ref idref="fl-8"/>
      </object_component>
      <object_component id="oc-ff">
         <name>EPwm4RegsFile</name>
         <uninitialized>true</uninitialized>
         <run_address>0x4300</run_address>
         <size>0x100</size>
         <input_file_ref idref="fl-8"/>
      </object_component>
      <object_component id="oc-100">
         <name>EPwm5RegsFile</name>
         <uninitialized>true</uninitialized>
         <run_address>0x4400</run_address>
         <size>0x100</size>
         <input_file_ref idref="fl-8"/>
      </object_component>
      <object_component id="oc-101">
         <name>EPwm6RegsFile</name>
         <uninitialized>true</uninitialized>
         <run_address>0x4500</run_address>
         <size>0x100</size>
         <input_file_ref idref="fl-8"/>
      </object_component>
      <object_component id="oc-102">
         <name>EPwm7RegsFile</name>
         <uninitialized>true</uninitialized>
         <run_address>0x4600</run_address>
         <size>0x100</size>
         <input_file_ref idref="fl-8"/>
      </object_component>
      <object_component id="oc-103">
         <name>EPwm8RegsFile</name>
         <uninitialized>true</uninitialized>
         <run_address>0x4700</run_address>
         <size>0x100</size>
         <input_file_ref idref="fl-8"/>
      </object_component>
      <object_component id="oc-104">
         <name>EPwm9RegsFile</name>
         <uninitialized>true</uninitialized>
         <run_address>0x4800</run_address>
         <size>0x100</size>
         <input_file_ref idref="fl-8"/>
      </object_component>
      <object_component id="oc-105">
         <name>EPwm10RegsFile</name>
         <uninitialized>true</uninitialized>
         <run_address>0x4900</run_address>
         <size>0x100</size>
         <input_file_ref idref="fl-8"/>
      </object_component>
      <object_component id="oc-106">
         <name>EPwm11RegsFile</name>
         <uninitialized>true</uninitialized>
         <run_address>0x4a00</run_address>
         <size>0x100</size>
         <input_file_ref idref="fl-8"/>
      </object_component>
      <object_component id="oc-107">
         <name>EPwm12RegsFile</name>
         <uninitialized>true</uninitialized>
         <run_address>0x4b00</run_address>
         <size>0x100</size>
         <input_file_ref idref="fl-8"/>
      </object_component>
      <object_component id="oc-eb">
         <name>EPwmXbarRegsFile</name>
         <uninitialized>true</uninitialized>
         <run_address>0x7a00</run_address>
         <size>0x40</size>
         <input_file_ref idref="fl-8"/>
      </object_component>
      <object_component id="oc-dc">
         <name>EQep1RegsFile</name>
         <uninitialized>true</uninitialized>
         <run_address>0x5100</run_address>
         <size>0x22</size>
         <input_file_ref idref="fl-8"/>
      </object_component>
      <object_component id="oc-dd">
         <name>EQep2RegsFile</name>
         <uninitialized>true</uninitialized>
         <run_address>0x5140</run_address>
         <size>0x22</size>
         <input_file_ref idref="fl-8"/>
      </object_component>
      <object_component id="oc-de">
         <name>EQep3RegsFile</name>
         <uninitialized>true</uninitialized>
         <run_address>0x5180</run_address>
         <size>0x22</size>
         <input_file_ref idref="fl-8"/>
      </object_component>
      <object_component id="oc-10c">
         <name>Flash0CtrlRegsFile</name>
         <uninitialized>true</uninitialized>
         <run_address>0x5f800</run_address>
         <size>0x182</size>
         <input_file_ref idref="fl-8"/>
      </object_component>
      <object_component id="oc-e6">
         <name>Flash0EccRegsFile</name>
         <uninitialized>true</uninitialized>
         <run_address>0x5fb00</run_address>
         <size>0x28</size>
         <input_file_ref idref="fl-8"/>
      </object_component>
      <object_component id="oc-10b">
         <name>GpioCtrlRegsFile</name>
         <uninitialized>true</uninitialized>
         <run_address>0x7c00</run_address>
         <size>0x180</size>
         <input_file_ref idref="fl-8"/>
      </object_component>
      <object_component id="oc-e8">
         <name>GpioDataRegsFile</name>
         <uninitialized>true</uninitialized>
         <run_address>0x7f00</run_address>
         <size>0x30</size>
         <input_file_ref idref="fl-8"/>
      </object_component>
      <object_component id="oc-ec">
         <name>OutputXbarRegsFile</name>
         <uninitialized>true</uninitialized>
         <run_address>0x7a80</run_address>
         <size>0x40</size>
         <input_file_ref idref="fl-8"/>
      </object_component>
      <object_component id="oc-df">
         <name>I2caRegsFile</name>
         <uninitialized>true</uninitialized>
         <run_address>0x7300</run_address>
         <size>0x22</size>
         <input_file_ref idref="fl-8"/>
      </object_component>
      <object_component id="oc-e0">
         <name>I2cbRegsFile</name>
         <uninitialized>true</uninitialized>
         <run_address>0x7340</run_address>
         <size>0x22</size>
         <input_file_ref idref="fl-8"/>
      </object_component>
      <object_component id="oc-d8">
         <name>InputXbarRegsFile</name>
         <uninitialized>true</uninitialized>
         <run_address>0x7900</run_address>
         <size>0x20</size>
         <input_file_ref idref="fl-8"/>
      </object_component>
      <object_component id="oc-d9">
         <name>XbarRegsFile</name>
         <uninitialized>true</uninitialized>
         <run_address>0x7920</run_address>
         <size>0x20</size>
         <input_file_ref idref="fl-8"/>
      </object_component>
      <object_component id="oc-e3">
         <name>IpcRegsFile</name>
         <uninitialized>true</uninitialized>
         <run_address>0x50000</run_address>
         <size>0x24</size>
         <input_file_ref idref="fl-8"/>
      </object_component>
      <object_component id="oc-ad">
         <name>FlashPumpSemaphoreRegsFile</name>
         <uninitialized>true</uninitialized>
         <run_address>0x50024</run_address>
         <size>0x2</size>
         <input_file_ref idref="fl-8"/>
      </object_component>
      <object_component id="oc-ae">
         <name>RomPrefetchRegsFile</name>
         <uninitialized>true</uninitialized>
         <run_address>0x5e608</run_address>
         <size>0x2</size>
         <input_file_ref idref="fl-8"/>
      </object_component>
      <object_component id="oc-f7">
         <name>MemCfgRegsFile</name>
         <uninitialized>true</uninitialized>
         <run_address>0x5f400</run_address>
         <size>0x80</size>
         <input_file_ref idref="fl-8"/>
      </object_component>
      <object_component id="oc-da">
         <name>Emif1ConfigRegsFile</name>
         <uninitialized>true</uninitialized>
         <run_address>0x5f480</run_address>
         <size>0x20</size>
         <input_file_ref idref="fl-8"/>
      </object_component>
      <object_component id="oc-db">
         <name>Emif2ConfigRegsFile</name>
         <uninitialized>true</uninitialized>
         <run_address>0x5f4a0</run_address>
         <size>0x20</size>
         <input_file_ref idref="fl-8"/>
      </object_component>
      <object_component id="oc-ed">
         <name>AccessProtectionRegsFile</name>
         <uninitialized>true</uninitialized>
         <run_address>0x5f4c0</run_address>
         <size>0x40</size>
         <input_file_ref idref="fl-8"/>
      </object_component>
      <object_component id="oc-ee">
         <name>MemoryErrorRegsFile</name>
         <uninitialized>true</uninitialized>
         <run_address>0x5f500</run_address>
         <size>0x40</size>
         <input_file_ref idref="fl-8"/>
      </object_component>
      <object_component id="oc-af">
         <name>RomWaitStateRegsFile</name>
         <uninitialized>true</uninitialized>
         <run_address>0x5f540</run_address>
         <size>0x2</size>
         <input_file_ref idref="fl-8"/>
      </object_component>
      <object_component id="oc-e4">
         <name>McbspaRegsFile</name>
         <uninitialized>true</uninitialized>
         <run_address>0x6000</run_address>
         <size>0x24</size>
         <input_file_ref idref="fl-8"/>
      </object_component>
      <object_component id="oc-e5">
         <name>McbspbRegsFile</name>
         <uninitialized>true</uninitialized>
         <run_address>0x6040</run_address>
         <size>0x24</size>
         <input_file_ref idref="fl-8"/>
      </object_component>
      <object_component id="oc-f0">
         <name>UppRegsFile</name>
         <uninitialized>true</uninitialized>
         <run_address>0x6200</run_address>
         <size>0x48</size>
         <input_file_ref idref="fl-8"/>
      </object_component>
      <object_component id="oc-b2">
         <name>NmiIntruptRegsFile</name>
         <uninitialized>true</uninitialized>
         <run_address>0x7060</run_address>
         <size>0x7</size>
         <input_file_ref idref="fl-8"/>
      </object_component>
      <object_component id="oc-c7">
         <name>PieCtrlRegsFile</name>
         <uninitialized>true</uninitialized>
         <run_address>0xce0</run_address>
         <size>0x1a</size>
         <input_file_ref idref="fl-8"/>
      </object_component>
      <object_component id="oc-bb">
         <name>SciaRegsFile</name>
         <uninitialized>true</uninitialized>
         <run_address>0x7200</run_address>
         <size>0x10</size>
         <input_file_ref idref="fl-8"/>
      </object_component>
      <object_component id="oc-bc">
         <name>ScibRegsFile</name>
         <uninitialized>true</uninitialized>
         <run_address>0x7210</run_address>
         <size>0x10</size>
         <input_file_ref idref="fl-8"/>
      </object_component>
      <object_component id="oc-bd">
         <name>ScicRegsFile</name>
         <uninitialized>true</uninitialized>
         <run_address>0x7220</run_address>
         <size>0x10</size>
         <input_file_ref idref="fl-8"/>
      </object_component>
      <object_component id="oc-be">
         <name>ScidRegsFile</name>
         <uninitialized>true</uninitialized>
         <run_address>0x7230</run_address>
         <size>0x10</size>
         <input_file_ref idref="fl-8"/>
      </object_component>
      <object_component id="oc-f8">
         <name>Sdfm1RegsFile</name>
         <uninitialized>true</uninitialized>
         <run_address>0x5e00</run_address>
         <size>0x80</size>
         <input_file_ref idref="fl-8"/>
      </object_component>
      <object_component id="oc-f9">
         <name>Sdfm2RegsFile</name>
         <uninitialized>true</uninitialized>
         <run_address>0x5e80</run_address>
         <size>0x80</size>
         <input_file_ref idref="fl-8"/>
      </object_component>
      <object_component id="oc-bf">
         <name>SpiaRegsFile</name>
         <uninitialized>true</uninitialized>
         <run_address>0x6100</run_address>
         <size>0x10</size>
         <input_file_ref idref="fl-8"/>
      </object_component>
      <object_component id="oc-c0">
         <name>SpibRegsFile</name>
         <uninitialized>true</uninitialized>
         <run_address>0x6110</run_address>
         <size>0x10</size>
         <input_file_ref idref="fl-8"/>
      </object_component>
      <object_component id="oc-c1">
         <name>SpicRegsFile</name>
         <uninitialized>true</uninitialized>
         <run_address>0x6120</run_address>
         <size>0x10</size>
         <input_file_ref idref="fl-8"/>
      </object_component>
      <object_component id="oc-108">
         <name>DevCfgRegsFile</name>
         <uninitialized>true</uninitialized>
         <run_address>0x5d000</run_address>
         <size>0x12e</size>
         <input_file_ref idref="fl-8"/>
      </object_component>
      <object_component id="oc-e9">
         <name>ClkCfgRegsFile</name>
         <uninitialized>true</uninitialized>
         <run_address>0x5d200</run_address>
         <size>0x32</size>
         <input_file_ref idref="fl-8"/>
      </object_component>
      <object_component id="oc-fa">
         <name>CpuSysRegsFile</name>
         <uninitialized>true</uninitialized>
         <run_address>0x5d300</run_address>
         <size>0x82</size>
         <input_file_ref idref="fl-8"/>
      </object_component>
      <object_component id="oc-b1">
         <name>SyncSocRegsFile</name>
         <uninitialized>true</uninitialized>
         <run_address>0x7940</run_address>
         <size>0x6</size>
         <input_file_ref idref="fl-8"/>
      </object_component>
      <object_component id="oc-e7">
         <name>WdRegsFile</name>
         <uninitialized>true</uninitialized>
         <run_address>0x7000</run_address>
         <size>0x2b</size>
         <input_file_ref idref="fl-8"/>
      </object_component>
      <object_component id="oc-ba">
         <name>XintRegsFile</name>
         <uninitialized>true</uninitialized>
         <run_address>0x7070</run_address>
         <size>0xb</size>
         <input_file_ref idref="fl-8"/>
      </object_component>
      <object_component id="oc-88">
         <name>.debug_info</name>
         <load_address>0x0</load_address>
         <run_address>0x0</run_address>
         <size>0x1a6f5</size>
         <input_file_ref idref="fl-2"/>
      </object_component>
      <object_component id="oc-90">
         <name>.debug_info</name>
         <load_address>0x1a6f5</load_address>
         <run_address>0x1a6f5</run_address>
         <size>0x5fb</size>
         <input_file_ref idref="fl-3"/>
      </object_component>
      <object_component id="oc-97">
         <name>.debug_info</name>
         <load_address>0x1acf0</load_address>
         <run_address>0x1acf0</run_address>
         <size>0xee</size>
         <input_file_ref idref="fl-4"/>
      </object_component>
      <object_component id="oc-9a">
         <name>.debug_info</name>
         <load_address>0x1adde</load_address>
         <run_address>0x1adde</run_address>
         <size>0x3c7e</size>
         <input_file_ref idref="fl-5"/>
      </object_component>
      <object_component id="oc-a0">
         <name>.debug_info</name>
         <load_address>0x1ea5c</load_address>
         <run_address>0x1ea5c</run_address>
         <size>0xfa20</size>
         <input_file_ref idref="fl-6"/>
      </object_component>
      <object_component id="oc-a5">
         <name>.debug_info</name>
         <load_address>0x2e47c</load_address>
         <run_address>0x2e47c</run_address>
         <size>0x65f2</size>
         <input_file_ref idref="fl-7"/>
      </object_component>
      <object_component id="oc-aa">
         <name>.debug_info</name>
         <load_address>0x34a6e</load_address>
         <run_address>0x34a6e</run_address>
         <size>0x50332</size>
         <input_file_ref idref="fl-8"/>
      </object_component>
      <object_component id="oc-10f">
         <name>.debug_info</name>
         <load_address>0x84da0</load_address>
         <run_address>0x84da0</run_address>
         <size>0x19dd5</size>
         <input_file_ref idref="fl-9"/>
      </object_component>
      <object_component id="oc-114">
         <name>.debug_info</name>
         <load_address>0x9eb75</load_address>
         <run_address>0x9eb75</run_address>
         <size>0x161d</size>
         <input_file_ref idref="fl-a"/>
      </object_component>
      <object_component id="oc-119">
         <name>.debug_info</name>
         <load_address>0xa0192</load_address>
         <run_address>0xa0192</run_address>
         <size>0x3558</size>
         <input_file_ref idref="fl-b"/>
      </object_component>
      <object_component id="oc-11e">
         <name>.debug_info</name>
         <load_address>0xa36ea</load_address>
         <run_address>0xa36ea</run_address>
         <size>0x6710</size>
         <input_file_ref idref="fl-c"/>
      </object_component>
      <object_component id="oc-123">
         <name>.debug_info</name>
         <load_address>0xa9dfa</load_address>
         <run_address>0xa9dfa</run_address>
         <size>0x178</size>
         <input_file_ref idref="fl-d"/>
      </object_component>
      <object_component id="oc-125">
         <name>.debug_info</name>
         <load_address>0xa9f72</load_address>
         <run_address>0xa9f72</run_address>
         <size>0xca53</size>
         <input_file_ref idref="fl-e"/>
      </object_component>
      <object_component id="oc-12a">
         <name>.debug_info</name>
         <load_address>0xb69c5</load_address>
         <run_address>0xb69c5</run_address>
         <size>0x2b47</size>
         <input_file_ref idref="fl-f"/>
      </object_component>
      <object_component id="oc-12f">
         <name>.debug_info</name>
         <load_address>0xb950c</load_address>
         <run_address>0xb950c</run_address>
         <size>0x33fe</size>
         <input_file_ref idref="fl-10"/>
      </object_component>
      <object_component id="oc-138">
         <name>.debug_info</name>
         <load_address>0xbc90a</load_address>
         <run_address>0xbc90a</run_address>
         <size>0xe9</size>
         <input_file_ref idref="fl-11"/>
      </object_component>
      <object_component id="oc-13e">
         <name>.debug_info</name>
         <load_address>0xbc9f3</load_address>
         <run_address>0xbc9f3</run_address>
         <size>0xde</size>
         <input_file_ref idref="fl-13"/>
      </object_component>
      <object_component id="oc-143">
         <name>.debug_info</name>
         <load_address>0xbcad1</load_address>
         <run_address>0xbcad1</run_address>
         <size>0xdc</size>
         <input_file_ref idref="fl-14"/>
      </object_component>
      <object_component id="oc-146">
         <name>.debug_info</name>
         <load_address>0xbcbad</load_address>
         <run_address>0xbcbad</run_address>
         <size>0x433</size>
         <input_file_ref idref="fl-15"/>
      </object_component>
      <object_component id="oc-14d">
         <name>.debug_info</name>
         <load_address>0xbcfe0</load_address>
         <run_address>0xbcfe0</run_address>
         <size>0xd9</size>
         <input_file_ref idref="fl-16"/>
      </object_component>
      <object_component id="oc-152">
         <name>.debug_info</name>
         <load_address>0xbd0b9</load_address>
         <run_address>0xbd0b9</run_address>
         <size>0xd9</size>
         <input_file_ref idref="fl-17"/>
      </object_component>
      <object_component id="oc-155">
         <name>.debug_info</name>
         <load_address>0xbd192</load_address>
         <run_address>0xbd192</run_address>
         <size>0x555</size>
         <input_file_ref idref="fl-18"/>
      </object_component>
      <object_component id="oc-15c">
         <name>.debug_info</name>
         <load_address>0xbd6e7</load_address>
         <run_address>0xbd6e7</run_address>
         <size>0xdd</size>
         <input_file_ref idref="fl-19"/>
      </object_component>
      <object_component id="oc-15f">
         <name>.debug_info</name>
         <load_address>0xbd7c4</load_address>
         <run_address>0xbd7c4</run_address>
         <size>0x46c</size>
         <input_file_ref idref="fl-1a"/>
      </object_component>
      <object_component id="oc-164">
         <name>.debug_info</name>
         <load_address>0xbdc30</load_address>
         <run_address>0xbdc30</run_address>
         <size>0x443</size>
         <input_file_ref idref="fl-1b"/>
      </object_component>
      <object_component id="oc-169">
         <name>.debug_info</name>
         <load_address>0xbe073</load_address>
         <run_address>0xbe073</run_address>
         <size>0x514</size>
         <input_file_ref idref="fl-1c"/>
      </object_component>
      <object_component id="oc-16e">
         <name>.debug_info</name>
         <load_address>0xbe587</load_address>
         <run_address>0xbe587</run_address>
         <size>0x46b</size>
         <input_file_ref idref="fl-1d"/>
      </object_component>
      <object_component id="oc-173">
         <name>.debug_info</name>
         <load_address>0xbe9f2</load_address>
         <run_address>0xbe9f2</run_address>
         <size>0x472</size>
         <input_file_ref idref="fl-1e"/>
      </object_component>
      <object_component id="oc-17a">
         <name>.debug_info</name>
         <load_address>0xbee64</load_address>
         <run_address>0xbee64</run_address>
         <size>0xd9</size>
         <input_file_ref idref="fl-1f"/>
      </object_component>
      <object_component id="oc-17f">
         <name>.debug_info</name>
         <load_address>0xbef3d</load_address>
         <run_address>0xbef3d</run_address>
         <size>0xe0</size>
         <input_file_ref idref="fl-20"/>
      </object_component>
      <object_component id="oc-184">
         <name>.debug_info</name>
         <load_address>0xbf01d</load_address>
         <run_address>0xbf01d</run_address>
         <size>0xdb</size>
         <input_file_ref idref="fl-21"/>
      </object_component>
      <object_component id="oc-187">
         <name>.debug_info</name>
         <load_address>0xbf0f8</load_address>
         <run_address>0xbf0f8</run_address>
         <size>0x4af</size>
         <input_file_ref idref="fl-22"/>
      </object_component>
      <object_component id="oc-18e">
         <name>.debug_info</name>
         <load_address>0xbf5a7</load_address>
         <run_address>0xbf5a7</run_address>
         <size>0x173</size>
         <input_file_ref idref="fl-33"/>
      </object_component>
      <object_component id="oc-193">
         <name>.debug_info</name>
         <load_address>0xbf71a</load_address>
         <run_address>0xbf71a</run_address>
         <size>0x176</size>
         <input_file_ref idref="fl-34"/>
      </object_component>
      <object_component id="oc-197">
         <name>.debug_info</name>
         <load_address>0xbf890</load_address>
         <run_address>0xbf890</run_address>
         <size>0x561</size>
         <input_file_ref idref="fl-35"/>
      </object_component>
      <object_component id="oc-19c">
         <name>.debug_info</name>
         <load_address>0xbfdf1</load_address>
         <run_address>0xbfdf1</run_address>
         <size>0x3ad</size>
         <input_file_ref idref="fl-36"/>
      </object_component>
      <object_component id="oc-1a1">
         <name>.debug_info</name>
         <load_address>0xc019e</load_address>
         <run_address>0xc019e</run_address>
         <size>0x3aa</size>
         <input_file_ref idref="fl-37"/>
      </object_component>
      <object_component id="oc-1a6">
         <name>.debug_info</name>
         <load_address>0xc0548</load_address>
         <run_address>0xc0548</run_address>
         <size>0x544</size>
         <input_file_ref idref="fl-38"/>
      </object_component>
      <object_component id="oc-1ad">
         <name>.debug_info</name>
         <load_address>0xc0a8c</load_address>
         <run_address>0xc0a8c</run_address>
         <size>0x4cc</size>
         <input_file_ref idref="fl-39"/>
      </object_component>
      <object_component id="oc-1b2">
         <name>.debug_info</name>
         <load_address>0xc0f58</load_address>
         <run_address>0xc0f58</run_address>
         <size>0x467</size>
         <input_file_ref idref="fl-3a"/>
      </object_component>
      <object_component id="oc-1b7">
         <name>.debug_info</name>
         <load_address>0xc13bf</load_address>
         <run_address>0xc13bf</run_address>
         <size>0x376</size>
         <input_file_ref idref="fl-3b"/>
      </object_component>
      <object_component id="oc-27c">
         <name>.debug_info</name>
         <load_address>0xc1735</load_address>
         <run_address>0xc1735</run_address>
         <size>0x96</size>
      </object_component>
      <object_component id="oc-8c">
         <name>.debug_frame</name>
         <load_address>0x0</load_address>
         <run_address>0x0</run_address>
         <size>0x2b4</size>
         <input_file_ref idref="fl-2"/>
      </object_component>
      <object_component id="oc-91">
         <name>.debug_frame</name>
         <load_address>0x2b4</load_address>
         <run_address>0x2b4</run_address>
         <size>0x7c</size>
         <input_file_ref idref="fl-3"/>
      </object_component>
      <object_component id="oc-9c">
         <name>.debug_frame</name>
         <load_address>0x330</load_address>
         <run_address>0x330</run_address>
         <size>0x11d0</size>
         <input_file_ref idref="fl-5"/>
      </object_component>
      <object_component id="oc-a1">
         <name>.debug_frame</name>
         <load_address>0x1500</load_address>
         <run_address>0x1500</run_address>
         <size>0x160</size>
         <input_file_ref idref="fl-6"/>
      </object_component>
      <object_component id="oc-a6">
         <name>.debug_frame</name>
         <load_address>0x1660</load_address>
         <run_address>0x1660</run_address>
         <size>0x170</size>
         <input_file_ref idref="fl-7"/>
      </object_component>
      <object_component id="oc-110">
         <name>.debug_frame</name>
         <load_address>0x17d0</load_address>
         <run_address>0x17d0</run_address>
         <size>0x1a8</size>
         <input_file_ref idref="fl-9"/>
      </object_component>
      <object_component id="oc-115">
         <name>.debug_frame</name>
         <load_address>0x1978</load_address>
         <run_address>0x1978</run_address>
         <size>0x28</size>
         <input_file_ref idref="fl-a"/>
      </object_component>
      <object_component id="oc-11a">
         <name>.debug_frame</name>
         <load_address>0x19a0</load_address>
         <run_address>0x19a0</run_address>
         <size>0x58</size>
         <input_file_ref idref="fl-b"/>
      </object_component>
      <object_component id="oc-11f">
         <name>.debug_frame</name>
         <load_address>0x19f8</load_address>
         <run_address>0x19f8</run_address>
         <size>0x44</size>
         <input_file_ref idref="fl-c"/>
      </object_component>
      <object_component id="oc-126">
         <name>.debug_frame</name>
         <load_address>0x1a3c</load_address>
         <run_address>0x1a3c</run_address>
         <size>0x244</size>
         <input_file_ref idref="fl-e"/>
      </object_component>
      <object_component id="oc-12b">
         <name>.debug_frame</name>
         <load_address>0x1c80</load_address>
         <run_address>0x1c80</run_address>
         <size>0x44</size>
         <input_file_ref idref="fl-f"/>
      </object_component>
      <object_component id="oc-132">
         <name>.debug_frame</name>
         <load_address>0x1cc4</load_address>
         <run_address>0x1cc4</run_address>
         <size>0x28</size>
         <input_file_ref idref="fl-10"/>
      </object_component>
      <object_component id="oc-147">
         <name>.debug_frame</name>
         <load_address>0x1cec</load_address>
         <run_address>0x1cec</run_address>
         <size>0x44</size>
         <input_file_ref idref="fl-15"/>
      </object_component>
      <object_component id="oc-156">
         <name>.debug_frame</name>
         <load_address>0x1d30</load_address>
         <run_address>0x1d30</run_address>
         <size>0x60</size>
         <input_file_ref idref="fl-18"/>
      </object_component>
      <object_component id="oc-160">
         <name>.debug_frame</name>
         <load_address>0x1d90</load_address>
         <run_address>0x1d90</run_address>
         <size>0x4c</size>
         <input_file_ref idref="fl-1a"/>
      </object_component>
      <object_component id="oc-165">
         <name>.debug_frame</name>
         <load_address>0x1ddc</load_address>
         <run_address>0x1ddc</run_address>
         <size>0x44</size>
         <input_file_ref idref="fl-1b"/>
      </object_component>
      <object_component id="oc-16a">
         <name>.debug_frame</name>
         <load_address>0x1e20</load_address>
         <run_address>0x1e20</run_address>
         <size>0x44</size>
         <input_file_ref idref="fl-1c"/>
      </object_component>
      <object_component id="oc-16f">
         <name>.debug_frame</name>
         <load_address>0x1e64</load_address>
         <run_address>0x1e64</run_address>
         <size>0x44</size>
         <input_file_ref idref="fl-1d"/>
      </object_component>
      <object_component id="oc-174">
         <name>.debug_frame</name>
         <load_address>0x1ea8</load_address>
         <run_address>0x1ea8</run_address>
         <size>0x28</size>
         <input_file_ref idref="fl-1e"/>
      </object_component>
      <object_component id="oc-188">
         <name>.debug_frame</name>
         <load_address>0x1ed0</load_address>
         <run_address>0x1ed0</run_address>
         <size>0x48</size>
         <input_file_ref idref="fl-22"/>
      </object_component>
      <object_component id="oc-198">
         <name>.debug_frame</name>
         <load_address>0x1f18</load_address>
         <run_address>0x1f18</run_address>
         <size>0x60</size>
         <input_file_ref idref="fl-35"/>
      </object_component>
      <object_component id="oc-19d">
         <name>.debug_frame</name>
         <load_address>0x1f78</load_address>
         <run_address>0x1f78</run_address>
         <size>0x40</size>
         <input_file_ref idref="fl-36"/>
      </object_component>
      <object_component id="oc-1a2">
         <name>.debug_frame</name>
         <load_address>0x1fb8</load_address>
         <run_address>0x1fb8</run_address>
         <size>0x40</size>
         <input_file_ref idref="fl-37"/>
      </object_component>
      <object_component id="oc-1a9">
         <name>.debug_frame</name>
         <load_address>0x1ff8</load_address>
         <run_address>0x1ff8</run_address>
         <size>0x60</size>
         <input_file_ref idref="fl-38"/>
      </object_component>
      <object_component id="oc-1ae">
         <name>.debug_frame</name>
         <load_address>0x2058</load_address>
         <run_address>0x2058</run_address>
         <size>0x70</size>
         <input_file_ref idref="fl-39"/>
      </object_component>
      <object_component id="oc-1b3">
         <name>.debug_frame</name>
         <load_address>0x20c8</load_address>
         <run_address>0x20c8</run_address>
         <size>0x40</size>
         <input_file_ref idref="fl-3a"/>
      </object_component>
      <object_component id="oc-1b8">
         <name>.debug_frame</name>
         <load_address>0x2108</load_address>
         <run_address>0x2108</run_address>
         <size>0x28</size>
         <input_file_ref idref="fl-3b"/>
      </object_component>
      <object_component id="oc-8d">
         <name>.debug_line</name>
         <load_address>0x0</load_address>
         <run_address>0x0</run_address>
         <size>0x719</size>
         <input_file_ref idref="fl-2"/>
      </object_component>
      <object_component id="oc-92">
         <name>.debug_line</name>
         <load_address>0x719</load_address>
         <run_address>0x719</run_address>
         <size>0xc4</size>
         <input_file_ref idref="fl-3"/>
      </object_component>
      <object_component id="oc-96">
         <name>.debug_line</name>
         <load_address>0x7dd</load_address>
         <run_address>0x7dd</run_address>
         <size>0x54</size>
         <input_file_ref idref="fl-4"/>
      </object_component>
      <object_component id="oc-9d">
         <name>.debug_line</name>
         <load_address>0x831</load_address>
         <run_address>0x831</run_address>
         <size>0xce2</size>
         <input_file_ref idref="fl-5"/>
      </object_component>
      <object_component id="oc-a2">
         <name>.debug_line</name>
         <load_address>0x1513</load_address>
         <run_address>0x1513</run_address>
         <size>0x1f0</size>
         <input_file_ref idref="fl-6"/>
      </object_component>
      <object_component id="oc-a7">
         <name>.debug_line</name>
         <load_address>0x1703</load_address>
         <run_address>0x1703</run_address>
         <size>0x2ff</size>
         <input_file_ref idref="fl-7"/>
      </object_component>
      <object_component id="oc-111">
         <name>.debug_line</name>
         <load_address>0x1a02</load_address>
         <run_address>0x1a02</run_address>
         <size>0x244</size>
         <input_file_ref idref="fl-9"/>
      </object_component>
      <object_component id="oc-116">
         <name>.debug_line</name>
         <load_address>0x1c46</load_address>
         <run_address>0x1c46</run_address>
         <size>0x38</size>
         <input_file_ref idref="fl-a"/>
      </object_component>
      <object_component id="oc-11b">
         <name>.debug_line</name>
         <load_address>0x1c7e</load_address>
         <run_address>0x1c7e</run_address>
         <size>0x8c</size>
         <input_file_ref idref="fl-b"/>
      </object_component>
      <object_component id="oc-120">
         <name>.debug_line</name>
         <load_address>0x1d0a</load_address>
         <run_address>0x1d0a</run_address>
         <size>0x70</size>
         <input_file_ref idref="fl-c"/>
      </object_component>
      <object_component id="oc-127">
         <name>.debug_line</name>
         <load_address>0x1d7a</load_address>
         <run_address>0x1d7a</run_address>
         <size>0x4a0</size>
         <input_file_ref idref="fl-e"/>
      </object_component>
      <object_component id="oc-12c">
         <name>.debug_line</name>
         <load_address>0x221a</load_address>
         <run_address>0x221a</run_address>
         <size>0x75</size>
         <input_file_ref idref="fl-f"/>
      </object_component>
      <object_component id="oc-133">
         <name>.debug_line</name>
         <load_address>0x228f</load_address>
         <run_address>0x228f</run_address>
         <size>0x3b</size>
         <input_file_ref idref="fl-10"/>
      </object_component>
      <object_component id="oc-137">
         <name>.debug_line</name>
         <load_address>0x22ca</load_address>
         <run_address>0x22ca</run_address>
         <size>0x4e</size>
         <input_file_ref idref="fl-11"/>
      </object_component>
      <object_component id="oc-13d">
         <name>.debug_line</name>
         <load_address>0x2318</load_address>
         <run_address>0x2318</run_address>
         <size>0x72</size>
         <input_file_ref idref="fl-13"/>
      </object_component>
      <object_component id="oc-142">
         <name>.debug_line</name>
         <load_address>0x238a</load_address>
         <run_address>0x238a</run_address>
         <size>0x6f</size>
         <input_file_ref idref="fl-14"/>
      </object_component>
      <object_component id="oc-148">
         <name>.debug_line</name>
         <load_address>0x23f9</load_address>
         <run_address>0x23f9</run_address>
         <size>0x4c</size>
         <input_file_ref idref="fl-15"/>
      </object_component>
      <object_component id="oc-14c">
         <name>.debug_line</name>
         <load_address>0x2445</load_address>
         <run_address>0x2445</run_address>
         <size>0x61</size>
         <input_file_ref idref="fl-16"/>
      </object_component>
      <object_component id="oc-151">
         <name>.debug_line</name>
         <load_address>0x24a6</load_address>
         <run_address>0x24a6</run_address>
         <size>0x53</size>
         <input_file_ref idref="fl-17"/>
      </object_component>
      <object_component id="oc-157">
         <name>.debug_line</name>
         <load_address>0x24f9</load_address>
         <run_address>0x24f9</run_address>
         <size>0xb7</size>
         <input_file_ref idref="fl-18"/>
      </object_component>
      <object_component id="oc-15b">
         <name>.debug_line</name>
         <load_address>0x25b0</load_address>
         <run_address>0x25b0</run_address>
         <size>0x57</size>
         <input_file_ref idref="fl-19"/>
      </object_component>
      <object_component id="oc-161">
         <name>.debug_line</name>
         <load_address>0x2607</load_address>
         <run_address>0x2607</run_address>
         <size>0x88</size>
         <input_file_ref idref="fl-1a"/>
      </object_component>
      <object_component id="oc-166">
         <name>.debug_line</name>
         <load_address>0x268f</load_address>
         <run_address>0x268f</run_address>
         <size>0x4a</size>
         <input_file_ref idref="fl-1b"/>
      </object_component>
      <object_component id="oc-16b">
         <name>.debug_line</name>
         <load_address>0x26d9</load_address>
         <run_address>0x26d9</run_address>
         <size>0x60</size>
         <input_file_ref idref="fl-1c"/>
      </object_component>
      <object_component id="oc-170">
         <name>.debug_line</name>
         <load_address>0x2739</load_address>
         <run_address>0x2739</run_address>
         <size>0x63</size>
         <input_file_ref idref="fl-1d"/>
      </object_component>
      <object_component id="oc-175">
         <name>.debug_line</name>
         <load_address>0x279c</load_address>
         <run_address>0x279c</run_address>
         <size>0x35</size>
         <input_file_ref idref="fl-1e"/>
      </object_component>
      <object_component id="oc-179">
         <name>.debug_line</name>
         <load_address>0x27d1</load_address>
         <run_address>0x27d1</run_address>
         <size>0x61</size>
         <input_file_ref idref="fl-1f"/>
      </object_component>
      <object_component id="oc-17e">
         <name>.debug_line</name>
         <load_address>0x2832</load_address>
         <run_address>0x2832</run_address>
         <size>0x69</size>
         <input_file_ref idref="fl-20"/>
      </object_component>
      <object_component id="oc-183">
         <name>.debug_line</name>
         <load_address>0x289b</load_address>
         <run_address>0x289b</run_address>
         <size>0x59</size>
         <input_file_ref idref="fl-21"/>
      </object_component>
      <object_component id="oc-189">
         <name>.debug_line</name>
         <load_address>0x28f4</load_address>
         <run_address>0x28f4</run_address>
         <size>0xa9</size>
         <input_file_ref idref="fl-22"/>
      </object_component>
      <object_component id="oc-18f">
         <name>.debug_line</name>
         <load_address>0x299d</load_address>
         <run_address>0x299d</run_address>
         <size>0x7e</size>
         <input_file_ref idref="fl-33"/>
      </object_component>
      <object_component id="oc-194">
         <name>.debug_line</name>
         <load_address>0x2a1b</load_address>
         <run_address>0x2a1b</run_address>
         <size>0x6c</size>
         <input_file_ref idref="fl-34"/>
      </object_component>
      <object_component id="oc-199">
         <name>.debug_line</name>
         <load_address>0x2a87</load_address>
         <run_address>0x2a87</run_address>
         <size>0x50</size>
         <input_file_ref idref="fl-35"/>
      </object_component>
      <object_component id="oc-19e">
         <name>.debug_line</name>
         <load_address>0x2ad7</load_address>
         <run_address>0x2ad7</run_address>
         <size>0x3e</size>
         <input_file_ref idref="fl-36"/>
      </object_component>
      <object_component id="oc-1a3">
         <name>.debug_line</name>
         <load_address>0x2b15</load_address>
         <run_address>0x2b15</run_address>
         <size>0x3a</size>
         <input_file_ref idref="fl-37"/>
      </object_component>
      <object_component id="oc-1aa">
         <name>.debug_line</name>
         <load_address>0x2b4f</load_address>
         <run_address>0x2b4f</run_address>
         <size>0x65</size>
         <input_file_ref idref="fl-38"/>
      </object_component>
      <object_component id="oc-1af">
         <name>.debug_line</name>
         <load_address>0x2bb4</load_address>
         <run_address>0x2bb4</run_address>
         <size>0x5e</size>
         <input_file_ref idref="fl-39"/>
      </object_component>
      <object_component id="oc-1b4">
         <name>.debug_line</name>
         <load_address>0x2c12</load_address>
         <run_address>0x2c12</run_address>
         <size>0x4f</size>
         <input_file_ref idref="fl-3a"/>
      </object_component>
      <object_component id="oc-1b9">
         <name>.debug_line</name>
         <load_address>0x2c61</load_address>
         <run_address>0x2c61</run_address>
         <size>0x8f</size>
         <input_file_ref idref="fl-3b"/>
      </object_component>
      <object_component id="oc-8e">
         <name>.debug_abbrev</name>
         <load_address>0x0</load_address>
         <run_address>0x0</run_address>
         <size>0x20c</size>
         <input_file_ref idref="fl-2"/>
      </object_component>
      <object_component id="oc-93">
         <name>.debug_abbrev</name>
         <load_address>0x20c</load_address>
         <run_address>0x20c</run_address>
         <size>0xe8</size>
         <input_file_ref idref="fl-3"/>
      </object_component>
      <object_component id="oc-98">
         <name>.debug_abbrev</name>
         <load_address>0x2f4</load_address>
         <run_address>0x2f4</run_address>
         <size>0x21</size>
         <input_file_ref idref="fl-4"/>
      </object_component>
      <object_component id="oc-9e">
         <name>.debug_abbrev</name>
         <load_address>0x315</load_address>
         <run_address>0x315</run_address>
         <size>0xde</size>
         <input_file_ref idref="fl-5"/>
      </object_component>
      <object_component id="oc-a3">
         <name>.debug_abbrev</name>
         <load_address>0x3f3</load_address>
         <run_address>0x3f3</run_address>
         <size>0x143</size>
         <input_file_ref idref="fl-6"/>
      </object_component>
      <object_component id="oc-a8">
         <name>.debug_abbrev</name>
         <load_address>0x536</load_address>
         <run_address>0x536</run_address>
         <size>0x14f</size>
         <input_file_ref idref="fl-7"/>
      </object_component>
      <object_component id="oc-10e">
         <name>.debug_abbrev</name>
         <load_address>0x685</load_address>
         <run_address>0x685</run_address>
         <size>0xcb</size>
         <input_file_ref idref="fl-8"/>
      </object_component>
      <object_component id="oc-112">
         <name>.debug_abbrev</name>
         <load_address>0x750</load_address>
         <run_address>0x750</run_address>
         <size>0x191</size>
         <input_file_ref idref="fl-9"/>
      </object_component>
      <object_component id="oc-117">
         <name>.debug_abbrev</name>
         <load_address>0x8e1</load_address>
         <run_address>0x8e1</run_address>
         <size>0x15f</size>
         <input_file_ref idref="fl-a"/>
      </object_component>
      <object_component id="oc-11c">
         <name>.debug_abbrev</name>
         <load_address>0xa40</load_address>
         <run_address>0xa40</run_address>
         <size>0xc8</size>
         <input_file_ref idref="fl-b"/>
      </object_component>
      <object_component id="oc-121">
         <name>.debug_abbrev</name>
         <load_address>0xb08</load_address>
         <run_address>0xb08</run_address>
         <size>0x116</size>
         <input_file_ref idref="fl-c"/>
      </object_component>
      <object_component id="oc-124">
         <name>.debug_abbrev</name>
         <load_address>0xc1e</load_address>
         <run_address>0xc1e</run_address>
         <size>0x21</size>
         <input_file_ref idref="fl-d"/>
      </object_component>
      <object_component id="oc-128">
         <name>.debug_abbrev</name>
         <load_address>0xc3f</load_address>
         <run_address>0xc3f</run_address>
         <size>0x1b5</size>
         <input_file_ref idref="fl-e"/>
      </object_component>
      <object_component id="oc-12d">
         <name>.debug_abbrev</name>
         <load_address>0xdf4</load_address>
         <run_address>0xdf4</run_address>
         <size>0xf5</size>
[...]
         <object_component_ref idref="oc-ef"/>
      </symbol>
      <symbol id="sm-546">
         <name>_Cmpss3Regs</name>
         <value>0x5cc0</value>
         <object_component_ref idref="oc-ca"/>
      </symbol>
      <symbol id="sm-547">
         <name>_DaccRegs</name>
         <value>0x5c20</value>
         <object_component_ref idref="oc-b5"/>
      </symbol>
      <symbol id="sm-548">
         <name>_PieCtrlRegs</name>
         <value>0xce0</value>
         <object_component_ref idref="oc-c7"/>
      </symbol>
      <symbol id="sm-549">
         <name>_DevCfgRegs</name>
         <value>0x5d000</value>
         <object_component_ref idref="oc-108"/>
      </symbol>
      <symbol id="sm-54a">
         <name>_SpibRegs</name>
         <value>0x6110</value>
         <object_component_ref idref="oc-c0"/>
      </symbol>
      <symbol id="sm-54b">
         <name>_AdccRegs</name>
         <value>0x7500</value>
         <object_component_ref idref="oc-f5"/>
      </symbol>
      <symbol id="sm-54c">
         <name>_ScicRegs</name>
         <value>0x7220</value>
         <object_component_ref idref="oc-bd"/>
      </symbol>
      <symbol id="sm-54d">
         <name>_ECap1Regs</name>
         <value>0x5000</value>
         <object_component_ref idref="oc-d2"/>
      </symbol>
      <symbol id="sm-54e">
         <name>_EmuKey</name>
         <value>0x22</value>
         <object_component_ref idref="oc-ab"/>
      </symbol>
      <symbol id="sm-54f">
         <name>_OutputXbarRegs</name>
         <value>0x7a80</value>
         <object_component_ref idref="oc-ec"/>
      </symbol>
      <symbol id="sm-550">
         <name>_MemoryErrorRegs</name>
         <value>0x5f500</value>
         <object_component_ref idref="oc-ee"/>
      </symbol>
      <symbol id="sm-551">
         <name>_Cla1Regs</name>
         <value>0x1400</value>
         <object_component_ref idref="oc-ea"/>
      </symbol>
      <symbol id="sm-552">
         <name>_DcsmZ2Otp</name>
         <value>0x40</value>
         <object_component_ref idref="oc-d1"/>
      </symbol>
      <symbol id="sm-553">
         <name>_EQep1Regs</name>
         <value>0x5100</value>
         <object_component_ref idref="oc-dc"/>
      </symbol>
      <symbol id="sm-554">
         <name>_DacbRegs</name>
         <value>0x5c10</value>
         <object_component_ref idref="oc-b4"/>
      </symbol>
      <symbol id="sm-555">
         <name>_McbspaRegs</name>
         <value>0x6000</value>
         <object_component_ref idref="oc-e4"/>
      </symbol>
      <symbol id="sm-556">
         <name>_EPwm1Regs</name>
         <value>0x4000</value>
         <object_component_ref idref="oc-fc"/>
      </symbol>
      <symbol id="sm-557">
         <name>_AdcbRegs</name>
         <value>0x7480</value>
         <object_component_ref idref="oc-f4"/>
      </symbol>
      <symbol id="sm-558">
         <name>_ScibRegs</name>
         <value>0x7210</value>
         <object_component_ref idref="oc-bc"/>
      </symbol>
      <symbol id="sm-559">
         <name>_AdcaResultRegs</name>
         <value>0xb00</value>
         <object_component_ref idref="oc-c2"/>
      </symbol>
      <symbol id="sm-55a">
         <name>_ECap2Regs</name>
         <value>0x5020</value>
         <object_component_ref idref="oc-d3"/>
      </symbol>
      <symbol id="sm-55b">
         <name>_EPwm12Regs</name>
         <value>0x4b00</value>
         <object_component_ref idref="oc-107"/>
      </symbol>
      <symbol id="sm-55c">
         <name>_AdcbResultRegs</name>
         <value>0xb20</value>
         <object_component_ref idref="oc-c3"/>
      </symbol>
      <symbol id="sm-55d">
         <name>_AdccResultRegs</name>
         <value>0xb40</value>
         <object_component_ref idref="oc-c4"/>
      </symbol>
      <symbol id="sm-55e">
         <name>_Emif1ConfigRegs</name>
         <value>0x5f480</value>
         <object_component_ref idref="oc-da"/>
      </symbol>
      <symbol id="sm-55f">
         <name>_Sdfm2Regs</name>
         <value>0x5e80</value>
         <object_component_ref idref="oc-f9"/>
      </symbol>
      <symbol id="sm-560">
         <name>_AdcdResultRegs</name>
         <value>0xb60</value>
         <object_component_ref idref="oc-c5"/>
      </symbol>
      <symbol id="sm-561">
         <name>_EQep2Regs</name>
         <value>0x5140</value>
         <object_component_ref idref="oc-dd"/>
      </symbol>
      <symbol id="sm-562">
         <name>_Cmpss1Regs</name>
         <value>0x5c80</value>
         <object_component_ref idref="oc-c8"/>
      </symbol>
      <symbol id="sm-563">
         <name>_EPwm8Regs</name>
         <value>0x4700</value>
         <object_component_ref idref="oc-103"/>
      </symbol>
      <symbol id="sm-564">
         <name>_Emif2ConfigRegs</name>
         <value>0x5f4a0</value>
         <object_component_ref idref="oc-db"/>
      </symbol>
      <symbol id="sm-565">
         <name>_DcsmCommonRegs</name>
         <value>0x5f070</value>
         <object_component_ref idref="oc-b9"/>
      </symbol>
      <symbol id="sm-566">
         <name>_EPwm2Regs</name>
         <value>0x4100</value>
         <object_component_ref idref="oc-fd"/>
      </symbol>
      <symbol id="sm-567">
         <name>_ECap3Regs</name>
         <value>0x5040</value>
         <object_component_ref idref="oc-d4"/>
      </symbol>
      <symbol id="sm-568">
         <name>_Cmpss8Regs</name>
         <value>0x5d60</value>
         <object_component_ref idref="oc-cf"/>
      </symbol>
      <symbol id="sm-569">
         <name>_EQep3Regs</name>
         <value>0x5180</value>
         <object_component_ref idref="oc-de"/>
      </symbol>
      <symbol id="sm-56a">
         <name>_SyncSocRegs</name>
         <value>0x7940</value>
         <object_component_ref idref="oc-b1"/>
      </symbol>
      <symbol id="sm-56b">
         <name>_EPwm9Regs</name>
         <value>0x4800</value>
         <object_component_ref idref="oc-104"/>
      </symbol>
      <symbol id="sm-56c">
         <name>_NmiIntruptRegs</name>
         <value>0x7060</value>
         <object_component_ref idref="oc-b2"/>
      </symbol>
      <symbol id="sm-56d">
         <name>_EPwm3Regs</name>
         <value>0x4200</value>
         <object_component_ref idref="oc-fe"/>
      </symbol>
      <symbol id="sm-56e">
         <name>_I2caRegs</name>
         <value>0x7300</value>
         <object_component_ref idref="oc-df"/>
      </symbol>
      <symbol id="sm-590">
         <name>_GPIO_SetupLock</name>
         <value>0x832a5</value>
         <object_component_ref idref="oc-1d9"/>
      </symbol>
      <symbol id="sm-592">
         <name>_GPIO_SetupXINT4Gpio</name>
         <value>0x832ec</value>
         <object_component_ref idref="oc-1d9"/>
      </symbol>
      <symbol id="sm-594">
         <name>_InitGpio</name>
         <value>0x83145</value>
         <object_component_ref idref="oc-1d9"/>
      </symbol>
      <symbol id="sm-596">
         <name>_GPIO_SetupXINT5Gpio</name>
         <value>0x832f6</value>
         <object_component_ref idref="oc-1d9"/>
      </symbol>
      <symbol id="sm-598">
         <name>_GPIO_EnableUnbondedIOPullupsFor176Pin</name>
         <value>0x83300</value>
         <object_component_ref idref="oc-1d9"/>
      </symbol>
      <symbol id="sm-59a">
         <name>_GPIO_SetupXINT2Gpio</name>
         <value>0x832d8</value>
         <object_component_ref idref="oc-1d9"/>
      </symbol>
      <symbol id="sm-59c">
         <name>_GPIO_SetupXINT3Gpio</name>
         <value>0x832e2</value>
         <object_component_ref idref="oc-1d9"/>
      </symbol>
      <symbol id="sm-59e">
         <name>_GPIO_WritePin</name>
         <value>0x8336b</value>
         <object_component_ref idref="oc-1d9"/>
      </symbol>
      <symbol id="sm-5a0">
         <name>_GPIO_SetupPinOptions</name>
         <value>0x83211</value>
         <object_component_ref idref="oc-1d9"/>
      </symbol>
      <symbol id="sm-5a2">
         <name>_GPIO_EnableUnbondedIOPullups</name>
         <value>0x8333e</value>
         <object_component_ref idref="oc-1d9"/>
      </symbol>
      <symbol id="sm-5a4">
         <name>_GPIO_SetupXINT1Gpio</name>
         <value>0x832ce</value>
         <object_component_ref idref="oc-1d9"/>
      </symbol>
      <symbol id="sm-5a6">
         <name>_GPIO_SetupPinMux</name>
         <value>0x83185</value>
         <object_component_ref idref="oc-1d9"/>
      </symbol>
      <symbol id="sm-5a8">
         <name>_GPIO_EnableUnbondedIOPullupsFor100Pin</name>
         <value>0x83319</value>
         <object_component_ref idref="oc-1d9"/>
      </symbol>
      <symbol id="sm-5aa">
         <name>_GPIO_ReadPin</name>
         <value>0x83354</value>
         <object_component_ref idref="oc-1d9"/>
      </symbol>
      <symbol id="sm-5c0">
         <name>_InitPieCtrl</name>
         <value>0x836c8</value>
         <object_component_ref idref="oc-1dc"/>
      </symbol>
      <symbol id="sm-5c2">
         <name>_EnableInterrupts</name>
         <value>0x836e7</value>
         <object_component_ref idref="oc-1dc"/>
      </symbol>
      <symbol id="sm-5d3">
         <name>_PieVectTableInit</name>
         <value>0x90000</value>
         <object_component_ref idref="oc-1e2"/>
      </symbol>
      <symbol id="sm-5d4">
         <name>_InitPieVectTable</name>
         <value>0x836f0</value>
         <object_component_ref idref="oc-1dd"/>
      </symbol>
      <symbol id="sm-60a">
         <name>_InitSysPll</name>
         <value>0x82bf0</value>
         <object_component_ref idref="oc-1d8"/>
      </symbol>
      <symbol id="sm-60c">
         <name>_SeizeFlashPump</name>
         <value>0x82bbb</value>
         <object_component_ref idref="oc-1d8"/>
      </symbol>
      <symbol id="sm-60e">
         <name>_DisablePeripheralClocks</name>
         <value>0x82ba3</value>
         <object_component_ref idref="oc-1d8"/>
      </symbol>
      <symbol id="sm-610">
         <name>_FlashOff</name>
         <value>0x8865</value>
         <object_component_ref idref="oc-1e1"/>
      </symbol>
      <symbol id="sm-612">
         <name>_DisableDog</name>
         <value>0x82be2</value>
         <object_component_ref idref="oc-1d8"/>
      </symbol>
      <symbol id="sm-614">
         <name>_SysIntOsc2Sel</name>
         <value>0x82da9</value>
         <object_component_ref idref="oc-1d8"/>
      </symbol>
      <symbol id="sm-616">
         <name>_ReleaseFlashPump</name>
         <value>0x82bca</value>
         <object_component_ref idref="oc-1d8"/>
      </symbol>
      <symbol id="sm-618">
         <name>_HALT</name>
         <value>0x82df3</value>
         <object_component_ref idref="oc-1d8"/>
      </symbol>
      <symbol id="sm-61a">
         <name>_IDLE</name>
         <value>0x82ddf</value>
         <object_component_ref idref="oc-1d8"/>
      </symbol>
      <symbol id="sm-61c">
         <name>_InitPeripheralClocks</name>
         <value>0x82b1f</value>
         <object_component_ref idref="oc-1d8"/>
      </symbol>
      <symbol id="sm-61e">
         <name>_InitFlash</name>
         <value>0x883c</value>
         <object_component_ref idref="oc-1e1"/>
      </symbol>
      <symbol id="sm-620">
         <name>_SysXtalOscSel</name>
         <value>0x82db3</value>
         <object_component_ref idref="oc-1d8"/>
      </symbol>
      <symbol id="sm-622">
         <name>_CsmUnlock</name>
         <value>0x82d7e</value>
         <object_component_ref idref="oc-1d8"/>
      </symbol>
      <symbol id="sm-624">
         <name>_SysIntOsc1Sel</name>
         <value>0x82d9f</value>
         <object_component_ref idref="oc-1d8"/>
      </symbol>
      <symbol id="sm-626">
         <name>_ServiceDog</name>
         <value>0x82bd4</value>
         <object_component_ref idref="oc-1d8"/>
      </symbol>
      <symbol id="sm-628">
         <name>_HIB</name>
         <value>0x82e0c</value>
         <object_component_ref idref="oc-1d8"/>
      </symbol>
      <symbol id="sm-62a">
         <name>_AuxAuxClkSel</name>
         <value>0x82dd5</value>
         <object_component_ref idref="oc-1d8"/>
      </symbol>
      <symbol id="sm-62c">
         <name>_AuxIntOsc2Sel</name>
         <value>0x82dbf</value>
         <object_component_ref idref="oc-1d8"/>
      </symbol>
      <symbol id="sm-62e">
         <name>_InitAuxPll</name>
         <value>0x82cb6</value>
         <object_component_ref idref="oc-1d8"/>
      </symbol>
      <symbol id="sm-630">
         <name>_InitSysCtrl</name>
         <value>0x82ae2</value>
         <object_component_ref idref="oc-1d8"/>
      </symbol>
      <symbol id="sm-632">
         <name>_STANDBY</name>
         <value>0x82de8</value>
         <object_component_ref idref="oc-1d8"/>
      </symbol>
      <symbol id="sm-634">
         <name>_AuxXtalOscSel</name>
         <value>0x82dc9</value>
         <object_component_ref idref="oc-1d8"/>
      </symbol>
      <symbol id="sm-645">
         <name>_InitCAN</name>
         <value>0x8352c</value>
         <object_component_ref idref="oc-1db"/>
      </symbol>
      <symbol id="sm-654">
         <name>_deviceOpen</name>
         <value>0xa984</value>
         <object_component_ref idref="oc-131"/>
      </symbol>
      <symbol id="sm-660">
         <name>_F28x_usDelay</name>
         <value>0x88e1</value>
         <object_component_ref idref="oc-136"/>
      </symbol>
      <symbol id="sm-668">
         <name>_FPUsinTable</name>
         <value>0x9000</value>
         <object_component_ref idref="oc-13b"/>
      </symbol>
      <symbol id="sm-669">
         <name>_FPUatan2HalfPITable</name>
         <value>0x9502</value>
         <object_component_ref idref="oc-13b"/>
      </symbol>
      <symbol id="sm-66a">
         <name>_FPUatan2Table</name>
         <value>0x9506</value>
         <object_component_ref idref="oc-13b"/>
      </symbol>
      <symbol id="sm-66b">
         <name>_FPUatan2TableEnd</name>
         <value>0x968c</value>
         <object_component_ref idref="oc-13b"/>
      </symbol>
      <symbol id="sm-66c">
         <name>_FPUcosTableEnd</name>
         <value>0x9502</value>
         <object_component_ref idref="oc-13b"/>
      </symbol>
      <symbol id="sm-66d">
         <name>_FPUcosTable</name>
         <value>0x9100</value>
         <object_component_ref idref="oc-13b"/>
      </symbol>
      <symbol id="sm-66e">
         <name>_FPUsinTableEnd</name>
         <value>0x9400</value>
         <object_component_ref idref="oc-13b"/>
      </symbol>
      <symbol id="sm-67a">
         <name>_atan2</name>
         <value>0x834dd</value>
         <object_component_ref idref="oc-13c"/>
      </symbol>
      <symbol id="sm-686">
         <name>_atan</name>
         <value>0x83578</value>
         <object_component_ref idref="oc-141"/>
      </symbol>
      <symbol id="sm-692">
         <name>_clarke_calc</name>
         <value>0x8873</value>
         <object_component_ref idref="oc-1c2"/>
      </symbol>
      <symbol id="sm-69f">
         <name>_cos</name>
         <value>0x83605</value>
         <object_component_ref idref="oc-14b"/>
      </symbol>
      <symbol id="sm-6ab">
         <name>FS$$DIV</name>
         <value>0x83777</value>
         <object_component_ref idref="oc-150"/>
      </symbol>
      <symbol id="sm-6bc">
         <name>_ipark_calc</name>
         <value>0x8714</value>
         <object_component_ref idref="oc-1c6"/>
      </symbol>
      <symbol id="sm-6c9">
         <name>_isqrt</name>
         <value>0x8375b</value>
         <object_component_ref idref="oc-15a"/>
      </symbol>
      <symbol id="sm-6dd">
         <name>_memcpy</name>
         <value>0x8366d</value>
         <object_component_ref idref="oc-1ce"/>
      </symbol>
      <symbol id="sm-6ea">
         <name>_park_calc</name>
         <value>0x88a1</value>
         <object_component_ref idref="oc-1c4"/>
      </symbol>
      <symbol id="sm-6fa">
         <name>_pid_reg3_calc</name>
         <value>0x865a</value>
         <object_component_ref idref="oc-1c7"/>
      </symbol>
      <symbol id="sm-70b">
         <name>_rampgen_calc</name>
         <value>0x87b2</value>
         <object_component_ref idref="oc-1c5"/>
      </symbol>
      <symbol id="sm-721">
         <name>_sin</name>
         <value>0x83639</value>
         <object_component_ref idref="oc-178"/>
      </symbol>
      <symbol id="sm-72d">
         <name>_sincos</name>
         <value>0x835c2</value>
         <object_component_ref idref="oc-17d"/>
      </symbol>
      <symbol id="sm-739">
         <name>_sqrt</name>
         <value>0x8373a</value>
         <object_component_ref idref="oc-182"/>
      </symbol>
      <symbol id="sm-74f">
         <name>_svgendq_calc</name>
         <value>0x8323</value>
         <object_component_ref idref="oc-1c3"/>
      </symbol>
      <symbol id="sm-76b">
         <name>_c_int00</name>
         <value>0x83487</value>
         <object_component_ref idref="oc-87"/>
      </symbol>
      <symbol id="sm-76c">
         <name>__stack</name>
         <value>0x400</value>
         <object_component_ref idref="oc-18c"/>
      </symbol>
      <symbol id="sm-778">
         <name>LL$$AND</name>
         <value>0x83790</value>
         <object_component_ref idref="oc-192"/>
      </symbol>
      <symbol id="sm-779">
         <name>LL$$OR</name>
         <value>0x83798</value>
         <object_component_ref idref="oc-192"/>
      </symbol>
      <symbol id="sm-77a">
         <name>LL$$XOR</name>
         <value>0x837a0</value>
         <object_component_ref idref="oc-192"/>
      </symbol>
      <symbol id="sm-789">
         <name>_copy_in</name>
         <value>0x83716</value>
         <object_component_ref idref="oc-1bd"/>
      </symbol>
      <symbol id="sm-796">
         <name>__system_pre_init</name>
         <value>0x837e2</value>
         <object_component_ref idref="oc-1bc"/>
      </symbol>
      <symbol id="sm-7a4">
         <name>__system_post_cinit</name>
         <value>0x837e4</value>
         <object_component_ref idref="oc-1be"/>
      </symbol>
      <symbol id="sm-7b9">
         <name>C$$EXIT</name>
         <value>0x8369f</value>
         <object_component_ref idref="oc-1c0"/>
      </symbol>
      <symbol id="sm-7ba">
         <name>_exit</name>
         <value>0x836a1</value>
         <object_component_ref idref="oc-1c0"/>
      </symbol>
      <symbol id="sm-7bc">
         <name>___TI_cleanup_ptr</name>
         <value>0xa974</value>
         <object_component_ref idref="oc-1a8"/>
      </symbol>
      <symbol id="sm-7bd">
         <name>___TI_enable_exit_profile_output</name>
         <value>0xa972</value>
         <object_component_ref idref="oc-1a8"/>
      </symbol>
      <symbol id="sm-7be">
         <name>_abort</name>
         <value>0x8369f</value>
         <object_component_ref idref="oc-1c0"/>
      </symbol>
      <symbol id="sm-7c0">
         <name>___TI_dtors_ptr</name>
         <value>0xa976</value>
         <object_component_ref idref="oc-1a8"/>
      </symbol>
      <symbol id="sm-7d4">
         <name>__unlock</name>
         <value>0xa982</value>
         <object_component_ref idref="oc-1e3"/>
      </symbol>
      <symbol id="sm-7d5">
         <name>__lock</name>
         <value>0xa980</value>
         <object_component_ref idref="oc-1cf"/>
      </symbol>
      <symbol id="sm-7d6">
         <name>__register_lock</name>
         <value>0x837dd</value>
         <object_component_ref idref="oc-1df"/>
      </symbol>
      <symbol id="sm-7d8">
         <name>__nop</name>
         <value>0x837e1</value>
         <object_component_ref idref="oc-1df"/>
      </symbol>
      <symbol id="sm-7da">
         <name>__register_unlock</name>
         <value>0x837d9</value>
         <object_component_ref idref="oc-1df"/>
      </symbol>
      <symbol id="sm-7ea">
         <name>__args_main</name>
         <value>0x837be</value>
         <object_component_ref idref="oc-1bf"/>
      </symbol>
   </symbol_table>
   <title>Link successful</title>
</link_info>
