<?xml version="1.0" encoding="ISO-8859-1" ?>
<link_info>
   <banner>TMS320C2000 Linker PC v22.6.0.LTS</banner>
   <copyright>Copyright (c) 1996-2018 Texas Instruments Incorporated</copyright>
   <link_time>0x643cf3ff</link_time>
   <link_errors>0x0</link_errors>
   <output_file>White_Module_SiC_Inverter.out</output_file>
   <entry_point>
      <name>_c_int00</name>
      <address>0x83e6e</address>
   </entry_point>
   <input_file_list>
      <input_file id="fl-2">
         <path>.\</path>
         <kind>object</kind>
         <file>SVPWM.obj</file>
         <name>SVPWM.obj</name>
      </input_file>
      <input_file id="fl-3">
         <path>.\source\</path>
         <kind>object</kind>
         <file>Angle.obj</file>
         <name>Angle.obj</name>
      </input_file>
      <input_file id="fl-4">
         <path>.\source\</path>
         <kind>object</kind>
         <file>F2837xD_CodeStartBranch.obj</file>
         <name>F2837xD_CodeStartBranch.obj</name>
      </input_file>
      <input_file id="fl-5">
         <path>.\source\</path>
         <kind>object</kind>
         <file>F2837xD_DefaultISR.obj</file>
         <name>F2837xD_DefaultISR.obj</name>
      </input_file>
      <input_file id="fl-6">
         <path>.\source\</path>
         <kind>object</kind>
         <file>F2837xD_EPwm.obj</file>
         <name>F2837xD_EPwm.obj</name>
      </input_file>
      <input_file id="fl-7">
         <path>.\source\</path>
         <kind>object</kind>
         <file>F2837xD_Emif.obj</file>
         <name>F2837xD_Emif.obj</name>
      </input_file>
      <input_file id="fl-8">
         <path>.\source\</path>
         <kind>object</kind>
         <file>F2837xD_GlobalVariableDefs.obj</file>
         <name>F2837xD_GlobalVariableDefs.obj</name>
      </input_file>
      <input_file id="fl-9">
         <path>.\source\</path>
         <kind>object</kind>
         <file>F2837xD_Gpio.obj</file>
         <name>F2837xD_Gpio.obj</name>
      </input_file>
      <input_file id="fl-a">
         <path>.\source\</path>
         <kind>object</kind>
         <file>F2837xD_Ipc.obj</file>
         <name>F2837xD_Ipc.obj</name>
      </input_file>
      <input_file id="fl-b">
         <path>.\source\</path>
         <kind>object</kind>
         <file>F2837xD_PieCtrl.obj</file>
         <name>F2837xD_PieCtrl.obj</name>
      </input_file>
      <input_file id="fl-c">
         <path>.\source\</path>
         <kind>object</kind>
         <file>F2837xD_PieVect.obj</file>
         <name>F2837xD_PieVect.obj</name>
      </input_file>
      <input_file id="fl-d">
         <path>.\source\</path>
         <kind>object</kind>
         <file>F2837xD_Sci.obj</file>
         <name>F2837xD_Sci.obj</name>
      </input_file>
      <input_file id="fl-e">
         <path>.\source\</path>
         <kind>object</kind>
         <file>F2837xD_SysCtrl.obj</file>
         <name>F2837xD_SysCtrl.obj</name>
      </input_file>
      <input_file id="fl-f">
         <path>.\source\</path>
         <kind>object</kind>
         <file>F2837xD_can.obj</file>
         <name>F2837xD_can.obj</name>
      </input_file>
      <input_file id="fl-10">
         <path>.\source\</path>
         <kind>object</kind>
         <file>F2837xD_sci_io.obj</file>
         <name>F2837xD_sci_io.obj</name>
      </input_file>
      <input_file id="fl-11">
         <path>.\source\</path>
         <kind>object</kind>
         <file>F2837xD_usDelay.obj</file>
         <name>F2837xD_usDelay.obj</name>
      </input_file>
      <input_file id="fl-12">
         <path>.\source\</path>
         <kind>object</kind>
         <file>FPUmathTables.obj</file>
         <name>FPUmathTables.obj</name>
      </input_file>
      <input_file id="fl-13">
         <path>.\source\</path>
         <kind>object</kind>
         <file>OCB_az1.obj</file>
         <name>OCB_az1.obj</name>
      </input_file>
      <input_file id="fl-14">
         <path>.\source\</path>
         <kind>object</kind>
         <file>atan2_f32.obj</file>
         <name>atan2_f32.obj</name>
      </input_file>
      <input_file id="fl-15">
         <path>.\source\</path>
         <kind>object</kind>
         <file>atan_f32.obj</file>
         <name>atan_f32.obj</name>
      </input_file>
      <input_file id="fl-16">
         <path>.\source\</path>
         <kind>object</kind>
         <file>az1gen_dp.obj</file>
         <name>az1gen_dp.obj</name>
      </input_file>
      <input_file id="fl-17">
         <path>.\source\</path>
         <kind>object</kind>
         <file>clarke.obj</file>
         <name>clarke.obj</name>
      </input_file>
      <input_file id="fl-18">
         <path>.\source\</path>
         <kind>object</kind>
         <file>cos_f32.obj</file>
         <name>cos_f32.obj</name>
      </input_file>
      <input_file id="fl-19">
         <path>.\source\</path>
         <kind>object</kind>
         <file>div_f32.obj</file>
         <name>div_f32.obj</name>
      </input_file>
      <input_file id="fl-1a">
         <path>.\source\</path>
         <kind>object</kind>
         <file>ipark.obj</file>
         <name>ipark.obj</name>
      </input_file>
      <input_file id="fl-1b">
         <path>.\source\</path>
         <kind>object</kind>
         <file>isqrt_f32.obj</file>
         <name>isqrt_f32.obj</name>
      </input_file>
      <input_file id="fl-1c">
         <path>.\source\</path>
         <kind>object</kind>
         <file>memcpy.obj</file>
         <name>memcpy.obj</name>
      </input_file>
      <input_file id="fl-1d">
         <path>.\source\</path>
         <kind>object</kind>
         <file>nspwm.obj</file>
         <name>nspwm.obj</name>
      </input_file>
      <input_file id="fl-1e">
         <path>.\source\</path>
         <kind>object</kind>
         <file>park.obj</file>
         <name>park.obj</name>
      </input_file>
      <input_file id="fl-1f">
         <path>.\source\</path>
         <kind>object</kind>
         <file>pid_reg3.obj</file>
         <name>pid_reg3.obj</name>
      </input_file>
      <input_file id="fl-20">
         <path>.\source\</path>
         <kind>object</kind>
         <file>rampgen.obj</file>
         <name>rampgen.obj</name>
      </input_file>
      <input_file id="fl-21">
         <path>.\source\</path>
         <kind>object</kind>
         <file>rmp_cntl.obj</file>
         <name>rmp_cntl.obj</name>
      </input_file>
      <input_file id="fl-22">
         <path>.\source\</path>
         <kind>object</kind>
         <file>sin_f32.obj</file>
         <name>sin_f32.obj</name>
      </input_file>
      <input_file id="fl-23">
         <path>.\source\</path>
         <kind>object</kind>
         <file>sincos_f32.obj</file>
         <name>sincos_f32.obj</name>
      </input_file>
      <input_file id="fl-24">
         <path>.\source\</path>
         <kind>object</kind>
         <file>sqrt_f32.obj</file>
         <name>sqrt_f32.obj</name>
      </input_file>
      <input_file id="fl-25">
         <path>.\source\</path>
         <kind>object</kind>
         <file>svgen_dq.obj</file>
         <name>svgen_dq.obj</name>
      </input_file>
      <input_file id="fl-2a">
         <kind>object</kind>
         <file>&lt;internal&gt;</file>
         <name>&lt;internal&gt;</name>
      </input_file>
      <input_file id="fl-36">
         <path>D:\software\ti\ccs1220\ccs\tools\compiler\ti-cgt-c2000_22.6.0.LTS\lib\</path>
         <kind>archive</kind>
         <file>rts2800_fpu32.lib</file>
         <name>boot28.asm.obj</name>
      </input_file>
      <input_file id="fl-37">
         <path>D:\software\ti\ccs1220\ccs\tools\compiler\ti-cgt-c2000_22.6.0.LTS\lib\</path>
         <kind>archive</kind>
         <file>rts2800_fpu32.lib</file>
         <name>ll_aox28.asm.obj</name>
      </input_file>
      <input_file id="fl-38">
         <path>D:\software\ti\ccs1220\ccs\tools\compiler\ti-cgt-c2000_22.6.0.LTS\lib\</path>
         <kind>archive</kind>
         <file>rts2800_fpu32.lib</file>
         <name>i_div28.asm.obj</name>
      </input_file>
      <input_file id="fl-39">
         <path>D:\software\ti\ccs1220\ccs\tools\compiler\ti-cgt-c2000_22.6.0.LTS\lib\</path>
         <kind>archive</kind>
         <file>rts2800_fpu32.lib</file>
         <name>cpy_tbl.c.obj</name>
      </input_file>
      <input_file id="fl-3a">
         <path>D:\software\ti\ccs1220\ccs\tools\compiler\ti-cgt-c2000_22.6.0.LTS\lib\</path>
         <kind>archive</kind>
         <file>rts2800_fpu32.lib</file>
         <name>pre_init.c.obj</name>
      </input_file>
      <input_file id="fl-3b">
         <path>D:\software\ti\ccs1220\ccs\tools\compiler\ti-cgt-c2000_22.6.0.LTS\lib\</path>
         <kind>archive</kind>
         <file>rts2800_fpu32.lib</file>
         <name>startup.c.obj</name>
      </input_file>
      <input_file id="fl-3c">
         <path>D:\software\ti\ccs1220\ccs\tools\compiler\ti-cgt-c2000_22.6.0.LTS\lib\</path>
         <kind>archive</kind>
         <file>rts2800_fpu32.lib</file>
         <name>exit.c.obj</name>
      </input_file>
      <input_file id="fl-3d">
         <path>D:\software\ti\ccs1220\ccs\tools\compiler\ti-cgt-c2000_22.6.0.LTS\lib\</path>
         <kind>archive</kind>
         <file>rts2800_fpu32.lib</file>
         <name>_lock.c.obj</name>
      </input_file>
      <input_file id="fl-3e">
         <path>D:\software\ti\ccs1220\ccs\tools\compiler\ti-cgt-c2000_22.6.0.LTS\lib\</path>
         <kind>archive</kind>
         <file>rts2800_fpu32.lib</file>
         <name>args_main.c.obj</name>
      </input_file>
      <input_file id="fl-3f">
         <path>D:\software\ti\ccs1220\ccs\tools\compiler\ti-cgt-c2000_22.6.0.LTS\lib\</path>
         <kind>archive</kind>
         <file>rts2800_fpu32.lib</file>
         <name>memset.c.obj</name>
      </input_file>
   </input_file_list>
   <object_component_list>
      <object_component id="oc-89">
         <name>.cinit</name>
         <load_address>0x82000</load_address>
         <run_address>0x82000</run_address>
         <size>0x226</size>
         <input_file_ref idref="fl-2"/>
      </object_component>
      <object_component id="oc-1bb">
         <name>.cinit</name>
         <load_address>0x82226</load_address>
         <run_address>0x82226</run_address>
         <size>0xe</size>
         <input_file_ref idref="fl-3c"/>
      </object_component>
      <object_component id="oc-1f7">
         <name>.cinit:_ucRXMsgData</name>
         <load_address>0x82234</load_address>
         <run_address>0x82234</run_address>
         <size>0xb</size>
         <input_file_ref idref="fl-2"/>
      </object_component>
      <object_component id="oc-1f5">
         <name>.cinit:_ucTXMsgData</name>
         <load_address>0x8223f</load_address>
         <run_address>0x8223f</run_address>
         <size>0xb</size>
         <input_file_ref idref="fl-2"/>
      </object_component>
      <object_component id="oc-1e1">
         <name>.cinit:_AngleStore</name>
         <load_address>0x8224a</load_address>
         <run_address>0x8224a</run_address>
         <size>0x7</size>
         <input_file_ref idref="fl-2"/>
      </object_component>
      <object_component id="oc-1e3">
         <name>.cinit:_OmegaStore</name>
         <load_address>0x82251</load_address>
         <run_address>0x82251</run_address>
         <size>0x7</size>
         <input_file_ref idref="fl-2"/>
      </object_component>
      <object_component id="oc-1e6">
         <name>.cinit:__lock</name>
         <load_address>0x82258</load_address>
         <run_address>0x82258</run_address>
         <size>0x5</size>
         <input_file_ref idref="fl-3d"/>
      </object_component>
      <object_component id="oc-1f9">
         <name>.cinit:__unlock</name>
         <load_address>0x8225d</load_address>
         <run_address>0x8225d</run_address>
         <size>0x5</size>
         <input_file_ref idref="fl-3d"/>
      </object_component>
      <object_component id="oc-130">
         <name>.cinit</name>
         <load_address>0x82262</load_address>
         <run_address>0x82262</run_address>
         <size>0x4</size>
         <input_file_ref idref="fl-10"/>
      </object_component>
      <object_component id="oc-1df">
         <name>.text</name>
         <load_address>0x82268</load_address>
         <run_address>0x82268</run_address>
         <size>0x85d</size>
         <input_file_ref idref="fl-2"/>
      </object_component>
      <object_component id="oc-9b">
         <name>.text:retain</name>
         <load_address>0x82ac5</load_address>
         <run_address>0x82ac5</run_address>
         <size>0x585</size>
         <input_file_ref idref="fl-5"/>
      </object_component>
      <object_component id="oc-1ec">
         <name>.text</name>
         <load_address>0x8304a</load_address>
         <run_address>0x8304a</run_address>
         <size>0x347</size>
         <input_file_ref idref="fl-e"/>
      </object_component>
      <object_component id="oc-1f2">
         <name>.text</name>
         <load_address>0x83391</load_address>
         <run_address>0x83391</run_address>
         <size>0x31c</size>
         <input_file_ref idref="fl-7"/>
      </object_component>
      <object_component id="oc-8b">
         <name>.text:retain</name>
         <load_address>0x836ad</load_address>
         <run_address>0x836ad</run_address>
         <size>0x2fe</size>
         <input_file_ref idref="fl-2"/>
      </object_component>
      <object_component id="oc-1ed">
         <name>.text</name>
         <load_address>0x839ab</load_address>
         <run_address>0x839ab</run_address>
         <size>0x244</size>
         <input_file_ref idref="fl-9"/>
      </object_component>
      <object_component id="oc-1ea">
         <name>.text</name>
         <load_address>0x83bef</load_address>
         <run_address>0x83bef</run_address>
         <size>0x182</size>
         <input_file_ref idref="fl-1d"/>
      </object_component>
      <object_component id="oc-1ee">
         <name>.text</name>
         <load_address>0x83d71</load_address>
         <run_address>0x83d71</run_address>
         <size>0xfd</size>
         <input_file_ref idref="fl-6"/>
      </object_component>
      <object_component id="oc-87">
         <name>.text</name>
         <load_address>0x83e6e</load_address>
         <run_address>0x83e6e</run_address>
         <size>0x56</size>
         <input_file_ref idref="fl-36"/>
      </object_component>
      <object_component id="oc-141">
         <name>.text</name>
         <load_address>0x83ec4</load_address>
         <run_address>0x83ec4</run_address>
         <size>0x4f</size>
         <input_file_ref idref="fl-14"/>
      </object_component>
      <object_component id="oc-1ef">
         <name>.text</name>
         <load_address>0x83f13</load_address>
         <run_address>0x83f13</run_address>
         <size>0x4c</size>
         <input_file_ref idref="fl-f"/>
      </object_component>
      <object_component id="oc-146">
         <name>.text</name>
         <load_address>0x83f5f</load_address>
         <run_address>0x83f5f</run_address>
         <size>0x4a</size>
         <input_file_ref idref="fl-15"/>
      </object_component>
      <object_component id="oc-18c">
         <name>.text</name>
         <load_address>0x83fa9</load_address>
         <run_address>0x83fa9</run_address>
         <size>0x43</size>
         <input_file_ref idref="fl-23"/>
      </object_component>
      <object_component id="oc-1d3">
         <name>.text</name>
         <load_address>0x83fec</load_address>
         <run_address>0x83fec</run_address>
         <size>0x12</size>
         <input_file_ref idref="fl-3e"/>
      </object_component>
      <object_component id="oc-1d0">
         <name>.text</name>
         <load_address>0x83ffe</load_address>
         <run_address>0x83ffe</run_address>
         <size>0x2</size>
         <input_file_ref idref="fl-3a"/>
      </object_component>
      <object_component id="oc-155">
         <name>.text</name>
         <load_address>0x84000</load_address>
         <run_address>0x84000</run_address>
         <size>0x34</size>
         <input_file_ref idref="fl-18"/>
      </object_component>
      <object_component id="oc-187">
         <name>.text</name>
         <load_address>0x84034</load_address>
         <run_address>0x84034</run_address>
         <size>0x34</size>
         <input_file_ref idref="fl-22"/>
      </object_component>
      <object_component id="oc-1e4">
         <name>.text</name>
         <load_address>0x84068</load_address>
         <run_address>0x84068</run_address>
         <size>0x32</size>
         <input_file_ref idref="fl-1c"/>
      </object_component>
      <object_component id="oc-1d4">
         <name>.text</name>
         <load_address>0x8409a</load_address>
         <run_address>0x8409a</run_address>
         <size>0x29</size>
         <input_file_ref idref="fl-3c"/>
      </object_component>
      <object_component id="oc-1f0">
         <name>.text</name>
         <load_address>0x840c3</load_address>
         <run_address>0x840c3</run_address>
         <size>0x28</size>
         <input_file_ref idref="fl-b"/>
      </object_component>
      <object_component id="oc-1e8">
         <name>.text</name>
         <load_address>0x840eb</load_address>
         <run_address>0x840eb</run_address>
         <size>0x28</size>
         <input_file_ref idref="fl-25"/>
      </object_component>
      <object_component id="oc-1f1">
         <name>.text</name>
         <load_address>0x84113</load_address>
         <run_address>0x84113</run_address>
         <size>0x26</size>
         <input_file_ref idref="fl-c"/>
      </object_component>
      <object_component id="oc-1d1">
         <name>.text</name>
         <load_address>0x84139</load_address>
         <run_address>0x84139</run_address>
         <size>0x24</size>
         <input_file_ref idref="fl-39"/>
      </object_component>
      <object_component id="oc-1a6">
         <name>.text</name>
         <load_address>0x8415d</load_address>
         <run_address>0x8415d</run_address>
         <size>0x22</size>
         <input_file_ref idref="fl-38"/>
      </object_component>
      <object_component id="oc-191">
         <name>.text</name>
         <load_address>0x8417f</load_address>
         <run_address>0x8417f</run_address>
         <size>0x21</size>
         <input_file_ref idref="fl-24"/>
      </object_component>
      <object_component id="oc-164">
         <name>.text</name>
         <load_address>0x841a0</load_address>
         <run_address>0x841a0</run_address>
         <size>0x1c</size>
         <input_file_ref idref="fl-1b"/>
      </object_component>
      <object_component id="oc-15a">
         <name>.text</name>
         <load_address>0x841bc</load_address>
         <run_address>0x841bc</run_address>
         <size>0x19</size>
         <input_file_ref idref="fl-19"/>
      </object_component>
      <object_component id="oc-1a1">
         <name>.text</name>
         <load_address>0x841d5</load_address>
         <run_address>0x841d5</run_address>
         <size>0x18</size>
         <input_file_ref idref="fl-37"/>
      </object_component>
      <object_component id="oc-1e7">
         <name>.text</name>
         <load_address>0x841ed</load_address>
         <run_address>0x841ed</run_address>
         <size>0x16</size>
         <input_file_ref idref="fl-3"/>
      </object_component>
      <object_component id="oc-1eb">
         <name>.text</name>
         <load_address>0x84203</load_address>
         <run_address>0x84203</run_address>
         <size>0x9</size>
         <input_file_ref idref="fl-1a"/>
      </object_component>
      <object_component id="oc-1f8">
         <name>.text</name>
         <load_address>0x8420c</load_address>
         <run_address>0x8420c</run_address>
         <size>0x9</size>
         <input_file_ref idref="fl-3d"/>
      </object_component>
      <object_component id="oc-1d2">
         <name>.text</name>
         <load_address>0x84215</load_address>
         <run_address>0x84215</run_address>
         <size>0x1</size>
         <input_file_ref idref="fl-3b"/>
      </object_component>
      <object_component id="oc-95">
         <name>codestart</name>
         <load_address>0x80000</load_address>
         <run_address>0x80000</run_address>
         <size>0x2</size>
         <input_file_ref idref="fl-4"/>
      </object_component>
      <object_component id="oc-19b">
         <name>.stack</name>
         <uninitialized>true</uninitialized>
         <run_address>0x400</run_address>
         <size>0x0</size>
         <input_file_ref idref="fl-36"/>
      </object_component>
      <object_component id="oc-291">
         <name>.stack</name>
         <uninitialized>true</uninitialized>
         <run_address>0x400</run_address>
         <size>0x0</size>
      </object_component>
      <object_component id="oc-19c">
         <name>.reset</name>
         <load_address>0x3fffc0</load_address>
         <run_address>0x3fffc0</run_address>
         <size>0x2</size>
         <input_file_ref idref="fl-36"/>
      </object_component>
      <object_component id="oc-8a">
         <name>.ebss</name>
         <uninitialized>true</uninitialized>
         <run_address>0xa800</run_address>
         <size>0x1a2</size>
         <input_file_ref idref="fl-2"/>
      </object_component>
      <object_component id="oc-1f6">
         <name>.ebss:_ucRXMsgData</name>
         <uninitialized>true</uninitialized>
         <run_address>0xa9a2</run_address>
         <size>0x8</size>
         <input_file_ref idref="fl-2"/>
      </object_component>
      <object_component id="oc-1f4">
         <name>.ebss:_ucTXMsgData</name>
         <uninitialized>true</uninitialized>
         <run_address>0xa9aa</run_address>
         <size>0x8</size>
         <input_file_ref idref="fl-2"/>
      </object_component>
      <object_component id="oc-1bc">
         <name>.ebss</name>
         <uninitialized>true</uninitialized>
         <run_address>0xa9b2</run_address>
         <size>0x6</size>
         <input_file_ref idref="fl-3c"/>
      </object_component>
      <object_component id="oc-1e0">
         <name>.ebss:_AngleStore</name>
         <uninitialized>true</uninitialized>
         <run_address>0xa9b8</run_address>
         <size>0x4</size>
         <input_file_ref idref="fl-2"/>
      </object_component>
      <object_component id="oc-1e2">
         <name>.ebss:_OmegaStore</name>
         <uninitialized>true</uninitialized>
         <run_address>0xa9bc</run_address>
         <size>0x4</size>
         <input_file_ref idref="fl-2"/>
      </object_component>
      <object_component id="oc-1e5">
         <name>.ebss:__lock</name>
         <uninitialized>true</uninitialized>
         <run_address>0xa9c0</run_address>
         <size>0x2</size>
         <input_file_ref idref="fl-3d"/>
      </object_component>
      <object_component id="oc-1fc">
         <name>.ebss:__unlock</name>
         <uninitialized>true</uninitialized>
         <run_address>0xa9c2</run_address>
         <size>0x2</size>
         <input_file_ref idref="fl-3d"/>
      </object_component>
      <object_component id="oc-131">
         <name>.ebss</name>
         <uninitialized>true</uninitialized>
         <run_address>0xa9c4</run_address>
         <size>0x1</size>
         <input_file_ref idref="fl-10"/>
      </object_component>
      <object_component id="oc-1fb">
         <name>.econst:_PieVectTableInit</name>
         <load_address>0x90000</load_address>
         <run_address>0x90000</run_address>
         <size>0x1c0</size>
         <input_file_ref idref="fl-c"/>
      </object_component>
      <object_component id="oc-1f3">
         <name>.econst:_canBitValues</name>
         <load_address>0x901c0</load_address>
         <run_address>0x901c0</run_address>
         <size>0x9</size>
         <input_file_ref idref="fl-2"/>
      </object_component>
      <object_component id="oc-1e9">
         <name>.econst:_$P$T0$1</name>
         <load_address>0x901ca</load_address>
         <run_address>0x901ca</run_address>
         <size>0x6</size>
         <input_file_ref idref="fl-1d"/>
      </object_component>
      <object_component id="oc-1d8">
         <name>.TI.ramfunc</name>
         <load_address>0x86000</load_address>
         <run_address>0x8000</run_address>
         <size>0x1fc</size>
         <input_file_ref idref="fl-16"/>
      </object_component>
      <object_component id="oc-1d7">
         <name>.TI.ramfunc</name>
         <load_address>0x861fc</load_address>
         <run_address>0x81fc</run_address>
         <size>0x1a4</size>
         <input_file_ref idref="fl-25"/>
      </object_component>
      <object_component id="oc-1d9">
         <name>.TI.ramfunc</name>
         <load_address>0x863a0</load_address>
         <run_address>0x83a0</run_address>
         <size>0x19c</size>
         <input_file_ref idref="fl-1d"/>
      </object_component>
      <object_component id="oc-1de">
         <name>.TI.ramfunc</name>
         <load_address>0x8653c</load_address>
         <run_address>0x853c</run_address>
         <size>0xba</size>
         <input_file_ref idref="fl-1f"/>
      </object_component>
      <object_component id="oc-1dd">
         <name>.TI.ramfunc</name>
         <load_address>0x865f6</load_address>
         <run_address>0x85f6</run_address>
         <size>0x9e</size>
         <input_file_ref idref="fl-1a"/>
      </object_component>
      <object_component id="oc-1dc">
         <name>.TI.ramfunc</name>
         <load_address>0x86694</load_address>
         <run_address>0x8694</run_address>
         <size>0x8a</size>
         <input_file_ref idref="fl-20"/>
      </object_component>
      <object_component id="oc-1fa">
         <name>.TI.ramfunc</name>
         <load_address>0x8671e</load_address>
         <run_address>0x871e</run_address>
         <size>0x37</size>
         <input_file_ref idref="fl-e"/>
      </object_component>
      <object_component id="oc-1d6">
         <name>.TI.ramfunc</name>
         <load_address>0x86755</load_address>
         <run_address>0x8755</run_address>
         <size>0x2e</size>
         <input_file_ref idref="fl-17"/>
      </object_component>
      <object_component id="oc-1db">
         <name>.TI.ramfunc</name>
         <load_address>0x86783</load_address>
         <run_address>0x8783</run_address>
         <size>0x2d</size>
         <input_file_ref idref="fl-1e"/>
      </object_component>
      <object_component id="oc-1d5">
         <name>.TI.ramfunc</name>
         <load_address>0x867b0</load_address>
         <run_address>0x87b0</run_address>
         <size>0x13</size>
         <input_file_ref idref="fl-3"/>
      </object_component>
      <object_component id="oc-136">
         <name>.TI.ramfunc</name>
         <load_address>0x867c3</load_address>
         <run_address>0x87c3</run_address>
         <size>0x4</size>
         <input_file_ref idref="fl-11"/>
      </object_component>
      <object_component id="oc-1da">
         <name>.TI.ramfunc</name>
         <load_address>0x867c7</load_address>
         <run_address>0x87c7</run_address>
         <size>0x4</size>
         <input_file_ref idref="fl-13"/>
      </object_component>
      <object_component id="oc-10d">
         <name>PieVectTableFile</name>
         <uninitialized>true</uninitialized>
         <run_address>0xd00</run_address>
         <size>0x1c0</size>
         <input_file_ref idref="fl-8"/>
      </object_component>
      <object_component id="oc-ac">
         <name>EmuBModeVar</name>
         <uninitialized>true</uninitialized>
         <run_address>0xd00</run_address>
         <size>0x1</size>
         <input_file_ref idref="fl-8"/>
      </object_component>
      <object_component id="oc-c2">
         <name>AdcaResultFile</name>
         <uninitialized>true</uninitialized>
         <run_address>0xb00</run_address>
         <size>0x18</size>
         <input_file_ref idref="fl-8"/>
      </object_component>
      <object_component id="oc-c3">
         <name>AdcbResultFile</name>
         <uninitialized>true</uninitialized>
         <run_address>0xb20</run_address>
         <size>0x18</size>
         <input_file_ref idref="fl-8"/>
      </object_component>
      <object_component id="oc-c4">
         <name>AdccResultFile</name>
         <uninitialized>true</uninitialized>
         <run_address>0xb40</run_address>
         <size>0x18</size>
         <input_file_ref idref="fl-8"/>
      </object_component>
      <object_component id="oc-c5">
         <name>AdcdResultFile</name>
         <uninitialized>true</uninitialized>
         <run_address>0xb60</run_address>
         <size>0x18</size>
         <input_file_ref idref="fl-8"/>
      </object_component>
      <object_component id="oc-f3">
         <name>AdcaRegsFile</name>
         <uninitialized>true</uninitialized>
         <run_address>0x7400</run_address>
         <size>0x80</size>
         <input_file_ref idref="fl-8"/>
      </object_component>
      <object_component id="oc-f4">
         <name>AdcbRegsFile</name>
         <uninitialized>true</uninitialized>
         <run_address>0x7480</run_address>
         <size>0x80</size>
         <input_file_ref idref="fl-8"/>
      </object_component>
      <object_component id="oc-f5">
         <name>AdccRegsFile</name>
         <uninitialized>true</uninitialized>
         <run_address>0x7500</run_address>
         <size>0x80</size>
         <input_file_ref idref="fl-8"/>
      </object_component>
      <object_component id="oc-f6">
         <name>AdcdRegsFile</name>
         <uninitialized>true</uninitialized>
         <run_address>0x7580</run_address>
         <size>0x80</size>
         <input_file_ref idref="fl-8"/>
      </object_component>
      <object_component id="oc-ef">
         <name>AnalogSubsysRegsFile</name>
         <uninitialized>true</uninitialized>
         <run_address>0x5d180</run_address>
         <size>0x48</size>
         <input_file_ref idref="fl-8"/>
      </object_component>
      <object_component id="oc-109">
         <name>CanaRegsFile</name>
         <uninitialized>true</uninitialized>
         <run_address>0x48000</run_address>
         <size>0x164</size>
         <input_file_ref idref="fl-8"/>
      </object_component>
      <object_component id="oc-10a">
         <name>CanbRegsFile</name>
         <uninitialized>true</uninitialized>
         <run_address>0x4a000</run_address>
         <size>0x164</size>
         <input_file_ref idref="fl-8"/>
      </object_component>
      <object_component id="oc-ea">
         <name>Cla1RegsFile</name>
         <uninitialized>true</uninitialized>
         <run_address>0x1400</run_address>
         <size>0x3e</size>
         <input_file_ref idref="fl-8"/>
      </object_component>
      <object_component id="oc-b0">
         <name>Cla1SoftIntRegsFile</name>
         <uninitialized>true</uninitialized>
         <run_address>0xce0</run_address>
         <size>0x4</size>
         <input_file_ref idref="fl-8"/>
      </object_component>
      <object_component id="oc-c8">
         <name>Cmpss1RegsFile</name>
         <uninitialized>true</uninitialized>
         <run_address>0x5c80</run_address>
         <size>0x20</size>
         <input_file_ref idref="fl-8"/>
      </object_component>
      <object_component id="oc-c9">
         <name>Cmpss2RegsFile</name>
         <uninitialized>true</uninitialized>
         <run_address>0x5ca0</run_address>
         <size>0x20</size>
         <input_file_ref idref="fl-8"/>
      </object_component>
      <object_component id="oc-ca">
         <name>Cmpss3RegsFile</name>
         <uninitialized>true</uninitialized>
         <run_address>0x5cc0</run_address>
         <size>0x20</size>
         <input_file_ref idref="fl-8"/>
      </object_component>
      <object_component id="oc-cb">
         <name>Cmpss4RegsFile</name>
         <uninitialized>true</uninitialized>
         <run_address>0x5ce0</run_address>
         <size>0x20</size>
         <input_file_ref idref="fl-8"/>
      </object_component>
      <object_component id="oc-cc">
         <name>Cmpss5RegsFile</name>
         <uninitialized>true</uninitialized>
         <run_address>0x5d00</run_address>
         <size>0x20</size>
         <input_file_ref idref="fl-8"/>
      </object_component>
      <object_component id="oc-cd">
         <name>Cmpss6RegsFile</name>
         <uninitialized>true</uninitialized>
         <run_address>0x5d20</run_address>
         <size>0x20</size>
         <input_file_ref idref="fl-8"/>
      </object_component>
      <object_component id="oc-ce">
         <name>Cmpss7RegsFile</name>
         <uninitialized>true</uninitialized>
         <run_address>0x5d40</run_address>
         <size>0x20</size>
         <input_file_ref idref="fl-8"/>
      </object_component>
      <object_component id="oc-cf">
         <name>Cmpss8RegsFile</name>
         <uninitialized>true</uninitialized>
         <run_address>0x5d60</run_address>
         <size>0x20</size>
         <input_file_ref idref="fl-8"/>
      </object_component>
      <object_component id="oc-b6">
         <name>CpuTimer0RegsFile</name>
         <uninitialized>true</uninitialized>
         <run_address>0xc00</run_address>
         <size>0x8</size>
         <input_file_ref idref="fl-8"/>
      </object_component>
      <object_component id="oc-b7">
         <name>CpuTimer1RegsFile</name>
         <uninitialized>true</uninitialized>
         <run_address>0xc08</run_address>
         <size>0x8</size>
         <input_file_ref idref="fl-8"/>
      </object_component>
      <object_component id="oc-b8">
         <name>CpuTimer2RegsFile</name>
         <uninitialized>true</uninitialized>
         <run_address>0xc10</run_address>
         <size>0x8</size>
         <input_file_ref idref="fl-8"/>
      </object_component>
      <object_component id="oc-b3">
         <name>DacaRegsFile</name>
         <uninitialized>true</uninitialized>
         <run_address>0x5c00</run_address>
         <size>0x8</size>
         <input_file_ref idref="fl-8"/>
      </object_component>
      <object_component id="oc-b4">
         <name>DacbRegsFile</name>
         <uninitialized>true</uninitialized>
         <run_address>0x5c10</run_address>
         <size>0x8</size>
         <input_file_ref idref="fl-8"/>
      </object_component>
      <object_component id="oc-b5">
         <name>DaccRegsFile</name>
         <uninitialized>true</uninitialized>
         <run_address>0x5c20</run_address>
         <size>0x8</size>
         <input_file_ref idref="fl-8"/>
      </object_component>
      <object_component id="oc-e1">
         <name>DcsmZ1RegsFile</name>
         <uninitialized>true</uninitialized>
         <run_address>0x5f000</run_address>
         <size>0x24</size>
         <input_file_ref idref="fl-8"/>
      </object_component>
      <object_component id="oc-e2">
         <name>DcsmZ2RegsFile</name>
         <uninitialized>true</uninitialized>
         <run_address>0x5f040</run_address>
         <size>0x24</size>
         <input_file_ref idref="fl-8"/>
      </object_component>
      <object_component id="oc-b9">
         <name>DcsmCommonRegsFile</name>
         <uninitialized>true</uninitialized>
         <run_address>0x5f070</run_address>
         <size>0x8</size>
         <input_file_ref idref="fl-8"/>
      </object_component>
      <object_component id="oc-fb">
         <name>DmaRegsFile</name>
         <uninitialized>true</uninitialized>
         <run_address>0x1000</run_address>
         <size>0xe0</size>
         <input_file_ref idref="fl-8"/>
      </object_component>
      <object_component id="oc-c6">
         <name>DmaClaSrcSelRegsFile</name>
         <uninitialized>true</uninitialized>
         <run_address>0x7980</run_address>
         <size>0x1a</size>
         <input_file_ref idref="fl-8"/>
      </object_component>
      <object_component id="oc-d2">
         <name>ECap1RegsFile</name>
         <uninitialized>true</uninitialized>
         <run_address>0x5000</run_address>
         <size>0x20</size>
         <input_file_ref idref="fl-8"/>
      </object_component>
      <object_component id="oc-d3">
         <name>ECap2RegsFile</name>
         <uninitialized>true</uninitialized>
         <run_address>0x5020</run_address>
         <size>0x20</size>
         <input_file_ref idref="fl-8"/>
      </object_component>
      <object_component id="oc-d4">
         <name>ECap3RegsFile</name>
         <uninitialized>true</uninitialized>
         <run_address>0x5040</run_address>
         <size>0x20</size>
         <input_file_ref idref="fl-8"/>
      </object_component>
      <object_component id="oc-d5">
         <name>ECap4RegsFile</name>
         <uninitialized>true</uninitialized>
         <run_address>0x5060</run_address>
         <size>0x20</size>
         <input_file_ref idref="fl-8"/>
      </object_component>
      <object_component id="oc-d6">
         <name>ECap5RegsFile</name>
         <uninitialized>true</uninitialized>
         <run_address>0x5080</run_address>
         <size>0x20</size>
         <input_file_ref idref="fl-8"/>
      </object_component>
      <object_component id="oc-d7">
         <name>ECap6RegsFile</name>
         <uninitialized>true</uninitialized>
         <run_address>0x50a0</run_address>
         <size>0x20</size>
         <input_file_ref idref="fl-8"/>
      </object_component>
      <object_component id="oc-f1">
         <name>Emif1RegsFile</name>
         <uninitialized>true</uninitialized>
         <run_address>0x47000</run_address>
         <size>0x70</size>
         <input_file_ref idref="fl-8"/>
      </object_component>
      <object_component id="oc-f2">
         <name>Emif2RegsFile</name>
         <uninitialized>true</uninitialized>
         <run_address>0x47800</run_address>
         <size>0x70</size>
         <input_file_ref idref="fl-8"/>
      </object_component>
      <object_component id="oc-fc">
         <name>EPwm1RegsFile</name>
         <uninitialized>true</uninitialized>
         <run_address>0x4000</run_address>
         <size>0x100</size>
         <input_file_ref idref="fl-8"/>
      </object_component>
      <object_component id="oc-fd">
         <name>EPwm2RegsFile</name>
         <uninitialized>true</uninitialized>
         <run_address>0x4100</run_address>
         <size>0x100</size>
         <input_file_ref idref="fl-8"/>
      </object_component>
      <object_component id="oc-fe">
         <name>EPwm3RegsFile</name>
         <uninitialized>true</uninitialized>
         <run_address>0x4200</run_address>
         <size>0x100</size>
         <input_file_ref idref="fl-8"/>
      </object_component>
      <object_component id="oc-ff">
         <name>EPwm4RegsFile</name>
         <uninitialized>true</uninitialized>
         <run_address>0x4300</run_address>
         <size>0x100</size>
         <input_file_ref idref="fl-8"/>
      </object_component>
      <object_component id="oc-100">
         <name>EPwm5RegsFile</name>
         <uninitialized>true</uninitialized>
         <run_address>0x4400</run_address>
         <size>0x100</size>
         <input_file_ref idref="fl-8"/>
      </object_component>
      <object_component id="oc-101">
         <name>EPwm6RegsFile</name>
         <uninitialized>true</uninitialized>
         <run_address>0x4500</run_address>
         <size>0x100</size>
         <input_file_ref idref="fl-8"/>
      </object_component>
      <object_component id="oc-102">
         <name>EPwm7RegsFile</name>
         <uninitialized>true</uninitialized>
         <run_address>0x4600</run_address>
         <size>0x100</size>
         <input_file_ref idref="fl-8"/>
      </object_component>
      <object_component id="oc-103">
         <name>EPwm8RegsFile</name>
         <uninitialized>true</uninitialized>
         <run_address>0x4700</run_address>
         <size>0x100</size>
         <input_file_ref idref="fl-8"/>
      </object_component>
      <object_component id="oc-104">
         <name>EPwm9RegsFile</name>
         <uninitialized>true</uninitialized>
         <run_address>0x4800</run_address>
         <size>0x100</size>
         <input_file_ref idref="fl-8"/>
      </object_component>
      <object_component id="oc-105">
         <name>EPwm10RegsFile</name>
         <uninitialized>true</uninitialized>
         <run_address>0x4900</run_address>
         <size>0x100</size>
         <input_file_ref idref="fl-8"/>
      </object_component>
      <object_component id="oc-106">
         <name>EPwm11RegsFile</name>
         <uninitialized>true</uninitialized>
         <run_address>0x4a00</run_address>
         <size>0x100</size>
         <input_file_ref idref="fl-8"/>
      </object_component>
      <object_component id="oc-107">
         <name>EPwm12RegsFile</name>
         <uninitialized>true</uninitialized>
         <run_address>0x4b00</run_address>
         <size>0x100</size>
         <input_file_ref idref="fl-8"/>
      </object_component>
      <object_component id="oc-eb">
         <name>EPwmXbarRegsFile</name>
         <uninitialized>true</uninitialized>
         <run_address>0x7a00</run_address>
         <size>0x40</size>
         <input_file_ref idref="fl-8"/>
      </object_component>
      <object_component id="oc-dc">
         <name>EQep1RegsFile</name>
         <uninitialized>true</uninitialized>
         <run_address>0x5100</run_address>
         <size>0x22</size>
         <input_file_ref idref="fl-8"/>
      </object_component>
      <object_component id="oc-dd">
         <name>EQep2RegsFile</name>
         <uninitialized>true</uninitialized>
         <run_address>0x5140</run_address>
         <size>0x22</size>
         <input_file_ref idref="fl-8"/>
      </object_component>
      <object_component id="oc-de">
         <name>EQep3RegsFile</name>
         <uninitialized>true</uninitialized>
         <run_address>0x5180</run_address>
         <size>0x22</size>
         <input_file_ref idref="fl-8"/>
      </object_component>
      <object_component id="oc-10c">
         <name>Flash0CtrlRegsFile</name>
         <uninitialized>true</uninitialized>
         <run_address>0x5f800</run_address>
         <size>0x182</size>
         <input_file_ref idref="fl-8"/>
      </object_component>
      <object_component id="oc-e6">
         <name>Flash0EccRegsFile</name>
         <uninitialized>true</uninitialized>
         <run_address>0x5fb00</run_address>
         <size>0x28</size>
         <input_file_ref idref="fl-8"/>
      </object_component>
      <object_component id="oc-10b">
         <name>GpioCtrlRegsFile</name>
         <uninitialized>true</uninitialized>
         <run_address>0x7c00</run_address>
         <size>0x180</size>
         <input_file_ref idref="fl-8"/>
      </object_component>
      <object_component id="oc-e8">
         <name>GpioDataRegsFile</name>
         <uninitialized>true</uninitialized>
         <run_address>0x7f00</run_address>
         <size>0x30</size>
         <input_file_ref idref="fl-8"/>
      </object_component>
      <object_component id="oc-ec">
         <name>OutputXbarRegsFile</name>
         <uninitialized>true</uninitialized>
         <run_address>0x7a80</run_address>
         <size>0x40</size>
         <input_file_ref idref="fl-8"/>
      </object_component>
      <object_component id="oc-df">
         <name>I2caRegsFile</name>
         <uninitialized>true</uninitialized>
         <run_address>0x7300</run_address>
         <size>0x22</size>
         <input_file_ref idref="fl-8"/>
      </object_component>
      <object_component id="oc-e0">
         <name>I2cbRegsFile</name>
         <uninitialized>true</uninitialized>
         <run_address>0x7340</run_address>
         <size>0x22</size>
         <input_file_ref idref="fl-8"/>
      </object_component>
      <object_component id="oc-d8">
         <name>InputXbarRegsFile</name>
         <uninitialized>true</uninitialized>
         <run_address>0x7900</run_address>
         <size>0x20</size>
         <input_file_ref idref="fl-8"/>
      </object_component>
      <object_component id="oc-d9">
         <name>XbarRegsFile</name>
         <uninitialized>true</uninitialized>
         <run_address>0x7920</run_address>
         <size>0x20</size>
         <input_file_ref idref="fl-8"/>
      </object_component>
      <object_component id="oc-e3">
         <name>IpcRegsFile</name>
         <uninitialized>true</uninitialized>
         <run_address>0x50000</run_address>
         <size>0x24</size>
         <input_file_ref idref="fl-8"/>
      </object_component>
      <object_component id="oc-ad">
         <name>FlashPumpSemaphoreRegsFile</name>
         <uninitialized>true</uninitialized>
         <run_address>0x50024</run_address>
         <size>0x2</size>
         <input_file_ref idref="fl-8"/>
      </object_component>
      <object_component id="oc-ae">
         <name>RomPrefetchRegsFile</name>
         <uninitialized>true</uninitialized>
         <run_address>0x5e608</run_address>
         <size>0x2</size>
         <input_file_ref idref="fl-8"/>
      </object_component>
      <object_component id="oc-f7">
         <name>MemCfgRegsFile</name>
         <uninitialized>true</uninitialized>
         <run_address>0x5f400</run_address>
         <size>0x80</size>
         <input_file_ref idref="fl-8"/>
      </object_component>
      <object_component id="oc-da">
         <name>Emif1ConfigRegsFile</name>
         <uninitialized>true</uninitialized>
         <run_address>0x5f480</run_address>
         <size>0x20</size>
         <input_file_ref idref="fl-8"/>
      </object_component>
      <object_component id="oc-db">
         <name>Emif2ConfigRegsFile</name>
         <uninitialized>true</uninitialized>
         <run_address>0x5f4a0</run_address>
         <size>0x20</size>
         <input_file_ref idref="fl-8"/>
      </object_component>
      <object_component id="oc-ed">
         <name>AccessProtectionRegsFile</name>
         <uninitialized>true</uninitialized>
         <run_address>0x5f4c0</run_address>
         <size>0x40</size>
         <input_file_ref idref="fl-8"/>
      </object_component>
      <object_component id="oc-ee">
         <name>MemoryErrorRegsFile</name>
         <uninitialized>true</uninitialized>
         <run_address>0x5f500</run_address>
         <size>0x40</size>
         <input_file_ref idref="fl-8"/>
      </object_component>
      <object_component id="oc-af">
         <name>RomWaitStateRegsFile</name>
         <uninitialized>true</uninitialized>
         <run_address>0x5f540</run_address>
         <size>0x2</size>
         <input_file_ref idref="fl-8"/>
      </object_component>
      <object_component id="oc-e4">
         <name>McbspaRegsFile</name>
         <uninitialized>true</uninitialized>
         <run_address>0x6000</run_address>
         <size>0x24</size>
         <input_file_ref idref="fl-8"/>
      </object_component>
      <object_component id="oc-e5">
         <name>McbspbRegsFile</name>
         <uninitialized>true</uninitialized>
         <run_address>0x6040</run_address>
         <size>0x24</size>
         <input_file_ref idref="fl-8"/>
      </object_component>
      <object_component id="oc-f0">
         <name>UppRegsFile</name>
         <uninitialized>true</uninitialized>
         <run_address>0x6200</run_address>
         <size>0x48</size>
         <input_file_ref idref="fl-8"/>
      </object_component>
      <object_component id="oc-b2">
         <name>NmiIntruptRegsFile</name>
         <uninitialized>true</uninitialized>
         <run_address>0x7060</run_address>
         <size>0x7</size>
         <input_file_ref idref="fl-8"/>
      </object_component>
      <object_component id="oc-c7">
         <name>PieCtrlRegsFile</name>
         <uninitialized>true</uninitialized>
         <run_address>0xce0</run_address>
         <size>0x1a</size>
         <input_file_ref idref="fl-8"/>
      </object_component>
      <object_component id="oc-bb">
         <name>SciaRegsFile</name>
         <uninitialized>true</uninitialized>
         <run_address>0x7200</run_address>
         <size>0x10</size>
         <input_file_ref idref="fl-8"/>
      </object_component>
      <object_component id="oc-bc">
         <name>ScibRegsFile</name>
         <uninitialized>true</uninitialized>
         <run_address>0x7210</run_address>
         <size>0x10</size>
         <input_file_ref idref="fl-8"/>
      </object_component>
      <object_component id="oc-bd">
         <name>ScicRegsFile</name>
         <uninitialized>true</uninitialized>
         <run_address>0x7220</run_address>
         <size>0x10</size>
         <input_file_ref idref="fl-8"/>
      </object_component>
      <object_component id="oc-be">
         <name>ScidRegsFile</name>
         <uninitialized>true</uninitialized>
         <run_address>0x7230</run_address>
         <size>0x10</size>
         <input_file_ref idref="fl-8"/>
      </object_component>
      <object_component id="oc-f8">
         <name>Sdfm1RegsFile</name>
         <uninitialized>true</uninitialized>
         <run_address>0x5e00</run_address>
         <size>0x80</size>
         <input_file_ref idref="fl-8"/>
      </object_component>
      <object_component id="oc-f9">
         <name>Sdfm2RegsFile</name>
         <uninitialized>true</uninitialized>
         <run_address>0x5e80</run_address>
         <size>0x80</size>
         <input_file_ref idref="fl-8"/>
      </object_component>
      <object_component id="oc-bf">
         <name>SpiaRegsFile</name>
         <uninitialized>true</uninitialized>
         <run_address>0x6100</run_address>
         <size>0x10</size>
         <input_file_ref idref="fl-8"/>
      </object_component>
      <object_component id="oc-c0">
         <name>SpibRegsFile</name>
         <uninitialized>true</uninitialized>
         <run_address>0x6110</run_address>
         <size>0x10</size>
         <input_file_ref idref="fl-8"/>
      </object_component>
      <object_component id="oc-c1">
         <name>SpicRegsFile</name>
         <uninitialized>true</uninitialized>
         <run_address>0x6120</run_address>
         <size>0x10</size>
         <input_file_ref idref="fl-8"/>
      </object_component>
      <object_component id="oc-108">
         <name>DevCfgRegsFile</name>
         <uninitialized>true</uninitialized>
         <run_address>0x5d000</run_address>
         <size>0x12e</size>
         <input_file_ref idref="fl-8"/>
      </object_component>
      <object_component id="oc-e9">
         <name>ClkCfgRegsFile</name>
         <uninitialized>true</uninitialized>
         <run_address>0x5d200</run_address>
         <size>0x32</size>
         <input_file_ref idref="fl-8"/>
      </object_component>
      <object_component id="oc-fa">
         <name>CpuSysRegsFile</name>
         <uninitialized>true</uninitialized>
         <run_address>0x5d300</run_address>
         <size>0x82</size>
         <input_file_ref idref="fl-8"/>
      </object_component>
      <object_component id="oc-b1">
         <name>SyncSocRegsFile</name>
         <uninitialized>true</uninitialized>
         <run_address>0x7940</run_address>
         <size>0x6</size>
         <input_file_ref idref="fl-8"/>
      </object_component>
      <object_component id="oc-e7">
         <name>WdRegsFile</name>
         <uninitialized>true</uninitialized>
         <run_address>0x7000</run_address>
         <size>0x2b</size>
         <input_file_ref idref="fl-8"/>
      </object_component>
      <object_component id="oc-ba">
         <name>XintRegsFile</name>
         <uninitialized>true</uninitialized>
         <run_address>0x7070</run_address>
         <size>0xb</size>
         <input_file_ref idref="fl-8"/>
      </object_component>
      <object_component id="oc-88">
         <name>.debug_info</name>
         <load_address>0x0</load_address>
         <run_address>0x0</run_address>
         <size>0x1af2f</size>
         <input_file_ref idref="fl-2"/>
      </object_component>
      <object_component id="oc-90">
         <name>.debug_info</name>
         <load_address>0x1af2f</load_address>
         <run_address>0x1af2f</run_address>
         <size>0x641</size>
         <input_file_ref idref="fl-3"/>
      </object_component>
      <object_component id="oc-97">
         <name>.debug_info</name>
         <load_address>0x1b570</load_address>
         <run_address>0x1b570</run_address>
         <size>0x100</size>
         <input_file_ref idref="fl-4"/>
      </object_component>
      <object_component id="oc-9a">
         <name>.debug_info</name>
         <load_address>0x1b670</load_address>
         <run_address>0x1b670</run_address>
         <size>0x3c90</size>
         <input_file_ref idref="fl-5"/>
      </object_component>
      <object_component id="oc-a0">
         <name>.debug_info</name>
         <load_address>0x1f300</load_address>
         <run_address>0x1f300</run_address>
         <size>0xfa32</size>
         <input_file_ref idref="fl-6"/>
      </object_component>
      <object_component id="oc-a5">
         <name>.debug_info</name>
         <load_address>0x2ed32</load_address>
         <run_address>0x2ed32</run_address>
         <size>0x6604</size>
         <input_file_ref idref="fl-7"/>
      </object_component>
      <object_component id="oc-aa">
         <name>.debug_info</name>
         <load_address>0x35336</load_address>
         <run_address>0x35336</run_address>
         <size>0x50344</size>
         <input_file_ref idref="fl-8"/>
      </object_component>
      <object_component id="oc-10f">
         <name>.debug_info</name>
         <load_address>0x8567a</load_address>
         <run_address>0x8567a</run_address>
         <size>0x19de7</size>
         <input_file_ref idref="fl-9"/>
      </object_component>
      <object_component id="oc-114">
         <name>.debug_info</name>
         <load_address>0x9f461</load_address>
         <run_address>0x9f461</run_address>
         <size>0x162f</size>
         <input_file_ref idref="fl-a"/>
      </object_component>
      <object_component id="oc-119">
         <name>.debug_info</name>
         <load_address>0xa0a90</load_address>
         <run_address>0xa0a90</run_address>
         <size>0x356a</size>
         <input_file_ref idref="fl-b"/>
      </object_component>
      <object_component id="oc-11e">
         <name>.debug_info</name>
         <load_address>0xa3ffa</load_address>
         <run_address>0xa3ffa</run_address>
         <size>0x6722</size>
         <input_file_ref idref="fl-c"/>
      </object_component>
      <object_component id="oc-123">
         <name>.debug_info</name>
         <load_address>0xaa71c</load_address>
         <run_address>0xaa71c</run_address>
         <size>0x18a</size>
         <input_file_ref idref="fl-d"/>
      </object_component>
      <object_component id="oc-125">
         <name>.debug_info</name>
         <load_address>0xaa8a6</load_address>
         <run_address>0xaa8a6</run_address>
         <size>0xca65</size>
         <input_file_ref idref="fl-e"/>
      </object_component>
      <object_component id="oc-12a">
         <name>.debug_info</name>
         <load_address>0xb730b</load_address>
         <run_address>0xb730b</run_address>
         <size>0x2b59</size>
         <input_file_ref idref="fl-f"/>
      </object_component>
      <object_component id="oc-12f">
         <name>.debug_info</name>
         <load_address>0xb9e64</load_address>
         <run_address>0xb9e64</run_address>
         <size>0x3410</size>
         <input_file_ref idref="fl-10"/>
      </object_component>
      <object_component id="oc-138">
         <name>.debug_info</name>
         <load_address>0xbd274</load_address>
         <run_address>0xbd274</run_address>
         <size>0xfb</size>
         <input_file_ref idref="fl-11"/>
      </object_component>
      <object_component id="oc-13c">
         <name>.debug_info</name>
         <load_address>0xbd36f</load_address>
         <run_address>0xbd36f</run_address>
         <size>0x450</size>
         <input_file_ref idref="fl-13"/>
      </object_component>
      <object_component id="oc-143">
         <name>.debug_info</name>
         <load_address>0xbd7bf</load_address>
         <run_address>0xbd7bf</run_address>
         <size>0xf0</size>
         <input_file_ref idref="fl-14"/>
      </object_component>
      <object_component id="oc-148">
         <name>.debug_info</name>
         <load_address>0xbd8af</load_address>
         <run_address>0xbd8af</run_address>
         <size>0xee</size>
         <input_file_ref idref="fl-15"/>
      </object_component>
      <object_component id="oc-14b">
         <name>.debug_info</name>
         <load_address>0xbd99d</load_address>
         <run_address>0xbd99d</run_address>
         <size>0x54ec</size>
         <input_file_ref idref="fl-16"/>
      </object_component>
      <object_component id="oc-150">
         <name>.debug_info</name>
         <load_address>0xc2e89</load_address>
         <run_address>0xc2e89</run_address>
         <size>0x445</size>
         <input_file_ref idref="fl-17"/>
      </object_component>
      <object_component id="oc-157">
         <name>.debug_info</name>
         <load_address>0xc32ce</load_address>
         <run_address>0xc32ce</run_address>
         <size>0xeb</size>
         <input_file_ref idref="fl-18"/>
      </object_component>
      <object_component id="oc-15c">
         <name>.debug_info</name>
         <load_address>0xc33b9</load_address>
         <run_address>0xc33b9</run_address>
         <size>0xeb</size>
         <input_file_ref idref="fl-19"/>
      </object_component>
      <object_component id="oc-15f">
         <name>.debug_info</name>
         <load_address>0xc34a4</load_address>
         <run_address>0xc34a4</run_address>
         <size>0x581</size>
         <input_file_ref idref="fl-1a"/>
      </object_component>
      <object_component id="oc-166">
         <name>.debug_info</name>
         <load_address>0xc3a25</load_address>
         <run_address>0xc3a25</run_address>
         <size>0xef</size>
         <input_file_ref idref="fl-1b"/>
      </object_component>
      <object_component id="oc-169">
         <name>.debug_info</name>
         <load_address>0xc3b14</load_address>
         <run_address>0xc3b14</run_address>
         <size>0x47e</size>
         <input_file_ref idref="fl-1c"/>
      </object_component>
      <object_component id="oc-16e">
         <name>.debug_info</name>
         <load_address>0xc3f92</load_address>
         <run_address>0xc3f92</run_address>
         <size>0x5b1f</size>
         <input_file_ref idref="fl-1d"/>
      </object_component>
      <object_component id="oc-173">
         <name>.debug_info</name>
         <load_address>0xc9ab1</load_address>
         <run_address>0xc9ab1</run_address>
         <size>0x455</size>
         <input_file_ref idref="fl-1e"/>
      </object_component>
      <object_component id="oc-178">
         <name>.debug_info</name>
         <load_address>0xc9f06</load_address>
         <run_address>0xc9f06</run_address>
         <size>0x526</size>
         <input_file_ref idref="fl-1f"/>
      </object_component>
      <object_component id="oc-17d">
         <name>.debug_info</name>
         <load_address>0xca42c</load_address>
         <run_address>0xca42c</run_address>
         <size>0x47d</size>
         <input_file_ref idref="fl-20"/>
      </object_component>
      <object_component id="oc-182">
         <name>.debug_info</name>
         <load_address>0xca8a9</load_address>
         <run_address>0xca8a9</run_address>
         <size>0x484</size>
         <input_file_ref idref="fl-21"/>
      </object_component>
      <object_component id="oc-189">
         <name>.debug_info</name>
         <load_address>0xcad2d</load_address>
         <run_address>0xcad2d</run_address>
         <size>0xeb</size>
         <input_file_ref idref="fl-22"/>
      </object_component>
      <object_component id="oc-18e">
         <name>.debug_info</name>
         <load_address>0xcae18</load_address>
         <run_address>0xcae18</run_address>
         <size>0xf2</size>
         <input_file_ref idref="fl-23"/>
      </object_component>
      <object_component id="oc-193">
         <name>.debug_info</name>
         <load_address>0xcaf0a</load_address>
         <run_address>0xcaf0a</run_address>
         <size>0xed</size>
         <input_file_ref idref="fl-24"/>
      </object_component>
      <object_component id="oc-196">
         <name>.debug_info</name>
         <load_address>0xcaff7</load_address>
         <run_address>0xcaff7</run_address>
         <size>0x560</size>
         <input_file_ref idref="fl-25"/>
      </object_component>
      <object_component id="oc-19d">
         <name>.debug_info</name>
         <load_address>0xcb557</load_address>
         <run_address>0xcb557</run_address>
         <size>0x173</size>
         <input_file_ref idref="fl-36"/>
      </object_component>
      <object_component id="oc-1a2">
         <name>.debug_info</name>
         <load_address>0xcb6ca</load_address>
         <run_address>0xcb6ca</run_address>
         <size>0x176</size>
         <input_file_ref idref="fl-37"/>
      </object_component>
      <object_component id="oc-1a7">
         <name>.debug_info</name>
         <load_address>0xcb840</load_address>
         <run_address>0xcb840</run_address>
         <size>0x141</size>
         <input_file_ref idref="fl-38"/>
      </object_component>
      <object_component id="oc-1ab">
         <name>.debug_info</name>
         <load_address>0xcb981</load_address>
         <run_address>0xcb981</run_address>
         <size>0x561</size>
         <input_file_ref idref="fl-39"/>
      </object_component>
      <object_component id="oc-1b0">
         <name>.debug_info</name>
         <load_address>0xcbee2</load_address>
         <run_address>0xcbee2</run_address>
         <size>0x3ad</size>
         <input_file_ref idref="fl-3a"/>
      </object_component>
      <object_component id="oc-1b5">
         <name>.debug_info</name>
         <load_address>0xcc28f</load_address>
         <run_address>0xcc28f</run_address>
         <size>0x3aa</size>
         <input_file_ref idref="fl-3b"/>
      </object_component>
      <object_component id="oc-1ba">
         <name>.debug_info</name>
         <load_address>0xcc639</load_address>
         <run_address>0xcc639</run_address>
         <size>0x544</size>
         <input_file_ref idref="fl-3c"/>
      </object_component>
      <object_component id="oc-1c1">
         <name>.debug_info</name>
         <load_address>0xccb7d</load_address>
         <run_address>0xccb7d</run_address>
         <size>0x4cc</size>
         <input_file_ref idref="fl-3d"/>
      </object_component>
      <object_component id="oc-1c6">
         <name>.debug_info</name>
         <load_address>0xcd049</load_address>
         <run_address>0xcd049</run_address>
         <size>0x467</size>
         <input_file_ref idref="fl-3e"/>
      </object_component>
      <object_component id="oc-1cb">
         <name>.debug_info</name>
         <load_address>0xcd4b0</load_address>
         <run_address>0xcd4b0</run_address>
         <size>0x376</size>
         <input_file_ref idref="fl-3f"/>
      </object_component>
      <object_component id="oc-296">
         <name>.debug_info</name>
         <load_address>0xcd826</load_address>
         <run_address>0xcd826</run_address>
         <size>0xa8</size>
      </object_component>
      <object_component id="oc-8c">
         <name>.debug_frame</name>
         <load_address>0x0</load_address>
         <run_address>0x0</run_address>
         <size>0x2d0</size>
         <input_file_ref idref="fl-2"/>
      </object_component>
      <object_component id="oc-91">
         <name>.debug_frame</name>
         <load_address>0x2d0</load_address>
         <run_address>0x2d0</run_address>
         <size>0x7c</size>
         <input_file_ref idref="fl-3"/>
      </object_component>
      <object_component id="oc-9c">
         <name>.debug_frame</name>
         <load_address>0x34c</load_address>
         <run_address>0x34c</run_address>
         <size>0x11d0</size>
         <input_file_ref idref="fl-5"/>
      </object_component>
      <object_component id="oc-a1">
         <name>.debug_frame</name>
         <load_address>0x151c</load_address>
         <run_address>0x151c</run_address>
         <size>0x160</size>
         <input_file_ref idref="fl-6"/>
      </object_component>
      <object_component id="oc-a6">
         <name>.debug_frame</name>
         <load_address>0x167c</load_address>
         <run_address>0x167c</run_address>
         <size>0x170</size>
         <input_file_ref idref="fl-7"/>
      </object_component>
      <object_component id="oc-110">
         <name>.debug_frame</name>
         <load_address>0x17ec</load_address>
         <run_address>0x17ec</run_address>
         <size>0x1a8</size>
         <input_file_ref idref="fl-9"/>
      </object_component>
      <object_component id="oc-115">
         <name>.debug_frame</name>
         <load_address>0x1994</load_address>
         <run_address>0x1994</run_address>
         <size>0x28</size>
         <input_file_ref idref="fl-a"/>
      </object_component>
      <object_component id="oc-11a">
         <name>.debug_frame</name>
         <load_address>0x19bc</load_address>
         <run_address>0x19bc</run_address>
         <size>0x58</size>
         <input_file_ref idref="fl-b"/>
      </object_component>
      <object_component id="oc-11f">
         <name>.debug_frame</name>
         <load_address>0x1a14</load_address>
         <run_address>0x1a14</run_address>
         <size>0x44</size>
         <input_file_ref idref="fl-c"/>
      </object_component>
      <object_component id="oc-126">
         <name>.debug_frame</name>
         <load_address>0x1a58</load_address>
         <run_address>0x1a58</run_address>
         <size>0x244</size>
         <input_file_ref idref="fl-e"/>
      </object_component>
      <object_component id="oc-12b">
         <name>.debug_frame</name>
         <load_address>0x1c9c</load_address>
         <run_address>0x1c9c</run_address>
         <size>0x44</size>
         <input_file_ref idref="fl-f"/>
      </object_component>
      <object_component id="oc-132">
         <name>.debug_frame</name>
         <load_address>0x1ce0</load_address>
         <run_address>0x1ce0</run_address>
         <size>0x28</size>
         <input_file_ref idref="fl-10"/>
      </object_component>
      <object_component id="oc-13d">
         <name>.debug_frame</name>
         <load_address>0x1d08</load_address>
         <run_address>0x1d08</run_address>
         <size>0x44</size>
         <input_file_ref idref="fl-13"/>
      </object_component>
      <object_component id="oc-14c">
         <name>.debug_frame</name>
         <load_address>0x1d4c</load_address>
         <run_address>0x1d4c</run_address>
         <size>0x48</size>
         <input_file_ref idref="fl-16"/>
      </object_component>
      <object_component id="oc-151">
         <name>.debug_frame</name>
         <load_address>0x1d94</load_address>
         <run_address>0x1d94</run_address>
         <size>0x44</size>
         <input_file_ref idref="fl-17"/>
      </object_component>
      <object_component id="oc-160">
         <name>.debug_frame</name>
         <load_address>0x1dd8</load_address>
         <run_address>0x1dd8</run_address>
         <size>0x60</size>
         <input_file_ref idref="fl-1a"/>
      </object_component>
      <object_component id="oc-16a">
         <name>.debug_frame</name>
         <load_address>0x1e38</load_address>
         <run_address>0x1e38</run_address>
         <size>0x4c</size>
         <input_file_ref idref="fl-1c"/>
      </object_component>
      <object_component id="oc-16f">
         <name>.debug_frame</name>
         <load_address>0x1e84</load_address>
         <run_address>0x1e84</run_address>
         <size>0x104</size>
         <input_file_ref idref="fl-1d"/>
      </object_component>
      <object_component id="oc-174">
         <name>.debug_frame</name>
         <load_address>0x1f88</load_address>
         <run_address>0x1f88</run_address>
         <size>0x44</size>
         <input_file_ref idref="fl-1e"/>
      </object_component>
      <object_component id="oc-179">
         <name>.debug_frame</name>
         <load_address>0x1fcc</load_address>
         <run_address>0x1fcc</run_address>
         <size>0x44</size>
         <input_file_ref idref="fl-1f"/>
      </object_component>
      <object_component id="oc-17e">
         <name>.debug_frame</name>
         <load_address>0x2010</load_address>
         <run_address>0x2010</run_address>
         <size>0x44</size>
         <input_file_ref idref="fl-20"/>
      </object_component>
      <object_component id="oc-183">
         <name>.debug_frame</name>
         <load_address>0x2054</load_address>
         <run_address>0x2054</run_address>
         <size>0x28</size>
         <input_file_ref idref="fl-21"/>
      </object_component>
      <object_component id="oc-197">
         <name>.debug_frame</name>
         <load_address>0x207c</load_address>
         <run_address>0x207c</run_address>
         <size>0x64</size>
         <input_file_ref idref="fl-25"/>
      </object_component>
      <object_component id="oc-1ac">
         <name>.debug_frame</name>
         <load_address>0x20e0</load_address>
         <run_address>0x20e0</run_address>
         <size>0x60</size>
         <input_file_ref idref="fl-39"/>
      </object_component>
      <object_component id="oc-1b1">
         <name>.debug_frame</name>
         <load_address>0x2140</load_address>
         <run_address>0x2140</run_address>
         <size>0x40</size>
         <input_file_ref idref="fl-3a"/>
      </object_component>
      <object_component id="oc-1b6">
         <name>.debug_frame</name>
         <load_address>0x2180</load_address>
         <run_address>0x2180</run_address>
         <size>0x40</size>
         <input_file_ref idref="fl-3b"/>
      </object_component>
      <object_component id="oc-1bd">
         <name>.debug_frame</name>
         <load_address>0x21c0</load_address>
         <run_address>0x21c0</run_address>
         <size>0x60</size>
         <input_file_ref idref="fl-3c"/>
      </object_component>
      <object_component id="oc-1c2">
         <name>.debug_frame</name>
         <load_address>0x2220</load_address>
         <run_address>0x2220</run_address>
         <size>0x70</size>
         <input_file_ref idref="fl-3d"/>
      </object_component>
      <object_component id="oc-1c7">
         <name>.debug_frame</name>
         <load_address>0x2290</load_address>
         <run_address>0x2290</run_address>
         <size>0x40</size>
         <input_file_ref idref="fl-3e"/>
      </object_component>
      <object_component id="oc-1cc">
         <name>.debug_frame</name>
         <load_address>0x22d0</load_address>
         <run_address>0x22d0</run_address>
         <size>0x28</size>
         <input_file_ref idref="fl-3f"/>
      </object_component>
      <object_component id="oc-8d">
         <name>.debug_line</name>
         <load_address>0x0</load_address>
         <run_address>0x0</run_address>
         <size>0x8dc</size>
         <input_file_ref idref="fl-2"/>
      </object_component>
      <object_component id="oc-92">
         <name>.debug_line</name>
         <load_address>0x8dc</load_address>
         <run_address>0x8dc</run_address>
         <size>0xd1</size>
         <input_file_ref idref="fl-3"/>
      </object_component>
      <object_component id="oc-96">
         <name>.debug_line</name>
         <load_address>0x9ad</load_address>
         <run_address>0x9ad</run_address>
         <size>0x54</size>
         <input_file_ref idref="fl-4"/>
      </object_component>
      <object_component id="oc-9d">
         <name>.debug_line</name>
         <load_address>0xa01</load_address>
         <run_address>0xa01</run_address>
         <size>0xce2</size>
         <input_file_ref idref="fl-5"/>
      </object_component>
      <object_component id="oc-a2">
         <name>.debug_line</name>
         <load_address>0x16e3</load_address>
         <run_address>0x16e3</run_address>
         <size>0x1f4</size>
         <input_file_ref idref="fl-6"/>
      </object_component>
      <object_component id="oc-a7">
         <name>.debug_line</name>
         <load_address>0x18d7</load_address>
         <run_address>0x18d7</run_address>
         <size>0x2ff</size>
         <input_file_ref idref="fl-7"/>
      </object_component>
      <object_component id="oc-111">
         <name>.debug_line</name>
         <load_address>0x1bd6</load_address>
         <run_address>0x1bd6</run_address>
         <size>0x244</size>
         <input_file_ref idref="fl-9"/>
      </object_component>
      <object_component id="oc-116">
         <name>.debug_line</name>
         <load_address>0x1e1a</load_address>
         <run_address>0x1e1a</run_address>
         <size>0x38</size>
         <input_file_ref idref="fl-a"/>
      </object_component>
      <object_component id="oc-11b">
         <name>.debug_line</name>
         <load_address>0x1e52</load_address>
         <run_address>0x1e52</run_address>
         <size>0x8c</size>
         <input_file_ref idref="fl-b"/>
      </object_component>
      <object_component id="oc-120">
         <name>.debug_line</name>
         <load_address>0x1ede</load_address>
         <run_address>0x1ede</run_address>
         <size>0x70</size>
         <input_file_ref idref="fl-c"/>
      </object_component>
      <object_component id="oc-127">
         <name>.debug_line</name>
         <load_address>0x1f4e</load_address>
         <run_address>0x1f4e</run_address>
         <size>0x4a0</size>
         <input_file_ref idref="fl-e"/>
      </object_component>
      <object_component id="oc-12c">
         <name>.debug_line</name>
         <load_address>0x23ee</load_address>
         <run_address>0x23ee</run_address>
         <size>0x78</size>
         <input_file_ref idref="fl-f"/>
      </object_component>
      <object_component id="oc-133">
         <name>.debug_line</name>
         <load_address>0x2466</load_address>
         <run_address>0x2466</run_address>
         <size>0x3b</size>
         <input_file_ref idref="fl-10"/>
      </object_component>
      <object_component id="oc-137">
         <name>.debug_line</name>
         <load_address>0x24a1</load_address>
         <run_address>0x24a1</run_address>
         <size>0x4e</size>
         <input_file_ref idref="fl-11"/>
      </object_component>
      <object_component id="oc-13e">
         <name>.debug_line</name>
         <load_address>0x24ef</load_address>
         <run_address>0x24ef</run_address>
         <size>0x45</size>
         <input_file_ref idref="fl-13"/>
      </object_component>
      <object_component id="oc-142">
         <name>.debug_line</name>
         <load_address>0x2534</load_address>
         <run_address>0x2534</run_address>
         <size>0x72</size>
         <input_file_ref idref="fl-14"/>
      </object_component>
      <object_component id="oc-147">
         <name>.debug_line</name>
         <load_address>0x25a6</load_address>
         <run_address>0x25a6</run_address>
         <size>0x6f</size>
         <input_file_ref idref="fl-15"/>
      </object_component>
      <object_component id="oc-14d">
         <name>.debug_line</name>
         <load_address>0x2615</load_address>
         <run_address>0x2615</run_address>
         <size>0xc3</size>
         <input_file_ref idref="fl-16"/>
      </object_component>
      <object_component id="oc-152">
         <name>.debug_line</name>
         <load_address>0x26d8</load_address>
         <run_address>0x26d8</run_address>
         <size>0x4c</size>
         <input_file_ref idref="fl-17"/>
      </object_component>
      <object_component id="oc-156">
         <name>.debug_line</name>
         <load_address>0x2724</load_address>
         <run_address>0x2724</run_address>
         <size>0x61</size>
         <input_file_ref idref="fl-18"/>
      </object_component>
      <object_component id="oc-15b">
         <name>.debug_line</name>
         <load_address>0x2785</load_address>
         <run_address>0x2785</run_address>
         <size>0x53</size>
         <input_file_ref idref="fl-19"/>
      </object_component>
      <object_component id="oc-161">
         <name>.debug_line</name>
         <load_address>0x27d8</load_address>
         <run_address>0x27d8</run_address>
         <size>0xc4</size>
         <input_file_ref idref="fl-1a"/>
      </object_component>
      <object_component id="oc-165">
         <name>.debug_line</name>
         <load_address>0x289c</load_address>
         <run_address>0x289c</run_address>
         <size>0x57</size>
         <input_file_ref idref="fl-1b"/>
      </object_component>
      <object_component id="oc-16b">
         <name>.debug_line</name>
         <load_address>0x28f3</load_address>
         <run_address>0x28f3</run_address>
         <size>0x88</size>
         <input_file_ref idref="fl-1c"/>
      </object_component>
      <object_component id="oc-170">
         <name>.debug_line</name>
         <load_address>0x297b</load_address>
         <run_address>0x297b</run_address>
         <size>0x1de</size>
         <input_file_ref idref="fl-1d"/>
      </object_component>
      <object_component id="oc-175">
         <name>.debug_line</name>
         <load_address>0x2b59</load_address>
         <run_address>0x2b59</run_address>
         <size>0x4a</size>
         <input_file_ref idref="fl-1e"/>
      </object_component>
      <object_component id="oc-17a">
         <name>.debug_line</name>
         <load_address>0x2ba3</load_address>
         <run_address>0x2ba3</run_address>
         <size>0x60</size>
         <input_file_ref idref="fl-1f"/>
      </object_component>
      <object_component id="oc-17f">
         <name>.debug_line</name>
         <load_address>0x2c03</load_address>
         <run_address>0x2c03</run_address>
         <size>0x63</size>
         <input_file_ref idref="fl-20"/>
      </object_component>
      <object_component id="oc-184">
         <name>.debug_line</name>
         <load_address>0x2c66</load_address>
         <run_address>0x2c66</run_address>
         <size>0x35</size>
         <input_file_ref idref="fl-21"/>
      </object_component>
      <object_component id="oc-188">
         <name>.debug_line</name>
         <load_address>0x2c9b</load_address>
         <run_address>0x2c9b</run_address>
         <size>0x61</size>
         <input_file_ref idref="fl-22"/>
      </object_component>
      <object_component id="oc-18d">
         <name>.debug_line</name>
         <load_address>0x2cfc</load_address>
         <run_address>0x2cfc</run_address>
         <size>0x69</size>
         <input_file_ref idref="fl-23"/>
      </object_component>
      <object_component id="oc-192">
         <name>.debug_line</name>
         <load_address>0x2d65</load_address>
         <run_address>0x2d65</run_address>
         <size>0x59</size>
         <input_file_ref idref="fl-24"/>
      </object_component>
      <object_component id="oc-198">
         <name>.debug_line</name>
         <load_address>0x2dbe</load_address>
         <run_address>0x2dbe</run_address>
         <size>0xfa</size>
         <input_file_ref idref="fl-25"/>
      </object_component>
      <object_component id="oc-19e">
         <name>.debug_line</name>
         <load_address>0x2eb8</load_address>
         <run_address>0x2eb8</run_address>
         <size>0x7e</size>
         <input_file_ref idref="fl-36"/>
      </object_component>
      <object_component id="oc-1a3">
         <name>.debug_line</name>
         <load_address>0x2f36</load_address>
         <run_address>0x2f36</run_address>
         <size>0x6c</size>
         <input_file_ref idref="fl-37"/>
      </object_component>
      <object_component id="oc-1a8">
         <name>.debug_line</name>
         <load_address>0x2fa2</load_address>
         <run_address>0x2fa2</run_address>
         <size>0x69</size>
         <input_file_ref idref="fl-38"/>
      </object_component>
[...]
      </symbol>
      <symbol id="sm-580">
         <name>_EmuKey</name>
         <value>0x22</value>
         <object_component_ref idref="oc-ab"/>
      </symbol>
      <symbol id="sm-581">
         <name>_OutputXbarRegs</name>
         <value>0x7a80</value>
         <object_component_ref idref="oc-ec"/>
      </symbol>
      <symbol id="sm-582">
         <name>_MemoryErrorRegs</name>
         <value>0x5f500</value>
         <object_component_ref idref="oc-ee"/>
      </symbol>
      <symbol id="sm-583">
         <name>_Cla1Regs</name>
         <value>0x1400</value>
         <object_component_ref idref="oc-ea"/>
      </symbol>
      <symbol id="sm-584">
         <name>_DcsmZ2Otp</name>
         <value>0x40</value>
         <object_component_ref idref="oc-d1"/>
      </symbol>
      <symbol id="sm-585">
         <name>_EQep1Regs</name>
         <value>0x5100</value>
         <object_component_ref idref="oc-dc"/>
      </symbol>
      <symbol id="sm-586">
         <name>_DacbRegs</name>
         <value>0x5c10</value>
         <object_component_ref idref="oc-b4"/>
      </symbol>
      <symbol id="sm-587">
         <name>_McbspaRegs</name>
         <value>0x6000</value>
         <object_component_ref idref="oc-e4"/>
      </symbol>
      <symbol id="sm-588">
         <name>_EPwm1Regs</name>
         <value>0x4000</value>
         <object_component_ref idref="oc-fc"/>
      </symbol>
      <symbol id="sm-589">
         <name>_AdcbRegs</name>
         <value>0x7480</value>
         <object_component_ref idref="oc-f4"/>
      </symbol>
      <symbol id="sm-58a">
         <name>_ScibRegs</name>
         <value>0x7210</value>
         <object_component_ref idref="oc-bc"/>
      </symbol>
      <symbol id="sm-58b">
         <name>_AdcaResultRegs</name>
         <value>0xb00</value>
         <object_component_ref idref="oc-c2"/>
      </symbol>
      <symbol id="sm-58c">
         <name>_ECap2Regs</name>
         <value>0x5020</value>
         <object_component_ref idref="oc-d3"/>
      </symbol>
      <symbol id="sm-58d">
         <name>_EPwm12Regs</name>
         <value>0x4b00</value>
         <object_component_ref idref="oc-107"/>
      </symbol>
      <symbol id="sm-58e">
         <name>_AdcbResultRegs</name>
         <value>0xb20</value>
         <object_component_ref idref="oc-c3"/>
      </symbol>
      <symbol id="sm-58f">
         <name>_AdccResultRegs</name>
         <value>0xb40</value>
         <object_component_ref idref="oc-c4"/>
      </symbol>
      <symbol id="sm-590">
         <name>_Emif1ConfigRegs</name>
         <value>0x5f480</value>
         <object_component_ref idref="oc-da"/>
      </symbol>
      <symbol id="sm-591">
         <name>_Sdfm2Regs</name>
         <value>0x5e80</value>
         <object_component_ref idref="oc-f9"/>
      </symbol>
      <symbol id="sm-592">
         <name>_AdcdResultRegs</name>
         <value>0xb60</value>
         <object_component_ref idref="oc-c5"/>
      </symbol>
      <symbol id="sm-593">
         <name>_EQep2Regs</name>
         <value>0x5140</value>
         <object_component_ref idref="oc-dd"/>
      </symbol>
      <symbol id="sm-594">
         <name>_Cmpss1Regs</name>
         <value>0x5c80</value>
         <object_component_ref idref="oc-c8"/>
      </symbol>
      <symbol id="sm-595">
         <name>_EPwm8Regs</name>
         <value>0x4700</value>
         <object_component_ref idref="oc-103"/>
      </symbol>
      <symbol id="sm-596">
         <name>_Emif2ConfigRegs</name>
         <value>0x5f4a0</value>
         <object_component_ref idref="oc-db"/>
      </symbol>
      <symbol id="sm-597">
         <name>_DcsmCommonRegs</name>
         <value>0x5f070</value>
         <object_component_ref idref="oc-b9"/>
      </symbol>
      <symbol id="sm-598">
         <name>_EPwm2Regs</name>
         <value>0x4100</value>
         <object_component_ref idref="oc-fd"/>
      </symbol>
      <symbol id="sm-599">
         <name>_ECap3Regs</name>
         <value>0x5040</value>
         <object_component_ref idref="oc-d4"/>
      </symbol>
      <symbol id="sm-59a">
         <name>_Cmpss8Regs</name>
         <value>0x5d60</value>
         <object_component_ref idref="oc-cf"/>
      </symbol>
      <symbol id="sm-59b">
         <name>_EQep3Regs</name>
         <value>0x5180</value>
         <object_component_ref idref="oc-de"/>
      </symbol>
      <symbol id="sm-59c">
         <name>_SyncSocRegs</name>
         <value>0x7940</value>
         <object_component_ref idref="oc-b1"/>
      </symbol>
      <symbol id="sm-59d">
         <name>_EPwm9Regs</name>
         <value>0x4800</value>
         <object_component_ref idref="oc-104"/>
      </symbol>
      <symbol id="sm-59e">
         <name>_NmiIntruptRegs</name>
         <value>0x7060</value>
         <object_component_ref idref="oc-b2"/>
      </symbol>
      <symbol id="sm-59f">
         <name>_EPwm3Regs</name>
         <value>0x4200</value>
         <object_component_ref idref="oc-fe"/>
      </symbol>
      <symbol id="sm-5a0">
         <name>_I2caRegs</name>
         <value>0x7300</value>
         <object_component_ref idref="oc-df"/>
      </symbol>
      <symbol id="sm-5c2">
         <name>_GPIO_SetupLock</name>
         <value>0x83b0b</value>
         <object_component_ref idref="oc-1ed"/>
      </symbol>
      <symbol id="sm-5c4">
         <name>_GPIO_SetupXINT4Gpio</name>
         <value>0x83b52</value>
         <object_component_ref idref="oc-1ed"/>
      </symbol>
      <symbol id="sm-5c6">
         <name>_InitGpio</name>
         <value>0x839ab</value>
         <object_component_ref idref="oc-1ed"/>
      </symbol>
      <symbol id="sm-5c8">
         <name>_GPIO_SetupXINT5Gpio</name>
         <value>0x83b5c</value>
         <object_component_ref idref="oc-1ed"/>
      </symbol>
      <symbol id="sm-5ca">
         <name>_GPIO_EnableUnbondedIOPullupsFor176Pin</name>
         <value>0x83b66</value>
         <object_component_ref idref="oc-1ed"/>
      </symbol>
      <symbol id="sm-5cc">
         <name>_GPIO_SetupXINT2Gpio</name>
         <value>0x83b3e</value>
         <object_component_ref idref="oc-1ed"/>
      </symbol>
      <symbol id="sm-5ce">
         <name>_GPIO_SetupXINT3Gpio</name>
         <value>0x83b48</value>
         <object_component_ref idref="oc-1ed"/>
      </symbol>
      <symbol id="sm-5d0">
         <name>_GPIO_WritePin</name>
         <value>0x83bd1</value>
         <object_component_ref idref="oc-1ed"/>
      </symbol>
      <symbol id="sm-5d2">
         <name>_GPIO_SetupPinOptions</name>
         <value>0x83a77</value>
         <object_component_ref idref="oc-1ed"/>
      </symbol>
      <symbol id="sm-5d4">
         <name>_GPIO_EnableUnbondedIOPullups</name>
         <value>0x83ba4</value>
         <object_component_ref idref="oc-1ed"/>
      </symbol>
      <symbol id="sm-5d6">
         <name>_GPIO_SetupXINT1Gpio</name>
         <value>0x83b34</value>
         <object_component_ref idref="oc-1ed"/>
      </symbol>
      <symbol id="sm-5d8">
         <name>_GPIO_SetupPinMux</name>
         <value>0x839eb</value>
         <object_component_ref idref="oc-1ed"/>
      </symbol>
      <symbol id="sm-5da">
         <name>_GPIO_EnableUnbondedIOPullupsFor100Pin</name>
         <value>0x83b7f</value>
         <object_component_ref idref="oc-1ed"/>
      </symbol>
      <symbol id="sm-5dc">
         <name>_GPIO_ReadPin</name>
         <value>0x83bba</value>
         <object_component_ref idref="oc-1ed"/>
      </symbol>
      <symbol id="sm-5f2">
         <name>_InitPieCtrl</name>
         <value>0x840c3</value>
         <object_component_ref idref="oc-1f0"/>
      </symbol>
      <symbol id="sm-5f4">
         <name>_EnableInterrupts</name>
         <value>0x840e2</value>
         <object_component_ref idref="oc-1f0"/>
      </symbol>
      <symbol id="sm-605">
         <name>_PieVectTableInit</name>
         <value>0x90000</value>
         <object_component_ref idref="oc-1fb"/>
      </symbol>
      <symbol id="sm-606">
         <name>_InitPieVectTable</name>
         <value>0x84113</value>
         <object_component_ref idref="oc-1f1"/>
      </symbol>
      <symbol id="sm-63c">
         <name>_InitSysPll</name>
         <value>0x83158</value>
         <object_component_ref idref="oc-1ec"/>
      </symbol>
      <symbol id="sm-63e">
         <name>_SeizeFlashPump</name>
         <value>0x83123</value>
         <object_component_ref idref="oc-1ec"/>
      </symbol>
      <symbol id="sm-640">
         <name>_DisablePeripheralClocks</name>
         <value>0x8310b</value>
         <object_component_ref idref="oc-1ec"/>
      </symbol>
      <symbol id="sm-642">
         <name>_FlashOff</name>
         <value>0x8747</value>
         <object_component_ref idref="oc-1fa"/>
      </symbol>
      <symbol id="sm-644">
         <name>_DisableDog</name>
         <value>0x8314a</value>
         <object_component_ref idref="oc-1ec"/>
      </symbol>
      <symbol id="sm-646">
         <name>_SysIntOsc2Sel</name>
         <value>0x83311</value>
         <object_component_ref idref="oc-1ec"/>
      </symbol>
      <symbol id="sm-648">
         <name>_ReleaseFlashPump</name>
         <value>0x83132</value>
         <object_component_ref idref="oc-1ec"/>
      </symbol>
      <symbol id="sm-64a">
         <name>_HALT</name>
         <value>0x8335b</value>
         <object_component_ref idref="oc-1ec"/>
      </symbol>
      <symbol id="sm-64c">
         <name>_IDLE</name>
         <value>0x83347</value>
         <object_component_ref idref="oc-1ec"/>
      </symbol>
      <symbol id="sm-64e">
         <name>_InitPeripheralClocks</name>
         <value>0x83087</value>
         <object_component_ref idref="oc-1ec"/>
      </symbol>
      <symbol id="sm-650">
         <name>_InitFlash</name>
         <value>0x871e</value>
         <object_component_ref idref="oc-1fa"/>
      </symbol>
      <symbol id="sm-652">
         <name>_SysXtalOscSel</name>
         <value>0x8331b</value>
         <object_component_ref idref="oc-1ec"/>
      </symbol>
      <symbol id="sm-654">
         <name>_CsmUnlock</name>
         <value>0x832e6</value>
         <object_component_ref idref="oc-1ec"/>
      </symbol>
      <symbol id="sm-656">
         <name>_SysIntOsc1Sel</name>
         <value>0x83307</value>
         <object_component_ref idref="oc-1ec"/>
      </symbol>
      <symbol id="sm-658">
         <name>_ServiceDog</name>
         <value>0x8313c</value>
         <object_component_ref idref="oc-1ec"/>
      </symbol>
      <symbol id="sm-65a">
         <name>_HIB</name>
         <value>0x83374</value>
         <object_component_ref idref="oc-1ec"/>
      </symbol>
      <symbol id="sm-65c">
         <name>_AuxAuxClkSel</name>
         <value>0x8333d</value>
         <object_component_ref idref="oc-1ec"/>
      </symbol>
      <symbol id="sm-65e">
         <name>_AuxIntOsc2Sel</name>
         <value>0x83327</value>
         <object_component_ref idref="oc-1ec"/>
      </symbol>
      <symbol id="sm-660">
         <name>_InitAuxPll</name>
         <value>0x8321e</value>
         <object_component_ref idref="oc-1ec"/>
      </symbol>
      <symbol id="sm-662">
         <name>_InitSysCtrl</name>
         <value>0x8304a</value>
         <object_component_ref idref="oc-1ec"/>
      </symbol>
      <symbol id="sm-664">
         <name>_STANDBY</name>
         <value>0x83350</value>
         <object_component_ref idref="oc-1ec"/>
      </symbol>
      <symbol id="sm-666">
         <name>_AuxXtalOscSel</name>
         <value>0x83331</value>
         <object_component_ref idref="oc-1ec"/>
      </symbol>
      <symbol id="sm-677">
         <name>_InitCAN</name>
         <value>0x83f13</value>
         <object_component_ref idref="oc-1ef"/>
      </symbol>
      <symbol id="sm-686">
         <name>_deviceOpen</name>
         <value>0xa9c4</value>
         <object_component_ref idref="oc-131"/>
      </symbol>
      <symbol id="sm-692">
         <name>_F28x_usDelay</name>
         <value>0x87c3</value>
         <object_component_ref idref="oc-136"/>
      </symbol>
      <symbol id="sm-69a">
         <name>_FPUsinTable</name>
         <value>0x9000</value>
         <object_component_ref idref="oc-13b"/>
      </symbol>
      <symbol id="sm-69b">
         <name>_FPUatan2HalfPITable</name>
         <value>0x9502</value>
         <object_component_ref idref="oc-13b"/>
      </symbol>
      <symbol id="sm-69c">
         <name>_FPUatan2Table</name>
         <value>0x9506</value>
         <object_component_ref idref="oc-13b"/>
      </symbol>
      <symbol id="sm-69d">
         <name>_FPUatan2TableEnd</name>
         <value>0x968c</value>
         <object_component_ref idref="oc-13b"/>
      </symbol>
      <symbol id="sm-69e">
         <name>_FPUcosTableEnd</name>
         <value>0x9502</value>
         <object_component_ref idref="oc-13b"/>
      </symbol>
      <symbol id="sm-69f">
         <name>_FPUcosTable</name>
         <value>0x9100</value>
         <object_component_ref idref="oc-13b"/>
      </symbol>
      <symbol id="sm-6a0">
         <name>_FPUsinTableEnd</name>
         <value>0x9400</value>
         <object_component_ref idref="oc-13b"/>
      </symbol>
      <symbol id="sm-6ac">
         <name>_ocb_az1gendq_calc</name>
         <value>0x87c7</value>
         <object_component_ref idref="oc-1da"/>
      </symbol>
      <symbol id="sm-6b9">
         <name>_atan2</name>
         <value>0x83ec4</value>
         <object_component_ref idref="oc-141"/>
      </symbol>
      <symbol id="sm-6c5">
         <name>_atan</name>
         <value>0x83f5f</value>
         <object_component_ref idref="oc-146"/>
      </symbol>
      <symbol id="sm-6db">
         <name>_az1gendq_calc</name>
         <value>0x8000</value>
         <object_component_ref idref="oc-1d8"/>
      </symbol>
      <symbol id="sm-6e8">
         <name>_clarke_calc</name>
         <value>0x8755</value>
         <object_component_ref idref="oc-1d6"/>
      </symbol>
      <symbol id="sm-6f5">
         <name>_cos</name>
         <value>0x84000</value>
         <object_component_ref idref="oc-155"/>
      </symbol>
      <symbol id="sm-701">
         <name>FS$$DIV</name>
         <value>0x841bc</value>
         <object_component_ref idref="oc-15a"/>
      </symbol>
      <symbol id="sm-712">
         <name>_ipark_calc</name>
         <value>0x85f6</value>
         <object_component_ref idref="oc-1dd"/>
      </symbol>
      <symbol id="sm-71f">
         <name>_isqrt</name>
         <value>0x841a0</value>
         <object_component_ref idref="oc-164"/>
      </symbol>
      <symbol id="sm-733">
         <name>_memcpy</name>
         <value>0x84068</value>
         <object_component_ref idref="oc-1e4"/>
      </symbol>
      <symbol id="sm-75b">
         <name>_conter_time</name>
         <value>0x83c9c</value>
         <object_component_ref idref="oc-1ea"/>
      </symbol>
      <symbol id="sm-75d">
         <name>_judge_ns_sector</name>
         <value>0x83c28</value>
         <object_component_ref idref="oc-1ea"/>
      </symbol>
      <symbol id="sm-75f">
         <name>_nsgendq_calc</name>
         <value>0x83a0</value>
         <object_component_ref idref="oc-1d9"/>
      </symbol>
      <symbol id="sm-76c">
         <name>_park_calc</name>
         <value>0x8783</value>
         <object_component_ref idref="oc-1db"/>
      </symbol>
      <symbol id="sm-77c">
         <name>_pid_reg3_calc</name>
         <value>0x853c</value>
         <object_component_ref idref="oc-1de"/>
      </symbol>
      <symbol id="sm-78d">
         <name>_rampgen_calc</name>
         <value>0x8694</value>
         <object_component_ref idref="oc-1dc"/>
      </symbol>
      <symbol id="sm-7a3">
         <name>_sin</name>
         <value>0x84034</value>
         <object_component_ref idref="oc-187"/>
      </symbol>
      <symbol id="sm-7af">
         <name>_sincos</name>
         <value>0x83fa9</value>
         <object_component_ref idref="oc-18c"/>
      </symbol>
      <symbol id="sm-7bb">
         <name>_sqrt</name>
         <value>0x8417f</value>
         <object_component_ref idref="oc-191"/>
      </symbol>
      <symbol id="sm-7dc">
         <name>_svgendq_calc</name>
         <value>0x81fc</value>
         <object_component_ref idref="oc-1d7"/>
      </symbol>
      <symbol id="sm-7de">
         <name>_judge_N</name>
         <value>0x840eb</value>
         <object_component_ref idref="oc-1e8"/>
      </symbol>
      <symbol id="sm-7fa">
         <name>_c_int00</name>
         <value>0x83e6e</value>
         <object_component_ref idref="oc-87"/>
      </symbol>
      <symbol id="sm-7fb">
         <name>__stack</name>
         <value>0x400</value>
         <object_component_ref idref="oc-19b"/>
      </symbol>
      <symbol id="sm-807">
         <name>LL$$AND</name>
         <value>0x841d5</value>
         <object_component_ref idref="oc-1a1"/>
      </symbol>
      <symbol id="sm-808">
         <name>LL$$OR</name>
         <value>0x841dd</value>
         <object_component_ref idref="oc-1a1"/>
      </symbol>
      <symbol id="sm-809">
         <name>LL$$XOR</name>
         <value>0x841e5</value>
         <object_component_ref idref="oc-1a1"/>
      </symbol>
      <symbol id="sm-817">
         <name>I$$MOD</name>
         <value>0x8416e</value>
         <object_component_ref idref="oc-1a6"/>
      </symbol>
      <symbol id="sm-818">
         <name>I$$DIV</name>
         <value>0x8415d</value>
         <object_component_ref idref="oc-1a6"/>
      </symbol>
      <symbol id="sm-827">
         <name>_copy_in</name>
         <value>0x84139</value>
         <object_component_ref idref="oc-1d1"/>
      </symbol>
      <symbol id="sm-834">
         <name>__system_pre_init</name>
         <value>0x83ffe</value>
         <object_component_ref idref="oc-1d0"/>
      </symbol>
      <symbol id="sm-842">
         <name>__system_post_cinit</name>
         <value>0x84215</value>
         <object_component_ref idref="oc-1d2"/>
      </symbol>
      <symbol id="sm-857">
         <name>C$$EXIT</name>
         <value>0x8409a</value>
         <object_component_ref idref="oc-1d4"/>
      </symbol>
      <symbol id="sm-858">
         <name>_exit</name>
         <value>0x8409c</value>
         <object_component_ref idref="oc-1d4"/>
      </symbol>
      <symbol id="sm-85a">
         <name>___TI_cleanup_ptr</name>
         <value>0xa9b4</value>
         <object_component_ref idref="oc-1bc"/>
      </symbol>
      <symbol id="sm-85b">
         <name>___TI_enable_exit_profile_output</name>
         <value>0xa9b2</value>
         <object_component_ref idref="oc-1bc"/>
      </symbol>
      <symbol id="sm-85c">
         <name>_abort</name>
         <value>0x8409a</value>
         <object_component_ref idref="oc-1d4"/>
      </symbol>
      <symbol id="sm-85e">
         <name>___TI_dtors_ptr</name>
         <value>0xa9b6</value>
         <object_component_ref idref="oc-1bc"/>
      </symbol>
      <symbol id="sm-872">
         <name>__unlock</name>
         <value>0xa9c2</value>
         <object_component_ref idref="oc-1fc"/>
      </symbol>
      <symbol id="sm-873">
         <name>__lock</name>
         <value>0xa9c0</value>
         <object_component_ref idref="oc-1e5"/>
      </symbol>
      <symbol id="sm-874">
         <name>__register_lock</name>
         <value>0x84210</value>
         <object_component_ref idref="oc-1f8"/>
      </symbol>
      <symbol id="sm-876">
         <name>__nop</name>
         <value>0x84214</value>
         <object_component_ref idref="oc-1f8"/>
      </symbol>
      <symbol id="sm-878">
         <name>__register_unlock</name>
         <value>0x8420c</value>
         <object_component_ref idref="oc-1f8"/>
      </symbol>
      <symbol id="sm-888">
         <name>__args_main</name>
         <value>0x83fec</value>
         <object_component_ref idref="oc-1d3"/>
      </symbol>
   </symbol_table>
   <title>Link successful</title>
</link_info>
